Archive member included to satisfy reference by file (symbol)

/usr/share/segger_embedded_studio_for_arm_7.12a/lib/libc_v7em_fpv4_sp_d16_hard_t_le_eabi_balanced.a(fileops.o)
                              Output/Debug/Obj/twi_scanner_pca10100/main.o (puts)
/usr/share/segger_embedded_studio_for_arm_7.12a/lib/libc_v7em_fpv4_sp_d16_hard_t_le_eabi_balanced.a(mbops.o)
                              Output/Debug/Obj/twi_scanner_pca10100/nrf_log_str_formatter.o (isprint)
/usr/share/segger_embedded_studio_for_arm_7.12a/lib/libc_v7em_fpv4_sp_d16_hard_t_le_eabi_balanced.a(sortops.o)
                              /usr/share/segger_embedded_studio_for_arm_7.12a/lib/libc_v7em_fpv4_sp_d16_hard_t_le_eabi_balanced.a(mbops.o) (bsearch)
/usr/share/segger_embedded_studio_for_arm_7.12a/lib/libc_v7em_fpv4_sp_d16_hard_t_le_eabi_balanced.a(strasmops_arm.o)
                              Output/Debug/Obj/twi_scanner_pca10100/nrf_log_frontend.o (strlen)
/usr/share/segger_embedded_studio_for_arm_7.12a/lib/libc_v7em_fpv4_sp_d16_hard_t_le_eabi_balanced.a(strops.o)
                              /usr/share/segger_embedded_studio_for_arm_7.12a/lib/libc_v7em_fpv4_sp_d16_hard_t_le_eabi_balanced.a(mbops.o) (strcat)
/usr/share/segger_embedded_studio_for_arm_7.12a/lib/libc_v7em_fpv4_sp_d16_hard_t_le_eabi_balanced.a(timeops.o)
                              /usr/share/segger_embedded_studio_for_arm_7.12a/lib/libc_v7em_fpv4_sp_d16_hard_t_le_eabi_balanced.a(mbops.o) (__SEGGER_RTL_string_list_encode)
/usr/share/segger_embedded_studio_for_arm_7.12a/lib/libc_v7em_fpv4_sp_d16_hard_t_le_eabi_balanced.a(prinops.o)
                              Output/Debug/Obj/twi_scanner_pca10100/main.o (printf)
/usr/share/segger_embedded_studio_for_arm_7.12a/lib/libc_v7em_fpv4_sp_d16_hard_t_le_eabi_balanced.a(__SEGGER_RTL_vfprintf_long.o)
                              (__SEGGER_RTL_vfprintf_long)
/usr/share/segger_embedded_studio_for_arm_7.12a/lib/libc_v7em_fpv4_sp_d16_hard_t_le_eabi_balanced.a(__SEGGER_RTL_vfscanf_long.o)
                              (__SEGGER_RTL_vfscanf_long)
/usr/share/segger_embedded_studio_for_arm_7.12a/lib/libc_v7em_fpv4_sp_d16_hard_t_le_eabi_balanced.a(errno.o)
                              /usr/share/segger_embedded_studio_for_arm_7.12a/lib/libc_v7em_fpv4_sp_d16_hard_t_le_eabi_balanced.a(fileops.o) (__aeabi_errno_addr)
/usr/share/segger_embedded_studio_for_arm_7.12a/lib/libc_v7em_fpv4_sp_d16_hard_t_le_eabi_balanced.a(execops.o)
                              /usr/share/segger_embedded_studio_for_arm_7.12a/lib/libc_v7em_fpv4_sp_d16_hard_t_le_eabi_balanced.a(strops.o) (__SEGGER_RTL_constraint_violation)
/usr/share/segger_embedded_studio_for_arm_7.12a/lib/libc_v7em_fpv4_sp_d16_hard_t_le_eabi_balanced.a(execops_arm.o)
                              /usr/share/segger_embedded_studio_for_arm_7.12a/lib/libc_v7em_fpv4_sp_d16_hard_t_le_eabi_balanced.a(execops.o) (__aeabi_SIGABRT)
/usr/share/segger_embedded_studio_for_arm_7.12a/lib/libc_v7em_fpv4_sp_d16_hard_t_le_eabi_balanced.a(floatasmops_arm.o)
                              /usr/share/segger_embedded_studio_for_arm_7.12a/lib/libc_v7em_fpv4_sp_d16_hard_t_le_eabi_balanced.a(timeops.o) (__aeabi_i2d)
/usr/share/segger_embedded_studio_for_arm_7.12a/lib/libc_v7em_fpv4_sp_d16_hard_t_le_eabi_balanced.a(intasmops_arm.o)
                              /usr/share/segger_embedded_studio_for_arm_7.12a/lib/libc_v7em_fpv4_sp_d16_hard_t_le_eabi_balanced.a(__SEGGER_RTL_vfprintf_long.o) (__aeabi_uldivmod)
/usr/share/segger_embedded_studio_for_arm_7.12a/lib/libc_v7em_fpv4_sp_d16_hard_t_le_eabi_balanced.a(intops.o)
                              /usr/share/segger_embedded_studio_for_arm_7.12a/lib/libc_v7em_fpv4_sp_d16_hard_t_le_eabi_balanced.a(timeops.o) (div)
/usr/share/segger_embedded_studio_for_arm_7.12a/lib/libc_v7em_fpv4_sp_d16_hard_t_le_eabi_balanced.a(utilops.o)
                              /usr/share/segger_embedded_studio_for_arm_7.12a/lib/libc_v7em_fpv4_sp_d16_hard_t_le_eabi_balanced.a(__SEGGER_RTL_vfscanf_long.o) (__SEGGER_RTL_digit)
/usr/share/segger_embedded_studio_for_arm_7.12a/lib/libc_v7em_fpv4_sp_d16_hard_t_le_eabi_balanced.a(convops.o)
                              /usr/share/segger_embedded_studio_for_arm_7.12a/lib/libc_v7em_fpv4_sp_d16_hard_t_le_eabi_balanced.a(execops.o) (itoa)
/usr/share/segger_embedded_studio_for_arm_7.12a/lib/libc_v7em_fpv4_sp_d16_hard_t_le_eabi_balanced.a(floatops.o)
                              /usr/share/segger_embedded_studio_for_arm_7.12a/lib/libc_v7em_fpv4_sp_d16_hard_t_le_eabi_balanced.a(convops.o) (__SEGGER_RTL_float32_isinf)
/usr/share/segger_embedded_studio_for_arm_7.12a/lib/prinops_rtt_v7em_fpv4_sp_d16_hard_t_le_eabi_balanced.a(prinops_rtt.o)
                              /usr/share/segger_embedded_studio_for_arm_7.12a/lib/libc_v7em_fpv4_sp_d16_hard_t_le_eabi_balanced.a(fileops.o) (__SEGGER_RTL_X_file_stat)
/usr/share/segger_embedded_studio_for_arm_7.12a/lib/heapops_basic_v7em_fpv4_sp_d16_hard_t_le_eabi_balanced.a(heapops_basic.o)
[...]
Memory Configuration

Name             Origin             Length             Attributes
UNPLACED_SECTIONS 0x0000000100000000 0x0000000000000000 xw
RAM1             0x0000000020000000 0x0000000000020000 xw
FLASH1           0x0000000000000000 0x0000000000080000 xw
*default*        0x0000000000000000 0xffffffffffffffff

Linker script and memory map

                0x0000000000005f28                __SEGGER_RTL_vfprintf = __SEGGER_RTL_vfprintf_long
                0x0000000000000000                __SEGGER_RTL_vfscanf = __SEGGER_RTL_vfscanf_long
                0x0000000020000000                __RAM1_segment_start__ = 0x20000000
                0x0000000020020000                __RAM1_segment_end__ = 0x20020000
                0x0000000000020000                __RAM1_segment_size__ = 0x20000
                0x0000000000000000                __FLASH1_segment_start__ = 0x0
                0x0000000000080000                __FLASH1_segment_end__ = 0x80000
                0x0000000000080000                __FLASH1_segment_size__ = 0x80000
                0x0000000000002000                __HEAPSIZE__ = 0x2000
                0x0000000000000000                __STACKSIZE_PROCESS__ = 0x0
                0x0000000000002000                __STACKSIZE__ = 0x2000
                0x0000000020000000                __vectors_ram_load_start__ = 0x20000000

.vectors_ram    0x0000000020000000        0x0
                0x0000000020000000                __vectors_ram_start__ = .
                0x0000000020000000                __app_ram_start__ = __vectors_ram_start__
 *(.vectors_ram .vectors_ram.*)
                0x0000000020000000                __vectors_ram_end__ = (__vectors_ram_start__ + SIZEOF (.vectors_ram))
                0x0000000000000000                __vectors_ram_size__ = SIZEOF (.vectors_ram)
                0x0000000020000000                __vectors_ram_load_end__ = __vectors_ram_end__
                0x0000000000000001                . = ASSERT (((__vectors_ram_start__ == __vectors_ram_end__) || ((__vectors_ram_end__ - __RAM1_segment_start__) <= __RAM1_segment_size__)), error: .vectors_ram is too large to fit in RAM1 memory segment)
                0x0000000020000000                __nrf_sections_run_load_start__ = ALIGN (__vectors_ram_end__, 0x4)

.nrf_sections_run
                0x0000000020000000        0x0
                0x0000000020000000                __nrf_sections_run_start__ = .
                0x0000000020000000                __start_nrf_sections_run = __nrf_sections_run_start__
 *(.nrf_sections_run .nrf_sections_run.*)
                0x0000000020000000                __nrf_sections_run_end__ = (__nrf_sections_run_start__ + SIZEOF (.nrf_sections_run))
                0x0000000000000000                __nrf_sections_run_size__ = SIZEOF (.nrf_sections_run)
                0x0000000020000000                __nrf_sections_run_load_end__ = __nrf_sections_run_end__
                0x0000000000000001                . = ASSERT (((__nrf_sections_run_start__ == __nrf_sections_run_end__) || ((__nrf_sections_run_end__ - __RAM1_segment_start__) <= __RAM1_segment_size__)), error: .nrf_sections_run is too large to fit in RAM1 memory segment)
                0x0000000000000000                __vectors_load_start__ = 0x0

.vectors        0x0000000000000000      0x200
                0x0000000000000000                __vectors_start__ = .
 *(.vectors .vectors.*)
 .vectors       0x0000000000000000      0x200 Output/Debug/Obj/twi_scanner_pca10100/ses_startup_nrf52840.o
                0x0000000000000000                _vectors
                0x0000000000000200                __vectors_end__ = (__vectors_start__ + SIZEOF (.vectors))
                0x0000000000000200                __vectors_size__ = SIZEOF (.vectors)
                0x0000000000000200                __vectors_load_end__ = __vectors_end__
                0x0000000000000001                . = ASSERT (((__vectors_start__ == __vectors_end__) || ((__vectors_end__ - __FLASH1_segment_start__) <= __FLASH1_segment_size__)), error: .vectors is too large to fit in FLASH1 memory segment)
                0x0000000000000200                __init_load_start__ = ALIGN (__vectors_end__, 0x4)

.init           0x0000000000000200      0x1cc
                0x0000000000000200                __init_start__ = .
 *(.init .init.*)
 .init          0x0000000000000200      0x158 Output/Debug/Obj/twi_scanner_pca10100/thumb_crt0.o
                0x0000000000000200                _start
                0x00000000000002ae                exit
 .init          0x0000000000000358       0x18 Output/Debug/Obj/twi_scanner_pca10100/ses_startup_nrf52840.o
                0x0000000000000358                NMI_Handler
                0x000000000000035a                HardFault_Handler
                0x000000000000035c                MemoryManagement_Handler
                0x000000000000035e                BusFault_Handler
                0x0000000000000360                UsageFault_Handler
                0x0000000000000362                SVC_Handler
                0x0000000000000364                DebugMon_Handler
                0x0000000000000366                PendSV_Handler
                0x0000000000000368                SysTick_Handler
                0x000000000000036a                TIMER2_IRQHandler
                0x000000000000036a                RTC0_IRQHandler
                0x000000000000036a                SWI0_EGU0_IRQHandler
                0x000000000000036a                SWI2_EGU2_IRQHandler
                0x000000000000036a                GPIOTE_IRQHandler
                0x000000000000036a                PWM1_IRQHandler
                0x000000000000036a                POWER_CLOCK_IRQHandler
                0x000000000000036a                RADIO_IRQHandler
                0x000000000000036a                PDM_IRQHandler
                0x000000000000036a                TEMP_IRQHandler
                0x000000000000036a                QDEC_IRQHandler
                0x000000000000036a                TIMER3_IRQHandler
                0x000000000000036a                PWM3_IRQHandler
                0x000000000000036a                FPU_IRQHandler
                0x000000000000036a                USBD_IRQHandler
                0x000000000000036a                TIMER4_IRQHandler
                0x000000000000036a                CRYPTOCELL_IRQHandler
                0x000000000000036a                I2S_IRQHandler
                0x000000000000036a                SWI4_EGU4_IRQHandler
                0x000000000000036a                TIMER0_IRQHandler
                0x000000000000036a                UARTE1_IRQHandler
                0x000000000000036a                Dummy_Handler
                0x000000000000036a                TIMER1_IRQHandler
                0x000000000000036a                SPIM3_IRQHandler
                0x000000000000036a                PWM2_IRQHandler
                0x000000000000036a                ECB_IRQHandler
                0x000000000000036a                SAADC_IRQHandler
                0x000000000000036a                CCM_AAR_IRQHandler
                0x000000000000036a                WDT_IRQHandler
                0x000000000000036a                SWI5_EGU5_IRQHandler
                0x000000000000036a                RNG_IRQHandler
                0x000000000000036a                RTC2_IRQHandler
                0x000000000000036a                PWM0_IRQHandler
                0x000000000000036a                SWI3_EGU3_IRQHandler
                0x000000000000036a                RTC1_IRQHandler
                0x000000000000036a                SWI1_EGU1_IRQHandler
                0x000000000000036a                SPIM2_SPIS2_SPI2_IRQHandler
                0x000000000000036a                NFCT_IRQHandler
                0x000000000000036a                MWU_IRQHandler
                0x000000000000036a                QSPI_IRQHandler
                0x000000000000036a                COMP_LPCOMP_IRQHandler
                0x000000000000036c                nRFInitialize
 .init          0x0000000000000370       0x5c Output/Debug/Obj/twi_scanner_pca10100/ses_startup_nrf_common.o
                0x0000000000000370                Reset_Handler
                0x0000000000000374                afterInitialize
                0x0000000000000398                InitializeUserMemorySections
                0x00000000000003cc                __init_end__ = (__init_start__ + SIZEOF (.init))
                0x00000000000001cc                __init_size__ = SIZEOF (.init)
                0x00000000000003cc                __init_load_end__ = __init_end__
                0x0000000000000001                . = ASSERT (((__init_start__ == __init_end__) || ((__init_end__ - __FLASH1_segment_start__) <= __FLASH1_segment_size__)), error: .init is too large to fit in FLASH1 memory segment)
                0x00000000000003cc                __init_rodata_load_start__ = ALIGN (__init_end__, 0x4)

.init_rodata    0x00000000000003cc        0x0
                0x00000000000003cc                __init_rodata_start__ = .
 *(.init_rodata .init_rodata.*)
                0x00000000000003cc                __init_rodata_end__ = (__init_rodata_start__ + SIZEOF (.init_rodata))
                0x0000000000000000                __init_rodata_size__ = SIZEOF (.init_rodata)
                0x00000000000003cc                __init_rodata_load_end__ = __init_rodata_end__
                0x0000000000000001                . = ASSERT (((__init_rodata_start__ == __init_rodata_end__) || ((__init_rodata_end__ - __FLASH1_segment_start__) <= __FLASH1_segment_size__)), error: .init_rodata is too large to fit in FLASH1 memory segment)
                0x00000000000003cc                __text_load_start__ = ALIGN (__init_rodata_end__, 0x4)

.text           0x00000000000003cc     0x6220
                0x00000000000003cc                __text_start__ = .
 *(.text .text.* .gnu.linkonce.t.* .glue_7t .glue_7 .gcc_except_table .ARM.extab* .gnu.linkonce.armextab.*)
 .glue_7        0x00000000000003cc        0x0 linker stubs
 .glue_7t       0x00000000000003cc        0x0 linker stubs
 .text.nrf_log_backend_serial_put
                0x00000000000003cc      0x124 Output/Debug/Obj/twi_scanner_pca10100/nrf_log_backend_serial.o
                0x00000000000003cc                nrf_log_backend_serial_put
 .text.nrf_drv_uart_uninit
                0x00000000000004f0       0x44 Output/Debug/Obj/twi_scanner_pca10100/nrf_log_backend_uart.o
 .text.nrf_drv_uart_tx
                0x0000000000000534       0x64 Output/Debug/Obj/twi_scanner_pca10100/nrf_log_backend_uart.o
 .text.uart_evt_handler
                0x0000000000000598       0x18 Output/Debug/Obj/twi_scanner_pca10100/nrf_log_backend_uart.o
 .text.uart_init
                0x00000000000005b0       0x88 Output/Debug/Obj/twi_scanner_pca10100/nrf_log_backend_uart.o
 .text.serial_tx
                0x0000000000000638       0x6c Output/Debug/Obj/twi_scanner_pca10100/nrf_log_backend_uart.o
 .text.nrf_log_backend_uart_put
                0x00000000000006a4       0x28 Output/Debug/Obj/twi_scanner_pca10100/nrf_log_backend_uart.o
 .text.nrf_log_backend_uart_flush
                0x00000000000006cc        0xa Output/Debug/Obj/twi_scanner_pca10100/nrf_log_backend_uart.o
 *fill*         0x00000000000006d6        0x2 
 .text.nrf_log_backend_uart_panic_set
                0x00000000000006d8       0x20 Output/Debug/Obj/twi_scanner_pca10100/nrf_log_backend_uart.o
 .text.nrf_log_backend_put
                0x00000000000006f8       0x1c Output/Debug/Obj/twi_scanner_pca10100/nrf_log_frontend.o
 .text.nrf_log_backend_panic_set
                0x0000000000000714       0x18 Output/Debug/Obj/twi_scanner_pca10100/nrf_log_frontend.o
 .text.nrf_log_backend_flush
                0x000000000000072c       0x18 Output/Debug/Obj/twi_scanner_pca10100/nrf_log_frontend.o
 .text.nrf_log_backend_enable
                0x0000000000000744       0x12 Output/Debug/Obj/twi_scanner_pca10100/nrf_log_frontend.o
 .text.nrf_log_backend_is_enabled
                0x0000000000000756       0x10 Output/Debug/Obj/twi_scanner_pca10100/nrf_log_frontend.o
 *fill*         0x0000000000000766        0x2 
 .text.nrf_log_module_cnt_get
                0x0000000000000768       0x14 Output/Debug/Obj/twi_scanner_pca10100/nrf_log_frontend.o
                0x0000000000000768                nrf_log_module_cnt_get
 .text.module_idx_get
                0x000000000000077c       0x64 Output/Debug/Obj/twi_scanner_pca10100/nrf_log_frontend.o
 .text.nrf_log_module_name_get
                0x00000000000007e0       0x40 Output/Debug/Obj/twi_scanner_pca10100/nrf_log_frontend.o
                0x00000000000007e0                nrf_log_module_name_get
 .text.nrf_log_color_id_get
                0x0000000000000820       0x70 Output/Debug/Obj/twi_scanner_pca10100/nrf_log_frontend.o
                0x0000000000000820                nrf_log_color_id_get
 .text.invalid_packets_omit
                0x0000000000000890       0x6e Output/Debug/Obj/twi_scanner_pca10100/nrf_log_frontend.o
 *fill*         0x00000000000008fe        0x2 
 .text.log_skip
                0x0000000000000900      0x118 Output/Debug/Obj/twi_scanner_pca10100/nrf_log_frontend.o
 .text.dropped_sat16_get
                0x0000000000000a18       0x28 Output/Debug/Obj/twi_scanner_pca10100/nrf_log_frontend.o
 .text.std_header_set
                0x0000000000000a40       0xb4 Output/Debug/Obj/twi_scanner_pca10100/nrf_log_frontend.o
 .text.log_pending_hook
                0x0000000000000af4        0x4 Output/Debug/Obj/twi_scanner_pca10100/nrf_log_frontend.o
                0x0000000000000af4                log_pending_hook
 .text.buf_prealloc
                0x0000000000000af8      0x128 Output/Debug/Obj/twi_scanner_pca10100/nrf_log_frontend.o
 .text.std_n    0x0000000000000c20       0x94 Output/Debug/Obj/twi_scanner_pca10100/nrf_log_frontend.o
 .text.nrf_log_frontend_std_0
                0x0000000000000cb4       0x1c Output/Debug/Obj/twi_scanner_pca10100/nrf_log_frontend.o
                0x0000000000000cb4                nrf_log_frontend_std_0
 .text.nrf_log_frontend_std_1
                0x0000000000000cd0       0x22 Output/Debug/Obj/twi_scanner_pca10100/nrf_log_frontend.o
                0x0000000000000cd0                nrf_log_frontend_std_1
 .text.nrf_log_frontend_std_2
                0x0000000000000cf2       0x28 Output/Debug/Obj/twi_scanner_pca10100/nrf_log_frontend.o
                0x0000000000000cf2                nrf_log_frontend_std_2
 .text.nrf_log_frontend_std_5
                0x0000000000000d1a       0x34 Output/Debug/Obj/twi_scanner_pca10100/nrf_log_frontend.o
                0x0000000000000d1a                nrf_log_frontend_std_5
 *fill*         0x0000000000000d4e        0x2 
 .text.buffer_is_empty
                0x0000000000000d50       0x1c Output/Debug/Obj/twi_scanner_pca10100/nrf_log_frontend.o
                0x0000000000000d50                buffer_is_empty
 .text.nrf_log_frontend_dequeue
                0x0000000000000d6c      0x3a0 Output/Debug/Obj/twi_scanner_pca10100/nrf_log_frontend.o
                0x0000000000000d6c                nrf_log_frontend_dequeue
 .text.nrf_log_panic
                0x000000000000110c       0x3c Output/Debug/Obj/twi_scanner_pca10100/nrf_log_frontend.o
                0x000000000000110c                nrf_log_panic
 .text.timestamp_print
                0x0000000000001148        0xc Output/Debug/Obj/twi_scanner_pca10100/nrf_log_str_formatter.o
 .text.prefix_process
                0x0000000000001154       0xb0 Output/Debug/Obj/twi_scanner_pca10100/nrf_log_str_formatter.o
 .text.postfix_process
                0x0000000000001204       0x60 Output/Debug/Obj/twi_scanner_pca10100/nrf_log_str_formatter.o
 .text.nrf_log_std_entry_process
                0x0000000000001264      0x144 Output/Debug/Obj/twi_scanner_pca10100/nrf_log_str_formatter.o
                0x0000000000001264                nrf_log_std_entry_process
 .text.nrf_log_hexdump_entry_process
                0x00000000000013a8       0xf0 Output/Debug/Obj/twi_scanner_pca10100/nrf_log_str_formatter.o
                0x00000000000013a8                nrf_log_hexdump_entry_process
 .text.app_error_save_and_stop
                0x0000000000001498       0x98 Output/Debug/Obj/twi_scanner_pca10100/app_error.o
                0x0000000000001498                app_error_save_and_stop
 .text.app_error_handler
                0x0000000000001530       0x1c Output/Debug/Obj/twi_scanner_pca10100/app_error_handler_gcc.o
                0x0000000000001530                app_error_handler
 .text.app_error_fault_handler
                0x000000000000154c      0x104 Output/Debug/Obj/twi_scanner_pca10100/app_error_weak.o
                0x000000000000154c                app_error_fault_handler
 .text.app_util_disable_irq
                0x0000000000001650       0x18 Output/Debug/Obj/twi_scanner_pca10100/app_util_platform.o
                0x0000000000001650                app_util_disable_irq
 .text.app_util_enable_irq
                0x0000000000001668       0x20 Output/Debug/Obj/twi_scanner_pca10100/app_util_platform.o
                0x0000000000001668                app_util_enable_irq
 .text.app_util_critical_region_enter
                0x0000000000001688       0x28 Output/Debug/Obj/twi_scanner_pca10100/app_util_platform.o
                0x0000000000001688                app_util_critical_region_enter
 .text.app_util_critical_region_exit
                0x00000000000016b0       0x2c Output/Debug/Obj/twi_scanner_pca10100/app_util_platform.o
                0x00000000000016b0                app_util_critical_region_exit
 .text.privilege_level_get
                0x00000000000016dc       0x3a Output/Debug/Obj/twi_scanner_pca10100/app_util_platform.o
                0x00000000000016dc                privilege_level_get
 .text.assert_nrf_callback
                0x0000000000001716       0x2c Output/Debug/Obj/twi_scanner_pca10100/nrf_assert.o
                0x0000000000001716                assert_nrf_callback
 .text.nrf_atomic_u32_fetch_store
                0x0000000000001742       0x2e Output/Debug/Obj/twi_scanner_pca10100/nrf_atomic.o
                0x0000000000001742                nrf_atomic_u32_fetch_store
 .text.nrf_atomic_u32_or
                0x0000000000001770       0x30 Output/Debug/Obj/twi_scanner_pca10100/nrf_atomic.o
                0x0000000000001770                nrf_atomic_u32_or
 .text.nrf_atomic_u32_fetch_and
                0x00000000000017a0       0x30 Output/Debug/Obj/twi_scanner_pca10100/nrf_atomic.o
                0x00000000000017a0                nrf_atomic_u32_fetch_and
 .text.nrf_atomic_u32_add
                0x00000000000017d0       0x30 Output/Debug/Obj/twi_scanner_pca10100/nrf_atomic.o
                0x00000000000017d0                nrf_atomic_u32_add
 .text.nrf_atomic_u32_sub
                0x0000000000001800       0x30 Output/Debug/Obj/twi_scanner_pca10100/nrf_atomic.o
                0x0000000000001800                nrf_atomic_u32_sub
 .text.nrf_atomic_flag_set
                0x0000000000001830       0x18 Output/Debug/Obj/twi_scanner_pca10100/nrf_atomic.o
                0x0000000000001830                nrf_atomic_flag_set
 .text.nrf_atomic_flag_clear_fetch
                0x0000000000001848       0x18 Output/Debug/Obj/twi_scanner_pca10100/nrf_atomic.o
                0x0000000000001848                nrf_atomic_flag_clear_fetch
 .text.nrf_balloc_idx2block
                0x0000000000001860       0x38 Output/Debug/Obj/twi_scanner_pca10100/nrf_balloc.o
 .text.nrf_balloc_block2idx
                0x0000000000001898       0x34 Output/Debug/Obj/twi_scanner_pca10100/nrf_balloc.o
 .text.nrf_balloc_alloc
                0x00000000000018cc       0x84 Output/Debug/Obj/twi_scanner_pca10100/nrf_balloc.o
                0x00000000000018cc                nrf_balloc_alloc
 .text.nrf_balloc_free
                0x0000000000001950       0x58 Output/Debug/Obj/twi_scanner_pca10100/nrf_balloc.o
                0x0000000000001950                nrf_balloc_free
 .text.nrf_fprintf_buffer_flush
                0x00000000000019a8       0x44 Output/Debug/Obj/twi_scanner_pca10100/nrf_fprintf.o
                0x00000000000019a8                nrf_fprintf_buffer_flush
 .text.nrf_fprintf
                0x00000000000019ec       0x74 Output/Debug/Obj/twi_scanner_pca10100/nrf_fprintf.o
                0x00000000000019ec                nrf_fprintf
 .text.buffer_add
                0x0000000000001a60       0x4c Output/Debug/Obj/twi_scanner_pca10100/nrf_fprintf_format.o
 .text.string_print
                0x0000000000001aac       0xc2 Output/Debug/Obj/twi_scanner_pca10100/nrf_fprintf_format.o
 *fill*         0x0000000000001b6e        0x2 
 .text.unsigned_print
                0x0000000000001b70      0x130 Output/Debug/Obj/twi_scanner_pca10100/nrf_fprintf_format.o
 .text.int_print
                0x0000000000001ca0      0x11c Output/Debug/Obj/twi_scanner_pca10100/nrf_fprintf_format.o
 .text.nrf_fprintf_fmt
                0x0000000000001dbc      0x388 Output/Debug/Obj/twi_scanner_pca10100/nrf_fprintf_format.o
                0x0000000000001dbc                nrf_fprintf_fmt
 .text.nrf_memobj_alloc
                0x0000000000002144       0xae Output/Debug/Obj/twi_scanner_pca10100/nrf_memobj.o
                0x0000000000002144                nrf_memobj_alloc
 .text.nrf_memobj_free
                0x00000000000021f2       0x74 Output/Debug/Obj/twi_scanner_pca10100/nrf_memobj.o
                0x00000000000021f2                nrf_memobj_free
 .text.nrf_memobj_get
                0x0000000000002266       0x1e Output/Debug/Obj/twi_scanner_pca10100/nrf_memobj.o
                0x0000000000002266                nrf_memobj_get
 .text.nrf_memobj_put
                0x0000000000002284       0x34 Output/Debug/Obj/twi_scanner_pca10100/nrf_memobj.o
                0x0000000000002284                nrf_memobj_put
 .text.memobj_op
                0x00000000000022b8      0x124 Output/Debug/Obj/twi_scanner_pca10100/nrf_memobj.o
 .text.nrf_memobj_write
                0x00000000000023dc       0x3c Output/Debug/Obj/twi_scanner_pca10100/nrf_memobj.o
                0x00000000000023dc                nrf_memobj_write
 .text.nrf_memobj_read
                0x0000000000002418       0x40 Output/Debug/Obj/twi_scanner_pca10100/nrf_memobj.o
                0x0000000000002418                nrf_memobj_read
 .text.nrf_strerror_get
                0x0000000000002458       0x28 Output/Debug/Obj/twi_scanner_pca10100/nrf_strerror.o
                0x0000000000002458                nrf_strerror_get
 .text.nrf_strerror_find
                0x0000000000002480       0x68 Output/Debug/Obj/twi_scanner_pca10100/nrf_strerror.o
                0x0000000000002480                nrf_strerror_find
 .text.nrfx_coredep_delay_us
                0x00000000000024e8       0x30 Output/Debug/Obj/twi_scanner_pca10100/nrf_drv_twi.o
 .text.nrf_gpio_pin_port_decode
                0x0000000000002518       0x4c Output/Debug/Obj/twi_scanner_pca10100/nrf_drv_twi.o
 .text.nrf_gpio_pin_set
                0x0000000000002564       0x28 Output/Debug/Obj/twi_scanner_pca10100/nrf_drv_twi.o
 .text.nrf_gpio_pin_clear
                0x000000000000258c       0x28 Output/Debug/Obj/twi_scanner_pca10100/nrf_drv_twi.o
 .text.nrf_gpio_pin_read
                0x00000000000025b4       0x2a Output/Debug/Obj/twi_scanner_pca10100/nrf_drv_twi.o
 .text.nrf_gpio_port_in_read
                0x00000000000025de       0x10 Output/Debug/Obj/twi_scanner_pca10100/nrf_drv_twi.o
 .text.nrf_gpio_port_out_set
                0x00000000000025ee       0x14 Output/Debug/Obj/twi_scanner_pca10100/nrf_drv_twi.o
 .text.nrf_gpio_port_out_clear
                0x0000000000002602       0x14 Output/Debug/Obj/twi_scanner_pca10100/nrf_drv_twi.o
 .text.nrf_gpio_pin_present_check
                0x0000000000002616       0x50 Output/Debug/Obj/twi_scanner_pca10100/nrf_drv_twi.o
 .text.twi_clear_bus
                0x0000000000002666       0xde Output/Debug/Obj/twi_scanner_pca10100/nrf_drv_twi.o
 .text.twim_evt_handler
                0x0000000000002744       0x6c Output/Debug/Obj/twi_scanner_pca10100/nrf_drv_twi.o
 .text.nrf_drv_twi_init
                0x00000000000027b0       0x68 Output/Debug/Obj/twi_scanner_pca10100/nrf_drv_twi.o
                0x00000000000027b0                nrf_drv_twi_init
 .text.uarte_evt_handler
                0x0000000000002818       0x50 Output/Debug/Obj/twi_scanner_pca10100/nrf_drv_uart.o
 .text.uart_evt_handler
                0x0000000000002868       0x50 Output/Debug/Obj/twi_scanner_pca10100/nrf_drv_uart.o
 .text.nrf_drv_uart_init
                0x00000000000028b8       0xc0 Output/Debug/Obj/twi_scanner_pca10100/nrf_drv_uart.o
                0x00000000000028b8                nrf_drv_uart_init
 .text.UARTE0_UART0_IRQHandler
                0x0000000000002978       0x24 Output/Debug/Obj/twi_scanner_pca10100/nrfx_prs.o
                0x0000000000002978                UARTE0_UART0_IRQHandler
 .text.prs_box_get
                0x000000000000299c       0x20 Output/Debug/Obj/twi_scanner_pca10100/nrfx_prs.o
 .text.nrfx_prs_acquire
                0x00000000000029bc       0x74 Output/Debug/Obj/twi_scanner_pca10100/nrfx_prs.o
                0x00000000000029bc                nrfx_prs_acquire
 .text.nrfx_prs_release
                0x0000000000002a30       0x3c Output/Debug/Obj/twi_scanner_pca10100/nrfx_prs.o
                0x0000000000002a30                nrfx_prs_release
 .text.__NVIC_EnableIRQ
                0x0000000000002a6c       0x34 Output/Debug/Obj/twi_scanner_pca10100/nrfx_twim.o
 .text.__NVIC_ClearPendingIRQ
                0x0000000000002aa0       0x38 Output/Debug/Obj/twi_scanner_pca10100/nrfx_twim.o
 .text.__NVIC_SetPriority
                0x0000000000002ad8       0x50 Output/Debug/Obj/twi_scanner_pca10100/nrfx_twim.o
 .text.nrfx_is_in_ram
                0x0000000000002b28       0x1c Output/Debug/Obj/twi_scanner_pca10100/nrfx_twim.o
 .text.nrfx_get_irq_number
                0x0000000000002b44       0x10 Output/Debug/Obj/twi_scanner_pca10100/nrfx_twim.o
 .text._NRFX_IRQ_PRIORITY_SET
                0x0000000000002b54       0x40 Output/Debug/Obj/twi_scanner_pca10100/nrfx_twim.o
 .text._NRFX_IRQ_ENABLE
                0x0000000000002b94       0x1c Output/Debug/Obj/twi_scanner_pca10100/nrfx_twim.o
 .text._NRFX_IRQ_PENDING_CLEAR
                0x0000000000002bb0       0x1c Output/Debug/Obj/twi_scanner_pca10100/nrfx_twim.o
 .text.nrf_twim_task_trigger
                0x0000000000002bcc       0x1c Output/Debug/Obj/twi_scanner_pca10100/nrfx_twim.o
 .text.nrf_twim_event_clear
                0x0000000000002be8       0x2a Output/Debug/Obj/twi_scanner_pca10100/nrfx_twim.o
 .text.nrf_twim_event_check
                0x0000000000002c12       0x24 Output/Debug/Obj/twi_scanner_pca10100/nrfx_twim.o
 .text.nrf_twim_int_enable
                0x0000000000002c36       0x14 Output/Debug/Obj/twi_scanner_pca10100/nrfx_twim.o
 .text.nrf_twim_int_disable
                0x0000000000002c4a       0x14 Output/Debug/Obj/twi_scanner_pca10100/nrfx_twim.o
 .text.nrf_twim_enable
                0x0000000000002c5e       0x12 Output/Debug/Obj/twi_scanner_pca10100/nrfx_twim.o
 .text.nrf_twim_disable
                0x0000000000002c70       0x12 Output/Debug/Obj/twi_scanner_pca10100/nrfx_twim.o
 .text.nrf_twim_pins_set
                0x0000000000002c82       0x1e Output/Debug/Obj/twi_scanner_pca10100/nrfx_twim.o
 .text.nrf_twim_frequency_set
                0x0000000000002ca0       0x14 Output/Debug/Obj/twi_scanner_pca10100/nrfx_twim.o
 .text.nrf_twim_errorsrc_get_and_clear
                0x0000000000002cb4       0x1c Output/Debug/Obj/twi_scanner_pca10100/nrfx_twim.o
 .text.nrf_twim_address_set
                0x0000000000002cd0       0x1a Output/Debug/Obj/twi_scanner_pca10100/nrfx_twim.o
 .text.nrf_twim_tx_buffer_set
                0x0000000000002cea       0x1e Output/Debug/Obj/twi_scanner_pca10100/nrfx_twim.o
 .text.nrf_twim_rx_buffer_set
                0x0000000000002d08       0x1e Output/Debug/Obj/twi_scanner_pca10100/nrfx_twim.o
 .text.nrf_twim_shorts_set
                0x0000000000002d26       0x14 Output/Debug/Obj/twi_scanner_pca10100/nrfx_twim.o
 .text.nrf_twim_txd_amount_get
                0x0000000000002d3a       0x10 Output/Debug/Obj/twi_scanner_pca10100/nrfx_twim.o
 .text.nrf_twim_shorts_get
                0x0000000000002d4a       0x10 Output/Debug/Obj/twi_scanner_pca10100/nrfx_twim.o
 .text.nrf_twim_rxd_amount_get
                0x0000000000002d5a       0x10 Output/Debug/Obj/twi_scanner_pca10100/nrfx_twim.o
 .text.nrf_twim_tx_list_enable
                0x0000000000002d6a       0x12 Output/Debug/Obj/twi_scanner_pca10100/nrfx_twim.o
 .text.nrf_twim_tx_list_disable
                0x0000000000002d7c       0x12 Output/Debug/Obj/twi_scanner_pca10100/nrfx_twim.o
 .text.nrf_twim_rx_list_enable
                0x0000000000002d8e       0x12 Output/Debug/Obj/twi_scanner_pca10100/nrfx_twim.o
 .text.nrf_twim_rx_list_disable
                0x0000000000002da0       0x12 Output/Debug/Obj/twi_scanner_pca10100/nrfx_twim.o
 *fill*         0x0000000000002db2        0x2 
 .text.nrf_gpio_pin_port_decode
                0x0000000000002db4       0x4c Output/Debug/Obj/twi_scanner_pca10100/nrfx_twim.o
 .text.nrf_gpio_cfg
                0x0000000000002e00       0x62 Output/Debug/Obj/twi_scanner_pca10100/nrfx_twim.o
 .text.nrf_gpio_pin_present_check
                0x0000000000002e62       0x50 Output/Debug/Obj/twi_scanner_pca10100/nrfx_twim.o
 .text.twi_process_error
                0x0000000000002eb2       0x40 Output/Debug/Obj/twi_scanner_pca10100/nrfx_twim.o
 *fill*         0x0000000000002ef2        0x2 
 .text.xfer_completeness_check
                0x0000000000002ef4       0xfc Output/Debug/Obj/twi_scanner_pca10100/nrfx_twim.o
 .text.nrfx_twim_init
                0x0000000000002ff0      0x148 Output/Debug/Obj/twi_scanner_pca10100/nrfx_twim.o
                0x0000000000002ff0                nrfx_twim_init
 .text.nrfx_twim_enable
                0x0000000000003138       0x50 Output/Debug/Obj/twi_scanner_pca10100/nrfx_twim.o
                0x0000000000003138                nrfx_twim_enable
 .text.twim_list_enable_handle
                0x0000000000003188       0x40 Output/Debug/Obj/twi_scanner_pca10100/nrfx_twim.o
 .text.twim_xfer
                0x00000000000031c8      0x440 Output/Debug/Obj/twi_scanner_pca10100/nrfx_twim.o
 .text.nrfx_twim_xfer
                0x0000000000003608       0xb8 Output/Debug/Obj/twi_scanner_pca10100/nrfx_twim.o
                0x0000000000003608                nrfx_twim_xfer
 .text.nrfx_twim_rx
                0x00000000000036c0       0x44 Output/Debug/Obj/twi_scanner_pca10100/nrfx_twim.o
                0x00000000000036c0                nrfx_twim_rx
 .text.twim_irq_handler
                0x0000000000003704      0x2a4 Output/Debug/Obj/twi_scanner_pca10100/nrfx_twim.o
 .text.SPIM0_SPIS0_TWIM0_TWIS0_SPI0_TWI0_IRQHandler
                0x00000000000039a8       0x18 Output/Debug/Obj/twi_scanner_pca10100/nrfx_twim.o
                0x00000000000039a8                SPIM0_SPIS0_TWIM0_TWIS0_SPI0_TWI0_IRQHandler
 .text.SPIM1_SPIS1_TWIM1_TWIS1_SPI1_TWI1_IRQHandler
                0x00000000000039c0       0x14 Output/Debug/Obj/twi_scanner_pca10100/nrfx_twim.o
                0x00000000000039c0                SPIM1_SPIS1_TWIM1_TWIS1_SPI1_TWI1_IRQHandler
 .text.__NVIC_EnableIRQ
                0x00000000000039d4       0x34 Output/Debug/Obj/twi_scanner_pca10100/nrfx_uart.o
 .text.__NVIC_DisableIRQ
                0x0000000000003a08       0x44 Output/Debug/Obj/twi_scanner_pca10100/nrfx_uart.o
 .text.__NVIC_SetPriority
                0x0000000000003a4c       0x50 Output/Debug/Obj/twi_scanner_pca10100/nrfx_uart.o
 .text.nrfx_get_irq_number
                0x0000000000003a9c       0x10 Output/Debug/Obj/twi_scanner_pca10100/nrfx_uart.o
 .text._NRFX_IRQ_PRIORITY_SET
                0x0000000000003aac       0x40 Output/Debug/Obj/twi_scanner_pca10100/nrfx_uart.o
 .text._NRFX_IRQ_ENABLE
                0x0000000000003aec       0x1c Output/Debug/Obj/twi_scanner_pca10100/nrfx_uart.o
 .text._NRFX_IRQ_DISABLE
                0x0000000000003b08       0x1c Output/Debug/Obj/twi_scanner_pca10100/nrfx_uart.o
 .text.nrf_uart_event_clear
                0x0000000000003b24       0x2a Output/Debug/Obj/twi_scanner_pca10100/nrfx_uart.o
 .text.nrf_uart_event_check
                0x0000000000003b4e       0x24 Output/Debug/Obj/twi_scanner_pca10100/nrfx_uart.o
 .text.nrf_uart_int_enable
                0x0000000000003b72       0x14 Output/Debug/Obj/twi_scanner_pca10100/nrfx_uart.o
 .text.nrf_uart_int_enable_check
                0x0000000000003b86       0x20 Output/Debug/Obj/twi_scanner_pca10100/nrfx_uart.o
 .text.nrf_uart_int_disable
                0x0000000000003ba6       0x14 Output/Debug/Obj/twi_scanner_pca10100/nrfx_uart.o
 .text.nrf_uart_errorsrc_get_and_clear
                0x0000000000003bba       0x1c Output/Debug/Obj/twi_scanner_pca10100/nrfx_uart.o
 .text.nrf_uart_enable
                0x0000000000003bd6       0x12 Output/Debug/Obj/twi_scanner_pca10100/nrfx_uart.o
 .text.nrf_uart_disable
                0x0000000000003be8       0x12 Output/Debug/Obj/twi_scanner_pca10100/nrfx_uart.o
 .text.nrf_uart_txrx_pins_set
                0x0000000000003bfa       0x1e Output/Debug/Obj/twi_scanner_pca10100/nrfx_uart.o
 .text.nrf_uart_txrx_pins_disconnect
                0x0000000000003c18       0x1c Output/Debug/Obj/twi_scanner_pca10100/nrfx_uart.o
 .text.nrf_uart_tx_pin_get
                0x0000000000003c34       0x10 Output/Debug/Obj/twi_scanner_pca10100/nrfx_uart.o
 .text.nrf_uart_rx_pin_get
                0x0000000000003c44       0x10 Output/Debug/Obj/twi_scanner_pca10100/nrfx_uart.o
 .text.nrf_uart_rts_pin_get
                0x0000000000003c54       0x10 Output/Debug/Obj/twi_scanner_pca10100/nrfx_uart.o
 .text.nrf_uart_cts_pin_get
                0x0000000000003c64       0x10 Output/Debug/Obj/twi_scanner_pca10100/nrfx_uart.o
 .text.nrf_uart_hwfc_pins_set
                0x0000000000003c74       0x1e Output/Debug/Obj/twi_scanner_pca10100/nrfx_uart.o
 .text.nrf_uart_hwfc_pins_disconnect
                0x0000000000003c92       0x1c Output/Debug/Obj/twi_scanner_pca10100/nrfx_uart.o
 .text.nrf_uart_rxd_get
                0x0000000000003cae       0x12 Output/Debug/Obj/twi_scanner_pca10100/nrfx_uart.o
 .text.nrf_uart_txd_set
                0x0000000000003cc0       0x1a Output/Debug/Obj/twi_scanner_pca10100/nrfx_uart.o
 .text.nrf_uart_task_trigger
                0x0000000000003cda       0x1c Output/Debug/Obj/twi_scanner_pca10100/nrfx_uart.o
 .text.nrf_uart_configure
                0x0000000000003cf6       0x2a Output/Debug/Obj/twi_scanner_pca10100/nrfx_uart.o
 .text.nrf_uart_baudrate_set
                0x0000000000003d20       0x14 Output/Debug/Obj/twi_scanner_pca10100/nrfx_uart.o
 .text.nrf_gpio_pin_port_decode
                0x0000000000003d34       0x4c Output/Debug/Obj/twi_scanner_pca10100/nrfx_uart.o
 .text.nrf_gpio_cfg
                0x0000000000003d80       0x62 Output/Debug/Obj/twi_scanner_pca10100/nrfx_uart.o
 .text.nrf_gpio_cfg_output
                0x0000000000003de2       0x22 Output/Debug/Obj/twi_scanner_pca10100/nrfx_uart.o
 .text.nrf_gpio_cfg_input
                0x0000000000003e04       0x2a Output/Debug/Obj/twi_scanner_pca10100/nrfx_uart.o
 .text.nrf_gpio_cfg_default
                0x0000000000003e2e       0x22 Output/Debug/Obj/twi_scanner_pca10100/nrfx_uart.o
 .text.nrf_gpio_pin_set
                0x0000000000003e50       0x28 Output/Debug/Obj/twi_scanner_pca10100/nrfx_uart.o
 .text.nrf_gpio_port_out_set
                0x0000000000003e78       0x14 Output/Debug/Obj/twi_scanner_pca10100/nrfx_uart.o
 .text.nrf_gpio_pin_present_check
                0x0000000000003e8c       0x50 Output/Debug/Obj/twi_scanner_pca10100/nrfx_uart.o
 .text.apply_config
                0x0000000000003edc       0xc6 Output/Debug/Obj/twi_scanner_pca10100/nrfx_uart.o
 *fill*         0x0000000000003fa2        0x2 
 .text.interrupts_enable
                0x0000000000003fa4       0x6c Output/Debug/Obj/twi_scanner_pca10100/nrfx_uart.o
 .text.interrupts_disable
                0x0000000000004010       0x30 Output/Debug/Obj/twi_scanner_pca10100/nrfx_uart.o
 .text.pins_to_default
                0x0000000000004040       0x8a Output/Debug/Obj/twi_scanner_pca10100/nrfx_uart.o
 *fill*         0x00000000000040ca        0x2 
 .text.nrfx_uart_init
                0x00000000000040cc       0xd4 Output/Debug/Obj/twi_scanner_pca10100/nrfx_uart.o
                0x00000000000040cc                nrfx_uart_init
 .text.nrfx_uart_uninit
                0x00000000000041a0       0x5c Output/Debug/Obj/twi_scanner_pca10100/nrfx_uart.o
                0x00000000000041a0                nrfx_uart_uninit
 .text.tx_byte  0x00000000000041fc       0x40 Output/Debug/Obj/twi_scanner_pca10100/nrfx_uart.o
 .text.tx_blocking
                0x000000000000423c       0x52 Output/Debug/Obj/twi_scanner_pca10100/nrfx_uart.o
 *fill*         0x000000000000428e        0x2 
 .text.nrfx_uart_tx
                0x0000000000004290      0x110 Output/Debug/Obj/twi_scanner_pca10100/nrfx_uart.o
                0x0000000000004290                nrfx_uart_tx
 .text.nrfx_uart_tx_in_progress
                0x00000000000043a0       0x2c Output/Debug/Obj/twi_scanner_pca10100/nrfx_uart.o
                0x00000000000043a0                nrfx_uart_tx_in_progress
 .text.rx_byte  0x00000000000043cc       0x4e Output/Debug/Obj/twi_scanner_pca10100/nrfx_uart.o
 .text.rx_done_event
                0x000000000000441a       0x2e Output/Debug/Obj/twi_scanner_pca10100/nrfx_uart.o
 .text.tx_done_event
                0x0000000000004448       0x34 Output/Debug/Obj/twi_scanner_pca10100/nrfx_uart.o
 .text.uart_irq_handler
                0x000000000000447c      0x1de Output/Debug/Obj/twi_scanner_pca10100/nrfx_uart.o
 *fill*         0x000000000000465a        0x2 
 .text.nrfx_uart_0_irq_handler
                0x000000000000465c       0x18 Output/Debug/Obj/twi_scanner_pca10100/nrfx_uart.o
                0x000000000000465c                nrfx_uart_0_irq_handler
 .text.__NVIC_EnableIRQ
                0x0000000000004674       0x34 Output/Debug/Obj/twi_scanner_pca10100/nrfx_uarte.o
 .text.__NVIC_DisableIRQ
                0x00000000000046a8       0x44 Output/Debug/Obj/twi_scanner_pca10100/nrfx_uarte.o
 .text.__NVIC_SetPriority
                0x00000000000046ec       0x50 Output/Debug/Obj/twi_scanner_pca10100/nrfx_uarte.o
 .text.nrfx_is_in_ram
                0x000000000000473c       0x1c Output/Debug/Obj/twi_scanner_pca10100/nrfx_uarte.o
 .text.nrfx_get_irq_number
                0x0000000000004758       0x10 Output/Debug/Obj/twi_scanner_pca10100/nrfx_uarte.o
 .text._NRFX_IRQ_PRIORITY_SET
                0x0000000000004768       0x40 Output/Debug/Obj/twi_scanner_pca10100/nrfx_uarte.o
 .text._NRFX_IRQ_ENABLE
                0x00000000000047a8       0x1c Output/Debug/Obj/twi_scanner_pca10100/nrfx_uarte.o
 .text._NRFX_IRQ_DISABLE
                0x00000000000047c4       0x1c Output/Debug/Obj/twi_scanner_pca10100/nrfx_uarte.o
 .text.nrf_uarte_event_clear
                0x00000000000047e0       0x2a Output/Debug/Obj/twi_scanner_pca10100/nrfx_uarte.o
 .text.nrf_uarte_event_check
                0x000000000000480a       0x24 Output/Debug/Obj/twi_scanner_pca10100/nrfx_uarte.o
 .text.nrf_uarte_shorts_disable
                0x000000000000482e       0x1e Output/Debug/Obj/twi_scanner_pca10100/nrfx_uarte.o
 .text.nrf_uarte_int_enable
                0x000000000000484c       0x14 Output/Debug/Obj/twi_scanner_pca10100/nrfx_uarte.o
 .text.nrf_uarte_int_disable
                0x0000000000004860       0x14 Output/Debug/Obj/twi_scanner_pca10100/nrfx_uarte.o
 .text.nrf_uarte_errorsrc_get_and_clear
                0x0000000000004874       0x1c Output/Debug/Obj/twi_scanner_pca10100/nrfx_uarte.o
 .text.nrf_uarte_enable
                0x0000000000004890       0x12 Output/Debug/Obj/twi_scanner_pca10100/nrfx_uarte.o
 .text.nrf_uarte_disable
                0x00000000000048a2       0x12 Output/Debug/Obj/twi_scanner_pca10100/nrfx_uarte.o
 .text.nrf_uarte_txrx_pins_set
                0x00000000000048b4       0x1e Output/Debug/Obj/twi_scanner_pca10100/nrfx_uarte.o
 .text.nrf_uarte_txrx_pins_disconnect
                0x00000000000048d2       0x1c Output/Debug/Obj/twi_scanner_pca10100/nrfx_uarte.o
 .text.nrf_uarte_tx_pin_get
                0x00000000000048ee       0x10 Output/Debug/Obj/twi_scanner_pca10100/nrfx_uarte.o
 .text.nrf_uarte_rx_pin_get
                0x00000000000048fe       0x10 Output/Debug/Obj/twi_scanner_pca10100/nrfx_uarte.o
 .text.nrf_uarte_rts_pin_get
                0x000000000000490e       0x10 Output/Debug/Obj/twi_scanner_pca10100/nrfx_uarte.o
 .text.nrf_uarte_cts_pin_get
                0x000000000000491e       0x10 Output/Debug/Obj/twi_scanner_pca10100/nrfx_uarte.o
 .text.nrf_uarte_hwfc_pins_set
                0x000000000000492e       0x1e Output/Debug/Obj/twi_scanner_pca10100/nrfx_uarte.o
 .text.nrf_uarte_hwfc_pins_disconnect
                0x000000000000494c       0x1c Output/Debug/Obj/twi_scanner_pca10100/nrfx_uarte.o
 .text.nrf_uarte_task_trigger
                0x0000000000004968       0x1c Output/Debug/Obj/twi_scanner_pca10100/nrfx_uarte.o
 .text.nrf_uarte_configure
                0x0000000000004984       0x2a Output/Debug/Obj/twi_scanner_pca10100/nrfx_uarte.o
 .text.nrf_uarte_baudrate_set
                0x00000000000049ae       0x14 Output/Debug/Obj/twi_scanner_pca10100/nrfx_uarte.o
 .text.nrf_uarte_tx_buffer_set
                0x00000000000049c2       0x1e Output/Debug/Obj/twi_scanner_pca10100/nrfx_uarte.o
 .text.nrf_uarte_tx_amount_get
                0x00000000000049e0       0x10 Output/Debug/Obj/twi_scanner_pca10100/nrfx_uarte.o
 .text.nrf_uarte_rx_amount_get
                0x00000000000049f0       0x10 Output/Debug/Obj/twi_scanner_pca10100/nrfx_uarte.o
 .text.nrf_gpio_pin_port_decode
                0x0000000000004a00       0x4c Output/Debug/Obj/twi_scanner_pca10100/nrfx_uarte.o
 .text.nrf_gpio_cfg
                0x0000000000004a4c       0x62 Output/Debug/Obj/twi_scanner_pca10100/nrfx_uarte.o
 .text.nrf_gpio_cfg_output
                0x0000000000004aae       0x22 Output/Debug/Obj/twi_scanner_pca10100/nrfx_uarte.o
 .text.nrf_gpio_cfg_input
                0x0000000000004ad0       0x2a Output/Debug/Obj/twi_scanner_pca10100/nrfx_uarte.o
 .text.nrf_gpio_cfg_default
                0x0000000000004afa       0x22 Output/Debug/Obj/twi_scanner_pca10100/nrfx_uarte.o
 .text.nrf_gpio_pin_set
                0x0000000000004b1c       0x28 Output/Debug/Obj/twi_scanner_pca10100/nrfx_uarte.o
 .text.nrf_gpio_port_out_set
                0x0000000000004b44       0x14 Output/Debug/Obj/twi_scanner_pca10100/nrfx_uarte.o
 .text.nrf_gpio_pin_present_check
                0x0000000000004b58       0x50 Output/Debug/Obj/twi_scanner_pca10100/nrfx_uarte.o
 .text.apply_config
                0x0000000000004ba8       0xc6 Output/Debug/Obj/twi_scanner_pca10100/nrfx_uarte.o
 *fill*         0x0000000000004c6e        0x2 
 .text.interrupts_enable
                0x0000000000004c70       0x98 Output/Debug/Obj/twi_scanner_pca10100/nrfx_uarte.o
 .text.interrupts_disable
                0x0000000000004d08       0x30 Output/Debug/Obj/twi_scanner_pca10100/nrfx_uarte.o
 .text.pins_to_default
                0x0000000000004d38       0x8a Output/Debug/Obj/twi_scanner_pca10100/nrfx_uarte.o
 *fill*         0x0000000000004dc2        0x2 
 .text.nrfx_uarte_init
                0x0000000000004dc4       0xcc Output/Debug/Obj/twi_scanner_pca10100/nrfx_uarte.o
                0x0000000000004dc4                nrfx_uarte_init
 .text.nrfx_uarte_uninit
                0x0000000000004e90       0xc4 Output/Debug/Obj/twi_scanner_pca10100/nrfx_uarte.o
                0x0000000000004e90                nrfx_uarte_uninit
 .text.nrfx_uarte_tx
                0x0000000000004f54      0x180 Output/Debug/Obj/twi_scanner_pca10100/nrfx_uarte.o
                0x0000000000004f54                nrfx_uarte_tx
 .text.nrfx_uarte_tx_in_progress
                0x00000000000050d4       0x30 Output/Debug/Obj/twi_scanner_pca10100/nrfx_uarte.o
                0x00000000000050d4                nrfx_uarte_tx_in_progress
 .text.rx_done_event
                0x0000000000005104       0x2e Output/Debug/Obj/twi_scanner_pca10100/nrfx_uarte.o
 .text.tx_done_event
                0x0000000000005132       0x34 Output/Debug/Obj/twi_scanner_pca10100/nrfx_uarte.o
 .text.uarte_irq_handler
                0x0000000000005166      0x18c Output/Debug/Obj/twi_scanner_pca10100/nrfx_uarte.o
 *fill*         0x00000000000052f2        0x2 
 .text.nrfx_uarte_0_irq_handler
                0x00000000000052f4       0x18 Output/Debug/Obj/twi_scanner_pca10100/nrfx_uarte.o
                0x00000000000052f4                nrfx_uarte_0_irq_handler
 .text.nrf_drv_twi_enable
                0x000000000000530c       0x18 Output/Debug/Obj/twi_scanner_pca10100/main.o
 .text.nrf_drv_twi_rx
                0x0000000000005324       0x38 Output/Debug/Obj/twi_scanner_pca10100/main.o
 .text.twi_init
                0x000000000000535c       0x5c Output/Debug/Obj/twi_scanner_pca10100/main.o
                0x000000000000535c                twi_init
 .text.main     0x00000000000053b8       0x80 Output/Debug/Obj/twi_scanner_pca10100/main.o
                0x00000000000053b8                main
 .text._DoInit  0x0000000000005438       0x9c Output/Debug/Obj/twi_scanner_pca10100/SEGGER_RTT.o
 .text._WriteBlocking
                0x00000000000054d4       0xb2 Output/Debug/Obj/twi_scanner_pca10100/SEGGER_RTT.o
 .text._WriteNoCheck
                0x0000000000005586       0x7e Output/Debug/Obj/twi_scanner_pca10100/SEGGER_RTT.o
 .text._GetAvailWriteSpace
                0x0000000000005604       0x3c Output/Debug/Obj/twi_scanner_pca10100/SEGGER_RTT.o
 .text.SEGGER_RTT_WriteNoLock
                0x0000000000005640       0xa0 Output/Debug/Obj/twi_scanner_pca10100/SEGGER_RTT.o
                0x0000000000005640                SEGGER_RTT_WriteNoLock
 .text.SEGGER_RTT_Write
                0x00000000000056e0       0x3c Output/Debug/Obj/twi_scanner_pca10100/SEGGER_RTT.o
                0x00000000000056e0                SEGGER_RTT_Write
 .text.__NVIC_SystemReset
                0x000000000000571c       0x28 Output/Debug/Obj/twi_scanner_pca10100/system_nrf52840.o
 .text.nrf52_errata_36
                0x0000000000005744       0x50 Output/Debug/Obj/twi_scanner_pca10100/system_nrf52840.o
 .text.nrf52_errata_66
                0x0000000000005794       0x50 Output/Debug/Obj/twi_scanner_pca10100/system_nrf52840.o
 .text.nrf52_errata_136
                0x00000000000057e4       0x50 Output/Debug/Obj/twi_scanner_pca10100/system_nrf52840.o
 .text.nrf52_errata_249
                0x0000000000005834       0x50 Output/Debug/Obj/twi_scanner_pca10100/system_nrf52840.o
 .text.nrf52_handle_approtect
                0x0000000000005884       0x20 Output/Debug/Obj/twi_scanner_pca10100/system_nrf52840.o
 .text.nvmc_wait
                0x00000000000058a4       0x18 Output/Debug/Obj/twi_scanner_pca10100/system_nrf52840.o
                0x00000000000058a4                nvmc_wait
 .text.nvmc_config
                0x00000000000058bc       0x20 Output/Debug/Obj/twi_scanner_pca10100/system_nrf52840.o
                0x00000000000058bc                nvmc_config
 .text.SystemCoreClockUpdate
                0x00000000000058dc       0x14 Output/Debug/Obj/twi_scanner_pca10100/system_nrf52840.o
                0x00000000000058dc                SystemCoreClockUpdate
 .text.SystemInit
                0x00000000000058f0      0x1bc Output/Debug/Obj/twi_scanner_pca10100/system_nrf52840.o
                0x00000000000058f0                SystemInit
 .text.libc.putchar
                0x0000000000005aac        0xe /usr/share/segger_embedded_studio_for_arm_7.12a/lib/libc_v7em_fpv4_sp_d16_hard_t_le_eabi_balanced.a(fileops.o)
                0x0000000000005aac                putchar
 .text.libc.fputc
                0x0000000000005aba       0x22 /usr/share/segger_embedded_studio_for_arm_7.12a/lib/libc_v7em_fpv4_sp_d16_hard_t_le_eabi_balanced.a(fileops.o)
                0x0000000000005aba                fputc
 .text.libc.puts
                0x0000000000005adc       0x30 /usr/share/segger_embedded_studio_for_arm_7.12a/lib/libc_v7em_fpv4_sp_d16_hard_t_le_eabi_balanced.a(fileops.o)
                0x0000000000005adc                puts
 .text.libc.fwrite
                0x0000000000005b0c       0x2e /usr/share/segger_embedded_studio_for_arm_7.12a/lib/libc_v7em_fpv4_sp_d16_hard_t_le_eabi_balanced.a(fileops.o)
                0x0000000000005b0c                fwrite
 .text.libc.__SEGGER_RTL_current_locale
                0x0000000000005b3a       0x1a /usr/share/segger_embedded_studio_for_arm_7.12a/lib/libc_v7em_fpv4_sp_d16_hard_t_le_eabi_balanced.a(mbops.o)
                0x0000000000005b3a                __SEGGER_RTL_current_locale
 .text.libc.__SEGGER_RTL_ascii_mbtowc
                0x0000000000005b54       0x30 /usr/share/segger_embedded_studio_for_arm_7.12a/lib/libc_v7em_fpv4_sp_d16_hard_t_le_eabi_balanced.a(mbops.o)
                0x0000000000005b54                __SEGGER_RTL_ascii_mbtowc
 .text.libc.__SEGGER_RTL_ascii_wctomb
                0x0000000000005b84        0xe /usr/share/segger_embedded_studio_for_arm_7.12a/lib/libc_v7em_fpv4_sp_d16_hard_t_le_eabi_balanced.a(mbops.o)
                0x0000000000005b84                __SEGGER_RTL_ascii_wctomb
 .text.libc.__SEGGER_RTL_isctype
                0x0000000000005b92       0x20 /usr/share/segger_embedded_studio_for_arm_7.12a/lib/libc_v7em_fpv4_sp_d16_hard_t_le_eabi_balanced.a(mbops.o)
 .text.libc.isprint
                0x0000000000005bb2        0x6 /usr/share/segger_embedded_studio_for_arm_7.12a/lib/libc_v7em_fpv4_sp_d16_hard_t_le_eabi_balanced.a(mbops.o)
                0x0000000000005bb2                isprint
 .text.libc.__SEGGER_RTL_ascii_isctype
                0x0000000000005bb8       0x20 /usr/share/segger_embedded_studio_for_arm_7.12a/lib/libc_v7em_fpv4_sp_d16_hard_t_le_eabi_balanced.a(mbops.o)
 .text.libc.__SEGGER_RTL_ascii_toupper
                0x0000000000005bd8        0xc /usr/share/segger_embedded_studio_for_arm_7.12a/lib/libc_v7em_fpv4_sp_d16_hard_t_le_eabi_balanced.a(mbops.o)
 .text.libc.__SEGGER_RTL_ascii_tolower
                0x0000000000005be4        0xc /usr/share/segger_embedded_studio_for_arm_7.12a/lib/libc_v7em_fpv4_sp_d16_hard_t_le_eabi_balanced.a(mbops.o)
 .text.libc.__SEGGER_RTL_ascii_iswctype
                0x0000000000005bf0       0x20 /usr/share/segger_embedded_studio_for_arm_7.12a/lib/libc_v7em_fpv4_sp_d16_hard_t_le_eabi_balanced.a(mbops.o)
 .text.libc.__SEGGER_RTL_ascii_towupper
                0x0000000000005c10        0xc /usr/share/segger_embedded_studio_for_arm_7.12a/lib/libc_v7em_fpv4_sp_d16_hard_t_le_eabi_balanced.a(mbops.o)
 .text.libc.__SEGGER_RTL_ascii_towlower
                0x0000000000005c1c        0xc /usr/share/segger_embedded_studio_for_arm_7.12a/lib/libc_v7em_fpv4_sp_d16_hard_t_le_eabi_balanced.a(mbops.o)
 .text.libc.strlen
                0x0000000000005c28       0x60 /usr/share/segger_embedded_studio_for_arm_7.12a/lib/libc_v7em_fpv4_sp_d16_hard_t_le_eabi_balanced.a(strasmops_arm.o)
                0x0000000000005c28                strlen
 .text.libc.memcpy
                0x0000000000005c88       0x5c /usr/share/segger_embedded_studio_for_arm_7.12a/lib/libc_v7em_fpv4_sp_d16_hard_t_le_eabi_balanced.a(strasmops_arm.o)
                0x0000000000005c88                memcpy
                0x0000000000005c88                __aeabi_memcpy
                0x0000000000005ca6                __aeabi_memcpy4
                0x0000000000005ca6                __aeabi_memcpy8
 .text.libc.__aeabi_memclr
                0x0000000000005ce4       0x68 /usr/share/segger_embedded_studio_for_arm_7.12a/lib/libc_v7em_fpv4_sp_d16_hard_t_le_eabi_balanced.a(strasmops_arm.o)
                0x0000000000005ce4                __aeabi_memclr8
                0x0000000000005ce4                __aeabi_memclr
                0x0000000000005ce4                __aeabi_memclr4
                0x0000000000005ce6                __aeabi_memset
                0x0000000000005ce6                __aeabi_memset8
                0x0000000000005ce6                __aeabi_memset4
                0x0000000000005cec                memset
 .text.libc.strnlen
                0x0000000000005d4c       0x4c /usr/share/segger_embedded_studio_for_arm_7.12a/lib/libc_v7em_fpv4_sp_d16_hard_t_le_eabi_balanced.a(strops.o)
                0x0000000000005d4c                strnlen
 .text.libc.__SEGGER_RTL_putc
                0x0000000000005d98       0x84 /usr/share/segger_embedded_studio_for_arm_7.12a/lib/libc_v7em_fpv4_sp_d16_hard_t_le_eabi_balanced.a(prinops.o)
                0x0000000000005d98                __SEGGER_RTL_putc
 .text.libc.__SEGGER_RTL_prin_flush
                0x0000000000005e1c       0x1c /usr/share/segger_embedded_studio_for_arm_7.12a/lib/libc_v7em_fpv4_sp_d16_hard_t_le_eabi_balanced.a(prinops.o)
                0x0000000000005e1c                __SEGGER_RTL_prin_flush
 .text.libc.__SEGGER_RTL_print_padding
                0x0000000000005e38       0x1e /usr/share/segger_embedded_studio_for_arm_7.12a/lib/libc_v7em_fpv4_sp_d16_hard_t_le_eabi_balanced.a(prinops.o)
                0x0000000000005e38                __SEGGER_RTL_print_padding
 .text.libc.__SEGGER_RTL_pre_padding
                0x0000000000005e56       0x12 /usr/share/segger_embedded_studio_for_arm_7.12a/lib/libc_v7em_fpv4_sp_d16_hard_t_le_eabi_balanced.a(prinops.o)
                0x0000000000005e56                __SEGGER_RTL_pre_padding
 .text.libc.vfprintf
                0x0000000000005e68       0x1c /usr/share/segger_embedded_studio_for_arm_7.12a/lib/libc_v7em_fpv4_sp_d16_hard_t_le_eabi_balanced.a(prinops.o)
                0x0000000000005e68                vfprintf
 .text.libc.vfprintf_l
                0x0000000000005e84       0x6c /usr/share/segger_embedded_studio_for_arm_7.12a/lib/libc_v7em_fpv4_sp_d16_hard_t_le_eabi_balanced.a(prinops.o)
                0x0000000000005e84                vfprintf_l
 .text.libc.__SEGGER_RTL_stream_write
                0x0000000000005ef0        0xa /usr/share/segger_embedded_studio_for_arm_7.12a/lib/libc_v7em_fpv4_sp_d16_hard_t_le_eabi_balanced.a(prinops.o)
 .text.libc.printf
                0x0000000000005efa       0x2c /usr/share/segger_embedded_studio_for_arm_7.12a/lib/libc_v7em_fpv4_sp_d16_hard_t_le_eabi_balanced.a(prinops.o)
                0x0000000000005efa                printf
 *fill*         0x0000000000005f26        0x2 
 .text.libc.__SEGGER_RTL_vfprintf_long
                0x0000000000005f28      0x542 /usr/share/segger_embedded_studio_for_arm_7.12a/lib/libc_v7em_fpv4_sp_d16_hard_t_le_eabi_balanced.a(__SEGGER_RTL_vfprintf_long.o)
                0x0000000000005f28                __SEGGER_RTL_vfprintf_long
 *fill*         0x000000000000646a        0x2 
 .text.libc.__aeabi_uldivmod
                0x000000000000646c      0x130 /usr/share/segger_embedded_studio_for_arm_7.12a/lib/libc_v7em_fpv4_sp_d16_hard_t_le_eabi_balanced.a(intasmops_arm.o)
                0x000000000000646c                __aeabi_uldivmod
 .text.libc.__SEGGER_RTL_X_file_stat
                0x000000000000659c       0x30 /usr/share/segger_embedded_studio_for_arm_7.12a/lib/prinops_rtt_v7em_fpv4_sp_d16_hard_t_le_eabi_balanced.a(prinops_rtt.o)
                0x000000000000659c                __SEGGER_RTL_X_file_stat
 .text.libc.__SEGGER_RTL_X_file_bufsize
                0x00000000000065cc        0x4 /usr/share/segger_embedded_studio_for_arm_7.12a/lib/prinops_rtt_v7em_fpv4_sp_d16_hard_t_le_eabi_balanced.a(prinops_rtt.o)
                0x00000000000065cc                __SEGGER_RTL_X_file_bufsize
 .text.libc.__SEGGER_RTL_X_file_write
                0x00000000000065d0        0x8 /usr/share/segger_embedded_studio_for_arm_7.12a/lib/prinops_rtt_v7em_fpv4_sp_d16_hard_t_le_eabi_balanced.a(prinops_rtt.o)
                0x00000000000065d0                __SEGGER_RTL_X_file_write
 .text.libc.__SEGGER_RTL_init_heap
                0x00000000000065d8       0x14 /usr/share/segger_embedded_studio_for_arm_7.12a/lib/heapops_basic_v7em_fpv4_sp_d16_hard_t_le_eabi_balanced.a(heapops_basic.o)
                0x00000000000065d8                __SEGGER_RTL_init_heap
                0x00000000000065ec                __text_end__ = (__text_start__ + SIZEOF (.text))
                0x0000000000006220                __text_size__ = SIZEOF (.text)
                0x00000000000065ec                __text_load_end__ = __text_end__

.vfp11_veneer   0x0000000100000000        0x0
 .vfp11_veneer  0x0000000100000000        0x0 linker stubs

.v4_bx          0x0000000100000000        0x0
 .v4_bx         0x0000000100000000        0x0 linker stubs

.iplt           0x0000000100000000        0x0
 .iplt          0x0000000100000000        0x0 Output/Debug/Obj/twi_scanner_pca10100/thumb_crt0.o
                0x0000000000000001                . = ASSERT (((__text_start__ == __text_end__) || ((__text_end__ - __FLASH1_segment_start__) <= __FLASH1_segment_size__)), error: .text is too large to fit in FLASH1 memory segment)
                0x00000000000065ec                __log_const_data_load_start__ = ALIGN (__text_end__, 0x4)

.log_const_data
                0x00000000000065ec       0x28
                0x00000000000065ec                __log_const_data_start__ = .
                0x00000000000065ec                __start_log_const_data = __log_const_data_start__
 *(SORT_BY_NAME(.log_const_data*))
 .log_const_data_PRS
                0x00000000000065ec        0x8 Output/Debug/Obj/twi_scanner_pca10100/nrfx_prs.o
                0x00000000000065ec                m_nrf_log_PRS_logs_data_const
 .log_const_data_TWIM
                0x00000000000065f4        0x8 Output/Debug/Obj/twi_scanner_pca10100/nrfx_twim.o
                0x00000000000065f4                m_nrf_log_TWIM_logs_data_const
 .log_const_data_UART
                0x00000000000065fc        0x8 Output/Debug/Obj/twi_scanner_pca10100/nrfx_uart.o
                0x00000000000065fc                m_nrf_log_UART_logs_data_const
 .log_const_data_UARTE
                0x0000000000006604        0x8 Output/Debug/Obj/twi_scanner_pca10100/nrfx_uarte.o
                0x0000000000006604                m_nrf_log_UARTE_logs_data_const
 .log_const_data_app
                0x000000000000660c        0x8 Output/Debug/Obj/twi_scanner_pca10100/nrf_log_frontend.o
                0x000000000000660c                m_nrf_log_app_logs_data_const
                0x0000000000006614                __log_const_data_end__ = (__log_const_data_start__ + SIZEOF (.log_const_data))
                0x0000000000000028                __log_const_data_size__ = SIZEOF (.log_const_data)
                0x0000000000006614                __stop_log_const_data = __log_const_data_end__
                0x0000000000006614                __log_const_data_load_end__ = __log_const_data_end__
                0x0000000000000001                . = ASSERT (((__log_const_data_start__ == __log_const_data_end__) || ((__log_const_data_end__ - __FLASH1_segment_start__) <= __FLASH1_segment_size__)), error: .log_const_data is too large to fit in FLASH1 memory segment)
                0x0000000000006614                __log_backends_load_start__ = ALIGN (__log_const_data_end__, 0x4)

.log_backends   0x0000000000006614       0x10
                0x0000000000006614                __log_backends_start__ = .
                0x0000000000006614                __start_log_backends = __log_backends_start__
 *(SORT_BY_NAME(.log_backends*))
 .log_backends  0x0000000000006614       0x10 Output/Debug/Obj/twi_scanner_pca10100/nrf_log_default_backends.o
                0x0000000000006624                __log_backends_end__ = (__log_backends_start__ + SIZEOF (.log_backends))
                0x0000000000000010                __log_backends_size__ = SIZEOF (.log_backends)
                0x0000000000006624                __stop_log_backends = __log_backends_end__
                0x0000000000006624                __log_backends_load_end__ = __log_backends_end__
                0x0000000000000001                . = ASSERT (((__log_backends_start__ == __log_backends_end__) || ((__log_backends_end__ - __FLASH1_segment_start__) <= __FLASH1_segment_size__)), error: .log_backends is too large to fit in FLASH1 memory segment)
                0x0000000000006624                __nrf_balloc_load_start__ = ALIGN (__log_backends_end__, 0x4)

.nrf_balloc     0x0000000000006624       0x14
                0x0000000000006624                __nrf_balloc_start__ = .
                0x0000000000006624                __start_nrf_balloc = __nrf_balloc_start__
 *(.nrf_balloc*)
 .nrf_balloc    0x0000000000006624       0x14 Output/Debug/Obj/twi_scanner_pca10100/nrf_log_frontend.o
                0x0000000000006624                log_mempool
                0x0000000000006638                __nrf_balloc_end__ = (__nrf_balloc_start__ + SIZEOF (.nrf_balloc))
                0x0000000000000014                __nrf_balloc_size__ = SIZEOF (.nrf_balloc)
                0x0000000000006638                __stop_nrf_balloc = __nrf_balloc_end__
                0x0000000000006638                __nrf_balloc_load_end__ = __nrf_balloc_end__
                0x0000000000000001                . = ASSERT (((__nrf_balloc_start__ == __nrf_balloc_end__) || ((__nrf_balloc_end__ - __FLASH1_segment_start__) <= __FLASH1_segment_size__)), error: .nrf_balloc is too large to fit in FLASH1 memory segment)
                0x0000000000006638                __nrf_sections_load_start__ = ALIGN (__nrf_balloc_end__, 0x4)

.nrf_sections   0x0000000000006638        0x0
                0x0000000000006638                __nrf_sections_start__ = .
                0x0000000000006638                __start_nrf_sections = __nrf_sections_start__
 *(.nrf_sections .nrf_sections.*)
                0x0000000000006638                __nrf_sections_end__ = (__nrf_sections_start__ + SIZEOF (.nrf_sections))
                0x0000000000000000                __nrf_sections_size__ = SIZEOF (.nrf_sections)
                0x0000000000006638                __nrf_sections_load_end__ = __nrf_sections_end__
                0x0000000000000001                . = ASSERT (((__nrf_sections_start__ == __nrf_sections_end__) || ((__nrf_sections_end__ - __FLASH1_segment_start__) <= __FLASH1_segment_size__)), error: .nrf_sections is too large to fit in FLASH1 memory segment)
                0x0000000000006638                __log_dynamic_data_load_start__ = ALIGN (__nrf_sections_end__, 0x4)

.log_dynamic_data
                0x0000000020000000        0x0 load address 0x0000000000006638
                0x0000000020000000                __log_dynamic_data_start__ = .
 *(SORT_BY_NAME(.log_dynamic_data*))
                0x0000000020000000                __log_dynamic_data_end__ = (__log_dynamic_data_start__ + SIZEOF (.log_dynamic_data))
                0x0000000000000000                __log_dynamic_data_size__ = SIZEOF (.log_dynamic_data)
                0x0000000000006638                __log_dynamic_data_load_end__ = (__log_dynamic_data_load_start__ + SIZEOF (.log_dynamic_data))
                0x0000000000000001                . = ASSERT (((__log_dynamic_data_load_start__ == __log_dynamic_data_load_end__) || ((__log_dynamic_data_load_end__ - __FLASH1_segment_start__) <= __FLASH1_segment_size__)), error: .log_dynamic_data is too large to fit in FLASH1 memory segment)

.log_dynamic_data_run
                0x0000000020000000        0x0
                0x0000000020000000                __log_dynamic_data_run_start__ = .
                0x0000000020000000                __start_log_dynamic_data = __log_dynamic_data_run_start__
                0x0000000020000000                __log_dynamic_data_run_end__ = (__log_dynamic_data_run_start__ + SIZEOF (.log_dynamic_data))
                0x0000000000000000                __log_dynamic_data_run_size__ = (__log_dynamic_data_run_end__ - __log_dynamic_data_run_start__)
                0x0000000020000000                __stop_log_dynamic_data = __log_dynamic_data_run_end__
                0x0000000020000000                __log_dynamic_data_run_load_end__ = __log_dynamic_data_run_end__
                0x0000000000000001                . = ASSERT (((__log_dynamic_data_run_start__ == __log_dynamic_data_run_end__) || ((__log_dynamic_data_run_end__ - __RAM1_segment_start__) <= __RAM1_segment_size__)), error: .log_dynamic_data_run is too large to fit in RAM1 memory segment)
                0x0000000000006638                __log_filter_data_load_start__ = ALIGN ((__log_dynamic_data_load_start__ + SIZEOF (.log_dynamic_data)), 0x4)

.log_filter_data
                0x0000000020000000        0x0 load address 0x0000000000006638
                0x0000000020000000                __log_filter_data_start__ = .
 *(SORT_BY_NAME(.log_filter_data*))
                0x0000000020000000                __log_filter_data_end__ = (__log_filter_data_start__ + SIZEOF (.log_filter_data))
                0x0000000000000000                __log_filter_data_size__ = SIZEOF (.log_filter_data)
                0x0000000000006638                __log_filter_data_load_end__ = (__log_filter_data_load_start__ + SIZEOF (.log_filter_data))
                0x0000000000000001                . = ASSERT (((__log_filter_data_load_start__ == __log_filter_data_load_end__) || ((__log_filter_data_load_end__ - __FLASH1_segment_start__) <= __FLASH1_segment_size__)), error: .log_filter_data is too large to fit in FLASH1 memory segment)

.log_filter_data_run
                0x0000000020000000        0x0
                0x0000000020000000                __log_filter_data_run_start__ = .
                0x0000000020000000                __start_log_filter_data = __log_filter_data_run_start__
                0x0000000020000000                __log_filter_data_run_end__ = (__log_filter_data_run_start__ + SIZEOF (.log_filter_data))
                0x0000000000000000                __log_filter_data_run_size__ = (__log_filter_data_run_end__ - __log_filter_data_run_start__)
                0x0000000020000000                __stop_log_filter_data = __log_filter_data_run_end__
                0x0000000020000000                __log_filter_data_run_load_end__ = __log_filter_data_run_end__
                0x0000000000000001                . = ASSERT (((__log_filter_data_run_start__ == __log_filter_data_run_end__) || ((__log_filter_data_run_end__ - __RAM1_segment_start__) <= __RAM1_segment_size__)), error: .log_filter_data_run is too large to fit in RAM1 memory segment)
                0x0000000020000000                __nrf_sections_run_end_load_start__ = ALIGN (__log_filter_data_run_end__, 0x4)

.nrf_sections_run_end
                0x0000000020000000        0x0
                0x0000000020000000                __nrf_sections_run_end_start__ = .
                0x0000000020000000                __end_nrf_sections_run = __nrf_sections_run_end_start__
 *(.nrf_sections_run_end .nrf_sections_run_end.*)
                0x0000000020000000                __nrf_sections_run_end_end__ = (__nrf_sections_run_end_start__ + SIZEOF (.nrf_sections_run_end))
                0x0000000000000000                __nrf_sections_run_end_size__ = SIZEOF (.nrf_sections_run_end)
                0x0000000020000000                __nrf_sections_run_end_load_end__ = __nrf_sections_run_end_end__
                0x0000000000000001                . = ASSERT (((__nrf_sections_run_end_start__ == __nrf_sections_run_end_end__) || ((__nrf_sections_run_end_end__ - __RAM1_segment_start__) <= __RAM1_segment_size__)), error: .nrf_sections_run_end is too large to fit in RAM1 memory segment)
                0x0000000000006638                __dtors_load_start__ = ALIGN ((__log_filter_data_load_start__ + SIZEOF (.log_filter_data)), 0x4)

.dtors          0x0000000000006638        0x0
                0x0000000000006638                __dtors_start__ = .
 *(SORT_BY_NAME(.dtors.*))
 *(.dtors)
 *(.fini_array)
 *(SORT_BY_NAME(.fini_array.*))
                0x0000000000006638                __dtors_end__ = (__dtors_start__ + SIZEOF (.dtors))
                0x0000000000000000                __dtors_size__ = SIZEOF (.dtors)
                0x0000000000006638                __dtors_load_end__ = __dtors_end__
                0x0000000000000001                . = ASSERT (((__dtors_start__ == __dtors_end__) || ((__dtors_end__ - __FLASH1_segment_start__) <= __FLASH1_segment_size__)), error: .dtors is too large to fit in FLASH1 memory segment)
                0x0000000000006638                __ctors_load_start__ = ALIGN (__dtors_end__, 0x4)

.ctors          0x0000000000006638        0x0
                0x0000000000006638                __ctors_start__ = .
 *(SORT_BY_NAME(.ctors.*))
 *(.ctors)
 *(.init_array)
 *(SORT_BY_NAME(.init_array.*))
                0x0000000000006638                __ctors_end__ = (__ctors_start__ + SIZEOF (.ctors))
                0x0000000000000000                __ctors_size__ = SIZEOF (.ctors)
                0x0000000000006638                __ctors_load_end__ = __ctors_end__
                0x0000000000000001                . = ASSERT (((__ctors_start__ == __ctors_end__) || ((__ctors_end__ - __FLASH1_segment_start__) <= __FLASH1_segment_size__)), error: .ctors is too large to fit in FLASH1 memory segment)
                0x0000000000006638                __rodata_load_start__ = ALIGN (__ctors_end__, 0x4)

.rodata         0x0000000000006638     0x1040
                0x0000000000006638                __rodata_start__ = .
 *(.rodata .rodata.* .gnu.linkonce.r.*)
 .rodata        0x0000000000006638       0x98 Output/Debug/Obj/twi_scanner_pca10100/nrf_log_backend_uart.o
 .rodata.nrf_log_backend_uart_api
                0x00000000000066d0        0xc Output/Debug/Obj/twi_scanner_pca10100/nrf_log_backend_uart.o
                0x00000000000066d0                nrf_log_backend_uart_api
 .rodata        0x00000000000066dc       0x8d Output/Debug/Obj/twi_scanner_pca10100/nrf_log_default_backends.o
 *fill*         0x0000000000006769        0x3 
 .rodata        0x000000000000676c       0x89 Output/Debug/Obj/twi_scanner_pca10100/nrf_log_frontend.o
 *fill*         0x00000000000067f5        0x3 
 .rodata        0x00000000000067f8       0xaa Output/Debug/Obj/twi_scanner_pca10100/nrf_log_str_formatter.o
 *fill*         0x00000000000068a2        0x2 
 .rodata        0x00000000000068a4       0x70 Output/Debug/Obj/twi_scanner_pca10100/app_error_weak.o
 .rodata        0x0000000000006914       0x6f Output/Debug/Obj/twi_scanner_pca10100/app_util_platform.o
 *fill*         0x0000000000006983        0x1 
 .rodata        0x0000000000006984       0x6a Output/Debug/Obj/twi_scanner_pca10100/nrf_balloc.o
 *fill*         0x00000000000069ee        0x2 
 .rodata        0x00000000000069f0       0x60 Output/Debug/Obj/twi_scanner_pca10100/nrf_fprintf.o
 .rodata        0x0000000000006a50       0x67 Output/Debug/Obj/twi_scanner_pca10100/nrf_fprintf_format.o
 *fill*         0x0000000000006ab7        0x1 
 .rodata._aV2C.0
                0x0000000000006ab8       0x10 Output/Debug/Obj/twi_scanner_pca10100/nrf_fprintf_format.o
 .rodata        0x0000000000006ac8       0x6a Output/Debug/Obj/twi_scanner_pca10100/nrf_memobj.o
 *fill*         0x0000000000006b32        0x2 
 .rodata.m_unknown_str
                0x0000000000006b34       0x13 Output/Debug/Obj/twi_scanner_pca10100/nrf_strerror.o
 *fill*         0x0000000000006b47        0x1 
 .rodata        0x0000000000006b48      0x3bd Output/Debug/Obj/twi_scanner_pca10100/nrf_strerror.o
 *fill*         0x0000000000006f05        0x3 
 .rodata.nrf_strerror_array
                0x0000000000006f08      0x118 Output/Debug/Obj/twi_scanner_pca10100/nrf_strerror.o
 .rodata        0x0000000000007020       0x2e Output/Debug/Obj/twi_scanner_pca10100/nrf_drv_twi.o
 *fill*         0x000000000000704e        0x2 
 .rodata.delay_machine_code.0
                0x0000000000007050        0x6 Output/Debug/Obj/twi_scanner_pca10100/nrf_drv_twi.o
 *fill*         0x0000000000007056        0x2 
 .rodata        0x0000000000007058       0x6d Output/Debug/Obj/twi_scanner_pca10100/nrfx_prs.o
 *fill*         0x00000000000070c5        0x3 
 .rodata        0x00000000000070c8       0xce Output/Debug/Obj/twi_scanner_pca10100/nrfx_twim.o
 *fill*         0x0000000000007196        0x2 
 .rodata.irq_handlers.0
                0x0000000000007198        0x8 Output/Debug/Obj/twi_scanner_pca10100/nrfx_twim.o
 .rodata        0x00000000000071a0       0xce Output/Debug/Obj/twi_scanner_pca10100/nrfx_uart.o
 *fill*         0x000000000000726e        0x2 
 .rodata.irq_handlers.0
                0x0000000000007270        0x4 Output/Debug/Obj/twi_scanner_pca10100/nrfx_uart.o
 .rodata        0x0000000000007274       0xcf Output/Debug/Obj/twi_scanner_pca10100/nrfx_uarte.o
 *fill*         0x0000000000007343        0x1 
 .rodata.irq_handlers.0
                0x0000000000007344        0x4 Output/Debug/Obj/twi_scanner_pca10100/nrfx_uarte.o
 .rodata.m_twi  0x0000000000007348       0x10 Output/Debug/Obj/twi_scanner_pca10100/main.o
 .rodata        0x0000000000007358       0xbd Output/Debug/Obj/twi_scanner_pca10100/main.o
 *fill*         0x0000000000007415        0x3 
 .rodata        0x0000000000007418       0x17 Output/Debug/Obj/twi_scanner_pca10100/SEGGER_RTT.o
 *fill*         0x000000000000742f        0x1 
 .rodata.libc.__SEGGER_RTL_c_locale
                0x0000000000007430        0xc /usr/share/segger_embedded_studio_for_arm_7.12a/lib/libc_v7em_fpv4_sp_d16_hard_t_le_eabi_balanced.a(mbops.o)
                0x0000000000007430                __SEGGER_RTL_c_locale
 .rodata.libc..L.str
                0x000000000000743c        0x2 /usr/share/segger_embedded_studio_for_arm_7.12a/lib/libc_v7em_fpv4_sp_d16_hard_t_le_eabi_balanced.a(mbops.o)
 *fill*         0x000000000000743e        0x2 
 .rodata.libc.__SEGGER_RTL_codeset_ascii
                0x0000000000007440       0x20 /usr/share/segger_embedded_studio_for_arm_7.12a/lib/libc_v7em_fpv4_sp_d16_hard_t_le_eabi_balanced.a(mbops.o)
                0x0000000000007440                __SEGGER_RTL_codeset_ascii
 .rodata.libc.__SEGGER_RTL_c_locale_abbrev_day_names
                0x0000000000007460       0x1d /usr/share/segger_embedded_studio_for_arm_7.12a/lib/libc_v7em_fpv4_sp_d16_hard_t_le_eabi_balanced.a(mbops.o)
                0x0000000000007460                __SEGGER_RTL_c_locale_abbrev_day_names
 .rodata.libc.__SEGGER_RTL_c_locale_abbrev_month_names
                0x000000000000747d       0x31 /usr/share/segger_embedded_studio_for_arm_7.12a/lib/libc_v7em_fpv4_sp_d16_hard_t_le_eabi_balanced.a(mbops.o)
                0x000000000000747d                __SEGGER_RTL_c_locale_abbrev_month_names
 .rodata.libc.__SEGGER_RTL_data_utf8_period
                0x00000000000074ae        0x2 /usr/share/segger_embedded_studio_for_arm_7.12a/lib/libc_v7em_fpv4_sp_d16_hard_t_le_eabi_balanced.a(mbops.o)
                0x00000000000074ae                __SEGGER_RTL_data_utf8_period
 .rodata.libc.__SEGGER_RTL_data_empty_string
                0x00000000000074b0        0x1 /usr/share/segger_embedded_studio_for_arm_7.12a/lib/libc_v7em_fpv4_sp_d16_hard_t_le_eabi_balanced.a(mbops.o)
                0x00000000000074b0                __SEGGER_RTL_data_empty_string
 .rodata.libc.__SEGGER_RTL_c_locale_day_names
                0x00000000000074b1       0x3a /usr/share/segger_embedded_studio_for_arm_7.12a/lib/libc_v7em_fpv4_sp_d16_hard_t_le_eabi_balanced.a(mbops.o)
 .rodata.libc.__SEGGER_RTL_c_locale_month_names
                0x00000000000074eb       0x57 /usr/share/segger_embedded_studio_for_arm_7.12a/lib/libc_v7em_fpv4_sp_d16_hard_t_le_eabi_balanced.a(mbops.o)
 .rodata.libc.__SEGGER_RTL_c_locale_am_pm_indicator
                0x0000000000007542        0x7 /usr/share/segger_embedded_studio_for_arm_7.12a/lib/libc_v7em_fpv4_sp_d16_hard_t_le_eabi_balanced.a(mbops.o)
 .rodata.libc.__SEGGER_RTL_c_locale_date_format
                0x0000000000007549        0x9 /usr/share/segger_embedded_studio_for_arm_7.12a/lib/libc_v7em_fpv4_sp_d16_hard_t_le_eabi_balanced.a(mbops.o)
 .rodata.libc.__SEGGER_RTL_c_locale_time_format
                0x0000000000007552        0x9 /usr/share/segger_embedded_studio_for_arm_7.12a/lib/libc_v7em_fpv4_sp_d16_hard_t_le_eabi_balanced.a(mbops.o)
 .rodata.libc.__SEGGER_RTL_c_locale_date_time_format
                0x000000000000755b        0xf /usr/share/segger_embedded_studio_for_arm_7.12a/lib/libc_v7em_fpv4_sp_d16_hard_t_le_eabi_balanced.a(mbops.o)
 *fill*         0x000000000000756a        0x2 
 .rodata.libc.__SEGGER_RTL_c_locale_data
                0x000000000000756c       0x58 /usr/share/segger_embedded_studio_for_arm_7.12a/lib/libc_v7em_fpv4_sp_d16_hard_t_le_eabi_balanced.a(mbops.o)
                0x000000000000756c                __SEGGER_RTL_c_locale_data
 .rodata.libc.__SEGGER_RTL_ascii_ctype_map
                0x00000000000075c4       0x80 /usr/share/segger_embedded_studio_for_arm_7.12a/lib/libc_v7em_fpv4_sp_d16_hard_t_le_eabi_balanced.a(mbops.o)
 .rodata.libc.__SEGGER_RTL_ascii_ctype_mask
                0x0000000000007644        0xd /usr/share/segger_embedded_studio_for_arm_7.12a/lib/libc_v7em_fpv4_sp_d16_hard_t_le_eabi_balanced.a(mbops.o)
 .rodata.libc.__SEGGER_RTL_hex_uc
                0x0000000000007651       0x10 /usr/share/segger_embedded_studio_for_arm_7.12a/lib/libc_v7em_fpv4_sp_d16_hard_t_le_eabi_balanced.a(prinops.o)
                0x0000000000007651                __SEGGER_RTL_hex_uc
 .rodata.libc.__SEGGER_RTL_hex_lc
                0x0000000000007661       0x10 /usr/share/segger_embedded_studio_for_arm_7.12a/lib/libc_v7em_fpv4_sp_d16_hard_t_le_eabi_balanced.a(prinops.o)
                0x0000000000007661                __SEGGER_RTL_hex_lc
 .rodata.libc..L.str
                0x0000000000007671        0x7 /usr/share/segger_embedded_studio_for_arm_7.12a/lib/libc_v7em_fpv4_sp_d16_hard_t_le_eabi_balanced.a(__SEGGER_RTL_vfprintf_long.o)
                0x0000000000007678                __rodata_end__ = (__rodata_start__ + SIZEOF (.rodata))
                0x0000000000001040                __rodata_size__ = SIZEOF (.rodata)
                0x0000000000007678                __rodata_load_end__ = __rodata_end__

.rel.dyn        0x0000000000007678        0x0
 .rel.iplt      0x0000000000007678        0x0 Output/Debug/Obj/twi_scanner_pca10100/thumb_crt0.o
                0x0000000000000001                . = ASSERT (((__rodata_start__ == __rodata_end__) || ((__rodata_end__ - __FLASH1_segment_start__) <= __FLASH1_segment_size__)), error: .rodata is too large to fit in FLASH1 memory segment)
                0x0000000000007678                __ARM.exidx_load_start__ = ALIGN (__rodata_end__, 0x4)

.ARM.exidx      0x0000000000007678        0x0
                0x0000000000007678                __ARM.exidx_start__ = .
                0x0000000000007678                __exidx_start = __ARM.exidx_start__
 *(.ARM.exidx .ARM.exidx.*)
                0x0000000000007678                __ARM.exidx_end__ = (__ARM.exidx_start__ + SIZEOF (.ARM.exidx))
                0x0000000000000000                __ARM.exidx_size__ = SIZEOF (.ARM.exidx)
                0x0000000000007678                __exidx_end = __ARM.exidx_end__
                0x0000000000007678                __ARM.exidx_load_end__ = __ARM.exidx_end__
                0x0000000000000001                . = ASSERT (((__ARM.exidx_start__ == __ARM.exidx_end__) || ((__ARM.exidx_end__ - __FLASH1_segment_start__) <= __FLASH1_segment_size__)), error: .ARM.exidx is too large to fit in FLASH1 memory segment)
                0x0000000000007678                __fast_load_start__ = ALIGN (__ARM.exidx_end__, 0x4)

.fast           0x0000000020000000        0x0 load address 0x0000000000007678
                0x0000000020000000                __fast_start__ = .
 *(.fast .fast.*)
                0x0000000020000000                __fast_end__ = (__fast_start__ + SIZEOF (.fast))
                0x0000000000000000                __fast_size__ = SIZEOF (.fast)
                0x0000000000007678                __fast_load_end__ = (__fast_load_start__ + SIZEOF (.fast))
                0x0000000000000001                . = ASSERT (((__fast_load_start__ == __fast_load_end__) || ((__fast_load_end__ - __FLASH1_segment_start__) <= __FLASH1_segment_size__)), error: .fast is too large to fit in FLASH1 memory segment)

.fast_run       0x0000000020000000        0x0
                0x0000000020000000                __fast_run_start__ = .
                0x0000000020000000                __fast_run_end__ = (__fast_run_start__ + SIZEOF (.fast))
                0x0000000000000000                __fast_run_size__ = (__fast_run_end__ - __fast_run_start__)
                0x0000000020000000                __fast_run_load_end__ = __fast_run_end__
                0x0000000000000001                . = ASSERT (((__fast_run_start__ == __fast_run_end__) || ((__fast_run_end__ - __RAM1_segment_start__) <= __RAM1_segment_size__)), error: .fast_run is too large to fit in RAM1 memory segment)
                0x0000000000007678                __data_load_start__ = ALIGN ((__fast_load_start__ + SIZEOF (.fast)), 0x4)

.data           0x0000000020000000       0x7c load address 0x0000000000007678
                0x0000000020000000                __data_start__ = .
 *(.data .data.* .gnu.linkonce.d.*)
 .data.m_uart   0x0000000020000000       0x14 Output/Debug/Obj/twi_scanner_pca10100/nrf_log_backend_uart.o
                0x0000000020000000                m_uart
 .data.log_backend_cb_uart_log_backend
                0x0000000020000014        0x8 Output/Debug/Obj/twi_scanner_pca10100/nrf_log_default_backends.o
 .data.m_buffer_mask
                0x000000002000001c        0x4 Output/Debug/Obj/twi_scanner_pca10100/nrf_log_frontend.o
 .data.severity_names
                0x0000000020000020       0x14 Output/Debug/Obj/twi_scanner_pca10100/nrf_log_str_formatter.o
 .data.m_colors
                0x0000000020000034       0x24 Output/Debug/Obj/twi_scanner_pca10100/nrf_log_str_formatter.o
 .data.SystemCoreClock
                0x0000000020000058        0x4 Output/Debug/Obj/twi_scanner_pca10100/system_nrf52840.o
                0x0000000020000058                SystemCoreClock
 .data.libc.__SEGGER_RTL_global_locale
                0x000000002000005c       0x14 /usr/share/segger_embedded_studio_for_arm_7.12a/lib/libc_v7em_fpv4_sp_d16_hard_t_le_eabi_balanced.a(mbops.o)
                0x000000002000005c                __RAL_global_locale
                0x000000002000005c                __SEGGER_RTL_global_locale
 .data.libc.stderr
                0x0000000020000070        0x4 /usr/share/segger_embedded_studio_for_arm_7.12a/lib/prinops_rtt_v7em_fpv4_sp_d16_hard_t_le_eabi_balanced.a(prinops_rtt.o)
                0x0000000020000070                stderr
 .data.libc.stdout
                0x0000000020000074        0x4 /usr/share/segger_embedded_studio_for_arm_7.12a/lib/prinops_rtt_v7em_fpv4_sp_d16_hard_t_le_eabi_balanced.a(prinops_rtt.o)
                0x0000000020000074                stdout
 .data.libc.stdin
                0x0000000020000078        0x4 /usr/share/segger_embedded_studio_for_arm_7.12a/lib/prinops_rtt_v7em_fpv4_sp_d16_hard_t_le_eabi_balanced.a(prinops_rtt.o)
                0x0000000020000078                stdin
                0x000000002000007c                __data_end__ = (__data_start__ + SIZEOF (.data))
                0x000000000000007c                __data_size__ = SIZEOF (.data)
                0x00000000000076f4                __data_load_end__ = (__data_load_start__ + SIZEOF (.data))

.igot.plt       0x0000000100000000        0x0
 .igot.plt      0x0000000100000000        0x0 Output/Debug/Obj/twi_scanner_pca10100/thumb_crt0.o
                0x0000000000000001                . = ASSERT (((__data_load_start__ == __data_load_end__) || ((__data_load_end__ - __FLASH1_segment_start__) <= __FLASH1_segment_size__)), error: .data is too large to fit in FLASH1 memory segment)

.data_run       0x0000000020000000        0x0
                0x0000000020000000                __data_run_start__ = .
                0x000000002000007c                __data_run_end__ = (__data_run_start__ + SIZEOF (.data))
                0x000000000000007c                __data_run_size__ = (__data_run_end__ - __data_run_start__)
                0x000000002000007c                __data_run_load_end__ = __data_run_end__
                0x0000000000000001                . = ASSERT (((__data_run_start__ == __data_run_end__) || ((__data_run_end__ - __RAM1_segment_start__) <= __RAM1_segment_size__)), error: .data_run is too large to fit in RAM1 memory segment)
                0x00000000000076f4                __tdata_load_start__ = ALIGN ((__data_load_start__ + SIZEOF (.data)), 0x4)

.tdata          0x000000002000007c        0x0 load address 0x00000000000076f4
                0x000000002000007c                __tdata_start__ = .
 *(.tdata .tdata.*)
                0x000000002000007c                __tdata_end__ = (__tdata_start__ + SIZEOF (.tdata))
                0x0000000000000000                __tdata_size__ = SIZEOF (.tdata)
                0x00000000000076f4                __tdata_load_end__ = (__tdata_load_start__ + SIZEOF (.tdata))
                0x00000000000076f4                __FLASH1_segment_used_end__ = (ALIGN ((__data_load_start__ + SIZEOF (.data)), 0x4) + SIZEOF (.tdata))
                0x00000000000076f4                __FLASH1_segment_used_size__ = (__FLASH1_segment_used_end__ - __FLASH1_segment_start__)
                0x0000000000000001                . = ASSERT (((__tdata_load_start__ == __tdata_load_end__) || ((__tdata_load_end__ - __FLASH1_segment_start__) <= __FLASH1_segment_size__)), error: .tdata is too large to fit in FLASH1 memory segment)

.tdata_run      0x000000002000007c        0x0
                0x000000002000007c                __tdata_run_start__ = .
                0x000000002000007c                __tdata_run_end__ = (__tdata_run_start__ + SIZEOF (.tdata))
                0x0000000000000000                __tdata_run_size__ = (__tdata_run_end__ - __tdata_run_start__)
                0x000000002000007c                __tdata_run_load_end__ = __tdata_run_end__
                0x0000000000000001                . = ASSERT (((__tdata_run_start__ == __tdata_run_end__) || ((__tdata_run_end__ - __RAM1_segment_start__) <= __RAM1_segment_size__)), error: .tdata_run is too large to fit in RAM1 memory segment)
                0x000000002000007c                __bss_load_start__ = ALIGN (__tdata_run_end__, 0x4)

.bss            0x000000002000007c      0x8d8
                0x000000002000007c                __bss_start__ = .
 *(.bss .bss.* .gnu.linkonce.b.*)
 .bss.m_string_buff
                0x000000002000007c       0x40 Output/Debug/Obj/twi_scanner_pca10100/nrf_log_backend_uart.o
 .bss.m_xfer_done
                0x00000000200000bc        0x1 Output/Debug/Obj/twi_scanner_pca10100/nrf_log_backend_uart.o
 .bss.m_async_mode
                0x00000000200000bd        0x1 Output/Debug/Obj/twi_scanner_pca10100/nrf_log_backend_uart.o
 *fill*         0x00000000200000be        0x2 
 .bss.log_mempool_nrf_balloc_pool_stack
                0x00000000200000c0        0x8 Output/Debug/Obj/twi_scanner_pca10100/nrf_log_frontend.o
 .bss.log_mempool_nrf_balloc_pool_mem
                0x00000000200000c8       0xc0 Output/Debug/Obj/twi_scanner_pca10100/nrf_log_frontend.o
 .bss.log_mempool_nrf_balloc_cb
                0x0000000020000188        0x8 Output/Debug/Obj/twi_scanner_pca10100/nrf_log_frontend.o
 .bss.m_log_data
                0x0000000020000190      0x420 Output/Debug/Obj/twi_scanner_pca10100/nrf_log_frontend.o
 .bss.m_error_data.0
                0x00000000200005b0       0x20 Output/Debug/Obj/twi_scanner_pca10100/app_error.o
 .bss.m_in_critical_region
                0x00000000200005d0        0x4 Output/Debug/Obj/twi_scanner_pca10100/app_util_platform.o
 .bss.m_handlers
                0x00000000200005d4        0x8 Output/Debug/Obj/twi_scanner_pca10100/nrf_drv_twi.o
 .bss.m_contexts
                0x00000000200005dc        0x8 Output/Debug/Obj/twi_scanner_pca10100/nrf_drv_twi.o
 .bss.m_handlers
                0x00000000200005e4        0x8 Output/Debug/Obj/twi_scanner_pca10100/nrf_drv_uart.o
 .bss.m_contexts
                0x00000000200005ec        0x8 Output/Debug/Obj/twi_scanner_pca10100/nrf_drv_uart.o
 .bss.nrf_drv_uart_use_easy_dma
                0x00000000200005f4        0x2 Output/Debug/Obj/twi_scanner_pca10100/nrf_drv_uart.o
                0x00000000200005f4                nrf_drv_uart_use_easy_dma
 *fill*         0x00000000200005f6        0x2 
 .bss.m_prs_box_4
                0x00000000200005f8        0x8 Output/Debug/Obj/twi_scanner_pca10100/nrfx_prs.o
 .bss.m_cb      0x0000000020000600       0x68 Output/Debug/Obj/twi_scanner_pca10100/nrfx_twim.o
 .bss.m_cb      0x0000000020000668       0x2c Output/Debug/Obj/twi_scanner_pca10100/nrfx_uart.o
 .bss.m_cb      0x0000000020000694       0x24 Output/Debug/Obj/twi_scanner_pca10100/nrfx_uarte.o
 .bss._SEGGER_RTT
                0x00000000200006b8       0x78 Output/Debug/Obj/twi_scanner_pca10100/SEGGER_RTT.o
                0x00000000200006b8                _SEGGER_RTT
 .bss._acUpBuffer
                0x0000000020000730      0x200 Output/Debug/Obj/twi_scanner_pca10100/SEGGER_RTT.o
 .bss._acDownBuffer
                0x0000000020000930       0x10 Output/Debug/Obj/twi_scanner_pca10100/SEGGER_RTT.o
 .bss.libc.__SEGGER_RTL_locale_ptr
                0x0000000020000940        0x4 /usr/share/segger_embedded_studio_for_arm_7.12a/lib/libc_v7em_fpv4_sp_d16_hard_t_le_eabi_balanced.a(mbops.o)
                0x0000000020000940                __SEGGER_RTL_locale_ptr
 .bss.libc.__SEGGER_RTL_stderr_file
                0x0000000020000944        0x4 /usr/share/segger_embedded_studio_for_arm_7.12a/lib/prinops_rtt_v7em_fpv4_sp_d16_hard_t_le_eabi_balanced.a(prinops_rtt.o)
 .bss.libc.__SEGGER_RTL_stdout_file
                0x0000000020000948        0x4 /usr/share/segger_embedded_studio_for_arm_7.12a/lib/prinops_rtt_v7em_fpv4_sp_d16_hard_t_le_eabi_balanced.a(prinops_rtt.o)
 .bss.libc.__SEGGER_RTL_stdin_file
                0x000000002000094c        0x4 /usr/share/segger_embedded_studio_for_arm_7.12a/lib/prinops_rtt_v7em_fpv4_sp_d16_hard_t_le_eabi_balanced.a(prinops_rtt.o)
 .bss.libc.__SEGGER_RTL_heap_globals
                0x0000000020000950        0x4 /usr/share/segger_embedded_studio_for_arm_7.12a/lib/heapops_basic_v7em_fpv4_sp_d16_hard_t_le_eabi_balanced.a(heapops_basic.o)
 *(COMMON)
                0x0000000020000954                __bss_end__ = (__bss_start__ + SIZEOF (.bss))
                0x00000000000008d8                __bss_size__ = SIZEOF (.bss)
                0x0000000020000954                __bss_load_end__ = __bss_end__
                0x0000000000000001                . = ASSERT (((__bss_start__ == __bss_end__) || ((__bss_end__ - __RAM1_segment_start__) <= __RAM1_segment_size__)), error: .bss is too large to fit in RAM1 memory segment)
                0x0000000020000954                __tbss_load_start__ = ALIGN (__bss_end__, 0x4)

.tbss           0x0000000020000954        0x0
                0x0000000020000954                __tbss_start__ = .
 *(.tbss .tbss.*)
                0x0000000020000954                __tbss_end__ = (__tbss_start__ + SIZEOF (.tbss))
                0x0000000000000000                __tbss_size__ = SIZEOF (.tbss)
                0x0000000020000954                __tbss_load_end__ = __tbss_end__
                0x0000000000000001                . = ASSERT (((__tbss_start__ == __tbss_end__) || ((__tbss_end__ - __RAM1_segment_start__) <= __RAM1_segment_size__)), error: .tbss is too large to fit in RAM1 memory segment)
                0x0000000020000954                __non_init_load_start__ = ALIGN (__tbss_end__, 0x4)

.non_init       0x0000000020000954        0x0
                0x0000000020000954                __non_init_start__ = .
 *(.non_init .non_init.*)
                0x0000000020000954                __non_init_end__ = (__non_init_start__ + SIZEOF (.non_init))
                0x0000000000000000                __non_init_size__ = SIZEOF (.non_init)
                0x0000000020000954                __non_init_load_end__ = __non_init_end__
                0x0000000000000001                . = ASSERT (((__non_init_start__ == __non_init_end__) || ((__non_init_end__ - __RAM1_segment_start__) <= __RAM1_segment_size__)), error: .non_init is too large to fit in RAM1 memory segment)
                0x0000000020000954                __heap_load_start__ = ALIGN (__non_init_end__, 0x4)

.heap           0x0000000020000954     0x2000
                0x0000000020000954                __heap_start__ = .
 *(.heap .heap.*)
                0x0000000020002954                . = ALIGN (MAX ((__heap_start__ + __HEAPSIZE__), .), 0x4)
 *fill*         0x0000000020000954     0x2000 
                0x0000000020002954                __heap_end__ = (__heap_start__ + SIZEOF (.heap))
                0x0000000000002000                __heap_size__ = SIZEOF (.heap)
                0x0000000020002954                __heap_load_end__ = __heap_end__
                0x0000000000000001                . = ASSERT (((__heap_start__ == __heap_end__) || ((__heap_end__ - __RAM1_segment_start__) <= __RAM1_segment_size__)), error: .heap is too large to fit in RAM1 memory segment)
                0x0000000000000001                . = ASSERT ((__HEAPSIZE__ == ALIGN (__HEAPSIZE__, 0x4)), error: .heap section size does not match alignment)
                0x0000000000000001                . = ASSERT ((__heap_size__ <= __HEAPSIZE__), error: .heap section is larger than specified size)
                0x000000002001e000                __stack_load_start__ = (__RAM1_segment_start__ + (__RAM1_segment_size__ - 0x2000))

.stack          0x000000002001e000     0x2000
                0x000000002001e000                __stack_start__ = .
                0x000000002001e000                __StackLimit = __stack_start__
 *(.stack .stack.*)
                0x0000000020020000                . = ALIGN (MAX ((__stack_start__ + __STACKSIZE__), .), 0x8)
 *fill*         0x000000002001e000     0x2000 
                0x0000000020020000                __stack_end__ = (__stack_start__ + SIZEOF (.stack))
                0x0000000000002000                __stack_size__ = SIZEOF (.stack)
                0x0000000020020000                __StackTop = __stack_end__
                0x0000000020020000                __stack_load_end__ = __stack_end__