Archive member included to satisfy reference by file (symbol)

C:/Program Files/SEGGER/SEGGER Embedded Studio 8.10d/lib/libc_v7em_fpv4_sp_d16_hard_t_le_eabi_balanced.a(mbops.o)
                              Output/Debug/Obj/twi_scanner_pca10100/nrf_log_str_formatter.o (isprint)
C:/Program Files/SEGGER/SEGGER Embedded Studio 8.10d/lib/libc_v7em_fpv4_sp_d16_hard_t_le_eabi_balanced.a(sortops.o)
                              C:/Program Files/SEGGER/SEGGER Embedded Studio 8.10d/lib/libc_v7em_fpv4_sp_d16_hard_t_le_eabi_balanced.a(mbops.o) (bsearch)
C:/Program Files/SEGGER/SEGGER Embedded Studio 8.10d/lib/libc_v7em_fpv4_sp_d16_hard_t_le_eabi_balanced.a(timeops.o)
                              C:/Program Files/SEGGER/SEGGER Embedded Studio 8.10d/lib/libc_v7em_fpv4_sp_d16_hard_t_le_eabi_balanced.a(mbops.o) (__SEGGER_RTL_string_list_encode)
C:/Program Files/SEGGER/SEGGER Embedded Studio 8.10d/lib/libc_v7em_fpv4_sp_d16_hard_t_le_eabi_balanced.a(floatasmops_arm.o)
                              C:/Program Files/SEGGER/SEGGER Embedded Studio 8.10d/lib/libc_v7em_fpv4_sp_d16_hard_t_le_eabi_balanced.a(timeops.o) (__aeabi_i2d)
C:/Program Files/SEGGER/SEGGER Embedded Studio 8.10d/lib/libc_v7em_fpv4_sp_d16_hard_t_le_eabi_balanced.a(__SEGGER_RTL_vfprintf_long.o)
                              (__SEGGER_RTL_vfprintf_long)
C:/Program Files/SEGGER/SEGGER Embedded Studio 8.10d/lib/libc_v7em_fpv4_sp_d16_hard_t_le_eabi_balanced.a(__SEGGER_RTL_vfscanf_long.o)
                              (__SEGGER_RTL_vfscanf_long)
C:/Program Files/SEGGER/SEGGER Embedded Studio 8.10d/lib/libc_v7em_fpv4_sp_d16_hard_t_le_eabi_balanced.a(errno.o)
                              C:/Program Files/SEGGER/SEGGER Embedded Studio 8.10d/lib/libc_v7em_fpv4_sp_d16_hard_t_le_eabi_balanced.a(mbops.o) (__aeabi_errno_addr)
C:/Program Files/SEGGER/SEGGER Embedded Studio 8.10d/lib/libc_v7em_fpv4_sp_d16_hard_t_le_eabi_balanced.a(intops.o)
                              C:/Program Files/SEGGER/SEGGER Embedded Studio 8.10d/lib/libc_v7em_fpv4_sp_d16_hard_t_le_eabi_balanced.a(timeops.o) (div)
C:/Program Files/SEGGER/SEGGER Embedded Studio 8.10d/lib/libc_v7em_fpv4_sp_d16_hard_t_le_eabi_balanced.a(utilops.o)
                              C:/Program Files/SEGGER/SEGGER Embedded Studio 8.10d/lib/libc_v7em_fpv4_sp_d16_hard_t_le_eabi_balanced.a(__SEGGER_RTL_vfscanf_long.o) (__SEGGER_RTL_digit)
C:/Program Files/SEGGER/SEGGER Embedded Studio 8.10d/lib/libc_v7em_fpv4_sp_d16_hard_t_le_eabi_balanced.a(intasmops_arm.o)
                              C:/Program Files/SEGGER/SEGGER Embedded Studio 8.10d/lib/libc_v7em_fpv4_sp_d16_hard_t_le_eabi_balanced.a(intops.o) (__aeabi_ldivmod)
C:/Program Files/SEGGER/SEGGER Embedded Studio 8.10d/lib/libc_v7em_fpv4_sp_d16_hard_t_le_eabi_balanced.a(prinops.o)
                              C:/Program Files/SEGGER/SEGGER Embedded Studio 8.10d/lib/libc_v7em_fpv4_sp_d16_hard_t_le_eabi_balanced.a(__SEGGER_RTL_vfprintf_long.o) (__SEGGER_RTL_putc)
C:/Program Files/SEGGER/SEGGER Embedded Studio 8.10d/lib/libc_v7em_fpv4_sp_d16_hard_t_le_eabi_balanced.a(fileops.o)
                              C:/Program Files/SEGGER/SEGGER Embedded Studio 8.10d/lib/libc_v7em_fpv4_sp_d16_hard_t_le_eabi_balanced.a(prinops.o) (fwrite)
C:/Program Files/SEGGER/SEGGER Embedded Studio 8.10d/lib/prinops_rtt_v7em_fpv4_sp_d16_hard_t_le_eabi_balanced.a(prinops_rtt.o)
                              C:/Program Files/SEGGER/SEGGER Embedded Studio 8.10d/lib/libc_v7em_fpv4_sp_d16_hard_t_le_eabi_balanced.a(fileops.o) (__SEGGER_RTL_X_file_stat)
C:/Program Files/SEGGER/SEGGER Embedded Studio 8.10d/lib/heapops_basic_v7em_fpv4_sp_d16_hard_t_le_eabi_balanced.a(heapops_basic.o)
                              Output/Debug/Obj/twi_scanner_pca10100/thumb_crt0.o (__SEGGER_RTL_init_heap)
C:/Program Files/SEGGER/SEGGER Embedded Studio 8.10d/lib/heapops_disable_interrupts_locking_v7em_fpv4_sp_d16_hard_t_le_eabi_balanced.a(heapops.o)
                              C:/Program Files/SEGGER/SEGGER Embedded Studio 8.10d/lib/libc_v7em_fpv4_sp_d16_hard_t_le_eabi_balanced.a(mbops.o) (malloc)
C:/Program Files/SEGGER/SEGGER Embedded Studio 8.10d/lib/strops_unaligned_v7em_fpv4_sp_d16_hard_t_le_eabi_balanced.a(strops.o)
                              C:/Program Files/SEGGER/SEGGER Embedded Studio 8.10d/lib/libc_v7em_fpv4_sp_d16_hard_t_le_eabi_balanced.a(timeops.o) (mempcpy)
C:/Program Files/SEGGER/SEGGER Embedded Studio 8.10d/lib/strops_unaligned_v7em_fpv4_sp_d16_hard_t_le_eabi_balanced.a(strasmops_arm.o)
                              C:/Program Files/SEGGER/SEGGER Embedded Studio 8.10d/lib/libc_v7em_fpv4_sp_d16_hard_t_le_eabi_balanced.a(timeops.o) (strcmp)
C:/Program Files/SEGGER/SEGGER Embedded Studio 8.10d/lib/libc_v7em_fpv4_sp_d16_hard_t_le_eabi_balanced.a(execops.o)
                              C:/Program Files/SEGGER/SEGGER Embedded Studio 8.10d/lib/strops_unaligned_v7em_fpv4_sp_d16_hard_t_le_eabi_balanced.a(strops.o) (__SEGGER_RTL_constraint_violation)
[...]
Memory Configuration

Name             Origin             Length             Attributes
UNPLACED_SECTIONS 0x00000000         0x00000000         xw
RAM1             0x20000000         0x00020000         xw
FLASH1           0x00000000         0x00080000         xw
*default*        0x00000000         0xffffffff

Linker script and memory map

                0x20000000                        __RAM1_segment_start__ = 0x20000000
                0x20020000                        __RAM1_segment_end__ = 0x20020000
                0x00020000                        __RAM1_segment_size__ = 0x20000
                0x00000000                        __FLASH1_segment_start__ = 0x0
                0x00080000                        __FLASH1_segment_end__ = 0x80000
                0x00080000                        __FLASH1_segment_size__ = 0x80000
                0x00002000                        __HEAPSIZE__ = 0x2000
                0x00000000                        __SEGGER_RTL_vfprintf = __SEGGER_RTL_vfprintf_long
                0x00000000                        __SEGGER_RTL_vfscanf = __SEGGER_RTL_vfscanf_long
                0x00000000                        __STACKSIZE_PROCESS__ = 0x0
                0x00002000                        __STACKSIZE__ = 0x2000
                0x20000000                        __vectors_ram_load_start__ = 0x20000000

.vectors_ram    0x20000000        0x0
                0x20000000                        __vectors_ram_start__ = .
                0x20000000                        __app_ram_start__ = __vectors_ram_start__
 *(.vectors_ram .vectors_ram.*)
                0x20000000                        __vectors_ram_end__ = (__vectors_ram_start__ + SIZEOF (.vectors_ram))
                0x00000000                        __vectors_ram_size__ = SIZEOF (.vectors_ram)
                0x20000000                        __vectors_ram_load_end__ = __vectors_ram_end__
                0x00000001                        . = ASSERT (((__vectors_ram_start__ == __vectors_ram_end__) || ((__vectors_ram_end__ - __RAM1_segment_start__) <= __RAM1_segment_size__)), error: .vectors_ram is too large to fit in RAM1 memory segment)
                0x20000000                        __nrf_sections_run_load_start__ = ALIGN (__vectors_ram_end__, 0x4)

.nrf_sections_run
                0x20000000        0x0
                0x20000000                        __nrf_sections_run_start__ = .
                0x20000000                        __start_nrf_sections_run = __nrf_sections_run_start__
 *(.nrf_sections_run .nrf_sections_run.*)
                0x20000000                        __nrf_sections_run_end__ = (__nrf_sections_run_start__ + SIZEOF (.nrf_sections_run))
                0x00000000                        __nrf_sections_run_size__ = SIZEOF (.nrf_sections_run)
                0x20000000                        __nrf_sections_run_load_end__ = __nrf_sections_run_end__
                0x00000001                        . = ASSERT (((__nrf_sections_run_start__ == __nrf_sections_run_end__) || ((__nrf_sections_run_end__ - __RAM1_segment_start__) <= __RAM1_segment_size__)), error: .nrf_sections_run is too large to fit in RAM1 memory segment)
                0x00000000                        __vectors_load_start__ = 0x0

.vectors        0x00000000      0x200
                0x00000000                        __vectors_start__ = .
 *(.vectors .vectors.*)
 .vectors       0x00000000      0x200 Output/Debug/Obj/twi_scanner_pca10100/ses_startup_nrf52840.o
                0x00000000                _vectors
                0x00000200                        __vectors_end__ = (__vectors_start__ + SIZEOF (.vectors))
                0x00000200                        __vectors_size__ = SIZEOF (.vectors)
                0x00000200                        __vectors_load_end__ = __vectors_end__
                0x00000001                        . = ASSERT (((__vectors_start__ == __vectors_end__) || ((__vectors_end__ - __FLASH1_segment_start__) <= __FLASH1_segment_size__)), error: .vectors is too large to fit in FLASH1 memory segment)
                0x00000200                        __init_load_start__ = ALIGN (__vectors_end__, 0x4)

.init           0x00000200      0x1e4
                0x00000200                        __init_start__ = .
 *(.init .init.*)
 .init          0x00000200       0x18 Output/Debug/Obj/twi_scanner_pca10100/ses_startup_nrf52840.o
                0x00000200                NMI_Handler
                0x00000202                HardFault_Handler
                0x00000204                MemoryManagement_Handler
                0x00000206                BusFault_Handler
                0x00000208                UsageFault_Handler
                0x0000020a                SVC_Handler
                0x0000020c                DebugMon_Handler
                0x0000020e                PendSV_Handler
                0x00000210                SysTick_Handler
                0x00000212                PWM1_IRQHandler
                0x00000212                GPIOTE_IRQHandler
                0x00000212                RTC0_IRQHandler
                0x00000212                POWER_CLOCK_IRQHandler
                0x00000212                RADIO_IRQHandler
                0x00000212                SWI2_EGU2_IRQHandler
                0x00000212                TEMP_IRQHandler
                0x00000212                QDEC_IRQHandler
                0x00000212                TIMER3_IRQHandler
                0x00000212                PWM3_IRQHandler
                0x00000212                FPU_IRQHandler
                0x00000212                USBD_IRQHandler
                0x00000212                QSPI_IRQHandler
                0x00000212                TIMER4_IRQHandler
                0x00000212                PDM_IRQHandler
                0x00000212                I2S_IRQHandler
                0x00000212                SWI4_EGU4_IRQHandler
                0x00000212                TIMER0_IRQHandler
                0x00000212                UARTE1_IRQHandler
                0x00000212                Dummy_Handler
                0x00000212                TIMER1_IRQHandler
                0x00000212                SPIM3_IRQHandler
                0x00000212                PWM2_IRQHandler
                0x00000212                ECB_IRQHandler
                0x00000212                SAADC_IRQHandler
                0x00000212                CCM_AAR_IRQHandler
                0x00000212                WDT_IRQHandler
                0x00000212                SWI0_EGU0_IRQHandler
                0x00000212                SWI5_EGU5_IRQHandler
                0x00000212                RNG_IRQHandler
                0x00000212                RTC2_IRQHandler
                0x00000212                PWM0_IRQHandler
                0x00000212                SWI3_EGU3_IRQHandler
                0x00000212                RTC1_IRQHandler
                0x00000212                SWI1_EGU1_IRQHandler
                0x00000212                SPIM2_SPIS2_SPI2_IRQHandler
                0x00000212                NFCT_IRQHandler
                0x00000212                CRYPTOCELL_IRQHandler
                0x00000212                MWU_IRQHandler
                0x00000212                TIMER2_IRQHandler
                0x00000212                COMP_LPCOMP_IRQHandler
                0x00000214                nRFInitialize
 .init          0x00000218       0x5c Output/Debug/Obj/twi_scanner_pca10100/ses_startup_nrf_common.o
                0x00000218                Reset_Handler
                0x0000021c                afterInitialize
                0x00000240                InitializeUserMemorySections
 .init          0x00000274      0x170 Output/Debug/Obj/twi_scanner_pca10100/thumb_crt0.o
                0x00000274                _start
                0x00000322                exit
                0x00000322                _Exit
                0x000003e4                        __init_end__ = (__init_start__ + SIZEOF (.init))
                0x000001e4                        __init_size__ = SIZEOF (.init)
                0x000003e4                        __init_load_end__ = __init_end__
                0x00000001                        . = ASSERT (((__init_start__ == __init_end__) || ((__init_end__ - __FLASH1_segment_start__) <= __FLASH1_segment_size__)), error: .init is too large to fit in FLASH1 memory segment)
                0x000003e4                        __init_rodata_load_start__ = ALIGN (__init_end__, 0x4)

.init_rodata    0x000003e4        0x0
                0x000003e4                        __init_rodata_start__ = .
 *(.init_rodata .init_rodata.*)
                0x000003e4                        __init_rodata_end__ = (__init_rodata_start__ + SIZEOF (.init_rodata))
                0x00000000                        __init_rodata_size__ = SIZEOF (.init_rodata)
                0x000003e4                        __init_rodata_load_end__ = __init_rodata_end__
                0x00000001                        . = ASSERT (((__init_rodata_start__ == __init_rodata_end__) || ((__init_rodata_end__ - __FLASH1_segment_start__) <= __FLASH1_segment_size__)), error: .init_rodata is too large to fit in FLASH1 memory segment)
                0x000003e4                        __text_load_start__ = ALIGN (__init_rodata_end__, 0x4)

.text           0x000003e4     0x589c
                0x000003e4                        __text_start__ = .
 *(.text .text.* .gnu.linkonce.t.* .glue_7t .glue_7 .gcc_except_table .ARM.extab* .gnu.linkonce.armextab.*)
 .glue_7        0x000003e4        0x0 linker stubs
 .glue_7t       0x000003e4        0x0 linker stubs
 .text.nrf_drv_twi_enable
                0x000003e4       0x18 Output/Debug/Obj/twi_scanner_pca10100/main.o
 .text.nrf_drv_twi_rx
                0x000003fc       0x38 Output/Debug/Obj/twi_scanner_pca10100/main.o
 .text.twi_init
                0x00000434       0x5c Output/Debug/Obj/twi_scanner_pca10100/main.o
                0x00000434                twi_init
 .text.main     0x00000490       0xf4 Output/Debug/Obj/twi_scanner_pca10100/main.o
                0x00000490                main
 .text.__NVIC_SystemReset
                0x00000584       0x28 Output/Debug/Obj/twi_scanner_pca10100/system_nrf52840.o
 .text.nrf52_errata_36
                0x000005ac       0x50 Output/Debug/Obj/twi_scanner_pca10100/system_nrf52840.o
 .text.nrf52_errata_66
                0x000005fc       0x50 Output/Debug/Obj/twi_scanner_pca10100/system_nrf52840.o
 .text.nrf52_errata_136
                0x0000064c       0x50 Output/Debug/Obj/twi_scanner_pca10100/system_nrf52840.o
 .text.nrf52_errata_249
                0x0000069c       0x50 Output/Debug/Obj/twi_scanner_pca10100/system_nrf52840.o
 .text.nrf52_handle_approtect
                0x000006ec       0x20 Output/Debug/Obj/twi_scanner_pca10100/system_nrf52840.o
 .text.nvmc_wait
                0x0000070c       0x18 Output/Debug/Obj/twi_scanner_pca10100/system_nrf52840.o
                0x0000070c                nvmc_wait
 .text.nvmc_config
                0x00000724       0x20 Output/Debug/Obj/twi_scanner_pca10100/system_nrf52840.o
                0x00000724                nvmc_config
 .text.SystemCoreClockUpdate
                0x00000744       0x14 Output/Debug/Obj/twi_scanner_pca10100/system_nrf52840.o
                0x00000744                SystemCoreClockUpdate
 .text.SystemInit
                0x00000758      0x1bc Output/Debug/Obj/twi_scanner_pca10100/system_nrf52840.o
                0x00000758                SystemInit
 .text.nrfx_coredep_delay_us
                0x00000914       0x30 Output/Debug/Obj/twi_scanner_pca10100/nrf_drv_twi.o
 .text.nrf_gpio_pin_port_decode
                0x00000944       0x4c Output/Debug/Obj/twi_scanner_pca10100/nrf_drv_twi.o
 .text.nrf_gpio_pin_set
                0x00000990       0x28 Output/Debug/Obj/twi_scanner_pca10100/nrf_drv_twi.o
 .text.nrf_gpio_pin_clear
                0x000009b8       0x28 Output/Debug/Obj/twi_scanner_pca10100/nrf_drv_twi.o
 .text.nrf_gpio_pin_read
                0x000009e0       0x2a Output/Debug/Obj/twi_scanner_pca10100/nrf_drv_twi.o
 .text.nrf_gpio_port_in_read
                0x00000a0a       0x10 Output/Debug/Obj/twi_scanner_pca10100/nrf_drv_twi.o
 .text.nrf_gpio_port_out_set
                0x00000a1a       0x14 Output/Debug/Obj/twi_scanner_pca10100/nrf_drv_twi.o
 .text.nrf_gpio_port_out_clear
                0x00000a2e       0x14 Output/Debug/Obj/twi_scanner_pca10100/nrf_drv_twi.o
 .text.nrf_gpio_pin_present_check
                0x00000a42       0x50 Output/Debug/Obj/twi_scanner_pca10100/nrf_drv_twi.o
 .text.twi_clear_bus
                0x00000a92       0xde Output/Debug/Obj/twi_scanner_pca10100/nrf_drv_twi.o
 .text.twim_evt_handler
                0x00000b70       0x6c Output/Debug/Obj/twi_scanner_pca10100/nrf_drv_twi.o
 .text.nrf_drv_twi_init
                0x00000bdc       0x68 Output/Debug/Obj/twi_scanner_pca10100/nrf_drv_twi.o
                0x00000bdc                nrf_drv_twi_init
 .text.uarte_evt_handler
                0x00000c44       0x50 Output/Debug/Obj/twi_scanner_pca10100/nrf_drv_uart.o
 .text.uart_evt_handler
                0x00000c94       0x50 Output/Debug/Obj/twi_scanner_pca10100/nrf_drv_uart.o
 .text.nrf_drv_uart_init
                0x00000ce4       0xc0 Output/Debug/Obj/twi_scanner_pca10100/nrf_drv_uart.o
                0x00000ce4                nrf_drv_uart_init
 .text.UARTE0_UART0_IRQHandler
                0x00000da4       0x24 Output/Debug/Obj/twi_scanner_pca10100/nrfx_prs.o
                0x00000da4                UARTE0_UART0_IRQHandler
 .text.prs_box_get
                0x00000dc8       0x20 Output/Debug/Obj/twi_scanner_pca10100/nrfx_prs.o
 .text.nrfx_prs_acquire
                0x00000de8       0x74 Output/Debug/Obj/twi_scanner_pca10100/nrfx_prs.o
                0x00000de8                nrfx_prs_acquire
 .text.nrfx_prs_release
                0x00000e5c       0x3c Output/Debug/Obj/twi_scanner_pca10100/nrfx_prs.o
                0x00000e5c                nrfx_prs_release
 .text.__NVIC_EnableIRQ
                0x00000e98       0x34 Output/Debug/Obj/twi_scanner_pca10100/nrfx_twim.o
 .text.__NVIC_ClearPendingIRQ
                0x00000ecc       0x38 Output/Debug/Obj/twi_scanner_pca10100/nrfx_twim.o
 .text.__NVIC_SetPriority
                0x00000f04       0x50 Output/Debug/Obj/twi_scanner_pca10100/nrfx_twim.o
 .text.nrfx_is_in_ram
                0x00000f54       0x1c Output/Debug/Obj/twi_scanner_pca10100/nrfx_twim.o
 .text.nrfx_get_irq_number
                0x00000f70       0x10 Output/Debug/Obj/twi_scanner_pca10100/nrfx_twim.o
 .text._NRFX_IRQ_PRIORITY_SET
                0x00000f80       0x40 Output/Debug/Obj/twi_scanner_pca10100/nrfx_twim.o
 .text._NRFX_IRQ_ENABLE
                0x00000fc0       0x1c Output/Debug/Obj/twi_scanner_pca10100/nrfx_twim.o
 .text._NRFX_IRQ_PENDING_CLEAR
                0x00000fdc       0x1c Output/Debug/Obj/twi_scanner_pca10100/nrfx_twim.o
 .text.nrf_twim_task_trigger
                0x00000ff8       0x1c Output/Debug/Obj/twi_scanner_pca10100/nrfx_twim.o
 .text.nrf_twim_event_clear
                0x00001014       0x2a Output/Debug/Obj/twi_scanner_pca10100/nrfx_twim.o
 .text.nrf_twim_event_check
                0x0000103e       0x24 Output/Debug/Obj/twi_scanner_pca10100/nrfx_twim.o
 .text.nrf_twim_int_enable
                0x00001062       0x14 Output/Debug/Obj/twi_scanner_pca10100/nrfx_twim.o
 .text.nrf_twim_int_disable
                0x00001076       0x14 Output/Debug/Obj/twi_scanner_pca10100/nrfx_twim.o
 .text.nrf_twim_enable
                0x0000108a       0x12 Output/Debug/Obj/twi_scanner_pca10100/nrfx_twim.o
 .text.nrf_twim_disable
                0x0000109c       0x12 Output/Debug/Obj/twi_scanner_pca10100/nrfx_twim.o
 .text.nrf_twim_pins_set
                0x000010ae       0x1e Output/Debug/Obj/twi_scanner_pca10100/nrfx_twim.o
 .text.nrf_twim_frequency_set
                0x000010cc       0x14 Output/Debug/Obj/twi_scanner_pca10100/nrfx_twim.o
 .text.nrf_twim_errorsrc_get_and_clear
                0x000010e0       0x1c Output/Debug/Obj/twi_scanner_pca10100/nrfx_twim.o
 .text.nrf_twim_address_set
                0x000010fc       0x1a Output/Debug/Obj/twi_scanner_pca10100/nrfx_twim.o
 .text.nrf_twim_tx_buffer_set
                0x00001116       0x1e Output/Debug/Obj/twi_scanner_pca10100/nrfx_twim.o
 .text.nrf_twim_rx_buffer_set
                0x00001134       0x1e Output/Debug/Obj/twi_scanner_pca10100/nrfx_twim.o
 .text.nrf_twim_shorts_set
                0x00001152       0x14 Output/Debug/Obj/twi_scanner_pca10100/nrfx_twim.o
 .text.nrf_twim_txd_amount_get
                0x00001166       0x10 Output/Debug/Obj/twi_scanner_pca10100/nrfx_twim.o
 .text.nrf_twim_shorts_get
                0x00001176       0x10 Output/Debug/Obj/twi_scanner_pca10100/nrfx_twim.o
 .text.nrf_twim_rxd_amount_get
                0x00001186       0x10 Output/Debug/Obj/twi_scanner_pca10100/nrfx_twim.o
 .text.nrf_twim_tx_list_enable
                0x00001196       0x12 Output/Debug/Obj/twi_scanner_pca10100/nrfx_twim.o
 .text.nrf_twim_tx_list_disable
                0x000011a8       0x12 Output/Debug/Obj/twi_scanner_pca10100/nrfx_twim.o
 .text.nrf_twim_rx_list_enable
                0x000011ba       0x12 Output/Debug/Obj/twi_scanner_pca10100/nrfx_twim.o
 .text.nrf_twim_rx_list_disable
                0x000011cc       0x12 Output/Debug/Obj/twi_scanner_pca10100/nrfx_twim.o
 *fill*         0x000011de        0x2 
 .text.nrf_gpio_pin_port_decode
                0x000011e0       0x4c Output/Debug/Obj/twi_scanner_pca10100/nrfx_twim.o
 .text.nrf_gpio_cfg
                0x0000122c       0x62 Output/Debug/Obj/twi_scanner_pca10100/nrfx_twim.o
 .text.nrf_gpio_pin_present_check
                0x0000128e       0x50 Output/Debug/Obj/twi_scanner_pca10100/nrfx_twim.o
 .text.twi_process_error
                0x000012de       0x40 Output/Debug/Obj/twi_scanner_pca10100/nrfx_twim.o
 *fill*         0x0000131e        0x2 
 .text.xfer_completeness_check
                0x00001320       0xfc Output/Debug/Obj/twi_scanner_pca10100/nrfx_twim.o
 .text.nrfx_twim_init
                0x0000141c      0x148 Output/Debug/Obj/twi_scanner_pca10100/nrfx_twim.o
                0x0000141c                nrfx_twim_init
 .text.nrfx_twim_enable
                0x00001564       0x50 Output/Debug/Obj/twi_scanner_pca10100/nrfx_twim.o
                0x00001564                nrfx_twim_enable
 .text.twim_list_enable_handle
                0x000015b4       0x40 Output/Debug/Obj/twi_scanner_pca10100/nrfx_twim.o
 .text.twim_xfer
                0x000015f4      0x440 Output/Debug/Obj/twi_scanner_pca10100/nrfx_twim.o
 .text.nrfx_twim_xfer
                0x00001a34       0xb8 Output/Debug/Obj/twi_scanner_pca10100/nrfx_twim.o
                0x00001a34                nrfx_twim_xfer
 .text.nrfx_twim_rx
                0x00001aec       0x44 Output/Debug/Obj/twi_scanner_pca10100/nrfx_twim.o
                0x00001aec                nrfx_twim_rx
 .text.twim_irq_handler
                0x00001b30      0x2a4 Output/Debug/Obj/twi_scanner_pca10100/nrfx_twim.o
 .text.SPIM0_SPIS0_TWIM0_TWIS0_SPI0_TWI0_IRQHandler
                0x00001dd4       0x18 Output/Debug/Obj/twi_scanner_pca10100/nrfx_twim.o
                0x00001dd4                SPIM0_SPIS0_TWIM0_TWIS0_SPI0_TWI0_IRQHandler
 .text.SPIM1_SPIS1_TWIM1_TWIS1_SPI1_TWI1_IRQHandler
                0x00001dec       0x14 Output/Debug/Obj/twi_scanner_pca10100/nrfx_twim.o
                0x00001dec                SPIM1_SPIS1_TWIM1_TWIS1_SPI1_TWI1_IRQHandler
 .text.__NVIC_EnableIRQ
                0x00001e00       0x34 Output/Debug/Obj/twi_scanner_pca10100/nrfx_uart.o
 .text.__NVIC_DisableIRQ
                0x00001e34       0x44 Output/Debug/Obj/twi_scanner_pca10100/nrfx_uart.o
 .text.__NVIC_SetPriority
                0x00001e78       0x50 Output/Debug/Obj/twi_scanner_pca10100/nrfx_uart.o
 .text.nrfx_get_irq_number
                0x00001ec8       0x10 Output/Debug/Obj/twi_scanner_pca10100/nrfx_uart.o
 .text._NRFX_IRQ_PRIORITY_SET
                0x00001ed8       0x40 Output/Debug/Obj/twi_scanner_pca10100/nrfx_uart.o
 .text._NRFX_IRQ_ENABLE
                0x00001f18       0x1c Output/Debug/Obj/twi_scanner_pca10100/nrfx_uart.o
 .text._NRFX_IRQ_DISABLE
                0x00001f34       0x1c Output/Debug/Obj/twi_scanner_pca10100/nrfx_uart.o
 .text.nrf_uart_event_clear
                0x00001f50       0x2a Output/Debug/Obj/twi_scanner_pca10100/nrfx_uart.o
 .text.nrf_uart_event_check
                0x00001f7a       0x24 Output/Debug/Obj/twi_scanner_pca10100/nrfx_uart.o
 .text.nrf_uart_int_enable
                0x00001f9e       0x14 Output/Debug/Obj/twi_scanner_pca10100/nrfx_uart.o
 .text.nrf_uart_int_enable_check
                0x00001fb2       0x20 Output/Debug/Obj/twi_scanner_pca10100/nrfx_uart.o
 .text.nrf_uart_int_disable
                0x00001fd2       0x14 Output/Debug/Obj/twi_scanner_pca10100/nrfx_uart.o
 .text.nrf_uart_errorsrc_get_and_clear
                0x00001fe6       0x1c Output/Debug/Obj/twi_scanner_pca10100/nrfx_uart.o
 .text.nrf_uart_enable
                0x00002002       0x12 Output/Debug/Obj/twi_scanner_pca10100/nrfx_uart.o
 .text.nrf_uart_disable
                0x00002014       0x12 Output/Debug/Obj/twi_scanner_pca10100/nrfx_uart.o
 .text.nrf_uart_txrx_pins_set
                0x00002026       0x1e Output/Debug/Obj/twi_scanner_pca10100/nrfx_uart.o
 .text.nrf_uart_txrx_pins_disconnect
                0x00002044       0x1c Output/Debug/Obj/twi_scanner_pca10100/nrfx_uart.o
 .text.nrf_uart_tx_pin_get
                0x00002060       0x10 Output/Debug/Obj/twi_scanner_pca10100/nrfx_uart.o
 .text.nrf_uart_rx_pin_get
                0x00002070       0x10 Output/Debug/Obj/twi_scanner_pca10100/nrfx_uart.o
 .text.nrf_uart_rts_pin_get
                0x00002080       0x10 Output/Debug/Obj/twi_scanner_pca10100/nrfx_uart.o
 .text.nrf_uart_cts_pin_get
                0x00002090       0x10 Output/Debug/Obj/twi_scanner_pca10100/nrfx_uart.o
 .text.nrf_uart_hwfc_pins_set
                0x000020a0       0x1e Output/Debug/Obj/twi_scanner_pca10100/nrfx_uart.o
 .text.nrf_uart_hwfc_pins_disconnect
                0x000020be       0x1c Output/Debug/Obj/twi_scanner_pca10100/nrfx_uart.o
 .text.nrf_uart_rxd_get
                0x000020da       0x12 Output/Debug/Obj/twi_scanner_pca10100/nrfx_uart.o
 .text.nrf_uart_txd_set
                0x000020ec       0x1a Output/Debug/Obj/twi_scanner_pca10100/nrfx_uart.o
 .text.nrf_uart_task_trigger
                0x00002106       0x1c Output/Debug/Obj/twi_scanner_pca10100/nrfx_uart.o
 .text.nrf_uart_configure
                0x00002122       0x2a Output/Debug/Obj/twi_scanner_pca10100/nrfx_uart.o
 .text.nrf_uart_baudrate_set
                0x0000214c       0x14 Output/Debug/Obj/twi_scanner_pca10100/nrfx_uart.o
 .text.nrf_gpio_pin_port_decode
                0x00002160       0x4c Output/Debug/Obj/twi_scanner_pca10100/nrfx_uart.o
 .text.nrf_gpio_cfg
                0x000021ac       0x62 Output/Debug/Obj/twi_scanner_pca10100/nrfx_uart.o
 .text.nrf_gpio_cfg_output
                0x0000220e       0x22 Output/Debug/Obj/twi_scanner_pca10100/nrfx_uart.o
 .text.nrf_gpio_cfg_input
                0x00002230       0x2a Output/Debug/Obj/twi_scanner_pca10100/nrfx_uart.o
 .text.nrf_gpio_cfg_default
                0x0000225a       0x22 Output/Debug/Obj/twi_scanner_pca10100/nrfx_uart.o
 .text.nrf_gpio_pin_set
                0x0000227c       0x28 Output/Debug/Obj/twi_scanner_pca10100/nrfx_uart.o
 .text.nrf_gpio_port_out_set
                0x000022a4       0x14 Output/Debug/Obj/twi_scanner_pca10100/nrfx_uart.o
 .text.nrf_gpio_pin_present_check
                0x000022b8       0x50 Output/Debug/Obj/twi_scanner_pca10100/nrfx_uart.o
 .text.apply_config
                0x00002308       0xc6 Output/Debug/Obj/twi_scanner_pca10100/nrfx_uart.o
 *fill*         0x000023ce        0x2 
 .text.interrupts_enable
                0x000023d0       0x6c Output/Debug/Obj/twi_scanner_pca10100/nrfx_uart.o
 .text.interrupts_disable
                0x0000243c       0x30 Output/Debug/Obj/twi_scanner_pca10100/nrfx_uart.o
 .text.pins_to_default
                0x0000246c       0x8a Output/Debug/Obj/twi_scanner_pca10100/nrfx_uart.o
 *fill*         0x000024f6        0x2 
 .text.nrfx_uart_init
                0x000024f8       0xd4 Output/Debug/Obj/twi_scanner_pca10100/nrfx_uart.o
                0x000024f8                nrfx_uart_init
 .text.nrfx_uart_uninit
                0x000025cc       0x5c Output/Debug/Obj/twi_scanner_pca10100/nrfx_uart.o
                0x000025cc                nrfx_uart_uninit
 .text.tx_byte  0x00002628       0x40 Output/Debug/Obj/twi_scanner_pca10100/nrfx_uart.o
 .text.tx_blocking
                0x00002668       0x52 Output/Debug/Obj/twi_scanner_pca10100/nrfx_uart.o
 *fill*         0x000026ba        0x2 
 .text.nrfx_uart_tx
                0x000026bc      0x110 Output/Debug/Obj/twi_scanner_pca10100/nrfx_uart.o
                0x000026bc                nrfx_uart_tx
 .text.nrfx_uart_tx_in_progress
                0x000027cc       0x2c Output/Debug/Obj/twi_scanner_pca10100/nrfx_uart.o
                0x000027cc                nrfx_uart_tx_in_progress
 .text.rx_byte  0x000027f8       0x4e Output/Debug/Obj/twi_scanner_pca10100/nrfx_uart.o
 .text.rx_done_event
                0x00002846       0x2e Output/Debug/Obj/twi_scanner_pca10100/nrfx_uart.o
 .text.tx_done_event
                0x00002874       0x34 Output/Debug/Obj/twi_scanner_pca10100/nrfx_uart.o
 .text.uart_irq_handler
                0x000028a8      0x1de Output/Debug/Obj/twi_scanner_pca10100/nrfx_uart.o
 *fill*         0x00002a86        0x2 
 .text.nrfx_uart_0_irq_handler
                0x00002a88       0x18 Output/Debug/Obj/twi_scanner_pca10100/nrfx_uart.o
                0x00002a88                nrfx_uart_0_irq_handler
 .text.__NVIC_EnableIRQ
                0x00002aa0       0x34 Output/Debug/Obj/twi_scanner_pca10100/nrfx_uarte.o
 .text.__NVIC_DisableIRQ
                0x00002ad4       0x44 Output/Debug/Obj/twi_scanner_pca10100/nrfx_uarte.o
 .text.__NVIC_SetPriority
                0x00002b18       0x50 Output/Debug/Obj/twi_scanner_pca10100/nrfx_uarte.o
 .text.nrfx_is_in_ram
                0x00002b68       0x1c Output/Debug/Obj/twi_scanner_pca10100/nrfx_uarte.o
 .text.nrfx_get_irq_number
                0x00002b84       0x10 Output/Debug/Obj/twi_scanner_pca10100/nrfx_uarte.o
 .text._NRFX_IRQ_PRIORITY_SET
                0x00002b94       0x40 Output/Debug/Obj/twi_scanner_pca10100/nrfx_uarte.o
 .text._NRFX_IRQ_ENABLE
                0x00002bd4       0x1c Output/Debug/Obj/twi_scanner_pca10100/nrfx_uarte.o
 .text._NRFX_IRQ_DISABLE
                0x00002bf0       0x1c Output/Debug/Obj/twi_scanner_pca10100/nrfx_uarte.o
 .text.nrf_uarte_event_clear
                0x00002c0c       0x2a Output/Debug/Obj/twi_scanner_pca10100/nrfx_uarte.o
 .text.nrf_uarte_event_check
                0x00002c36       0x24 Output/Debug/Obj/twi_scanner_pca10100/nrfx_uarte.o
 .text.nrf_uarte_shorts_disable
                0x00002c5a       0x1e Output/Debug/Obj/twi_scanner_pca10100/nrfx_uarte.o
 .text.nrf_uarte_int_enable
                0x00002c78       0x14 Output/Debug/Obj/twi_scanner_pca10100/nrfx_uarte.o
 .text.nrf_uarte_int_disable
                0x00002c8c       0x14 Output/Debug/Obj/twi_scanner_pca10100/nrfx_uarte.o
 .text.nrf_uarte_errorsrc_get_and_clear
                0x00002ca0       0x1c Output/Debug/Obj/twi_scanner_pca10100/nrfx_uarte.o
 .text.nrf_uarte_enable
                0x00002cbc       0x12 Output/Debug/Obj/twi_scanner_pca10100/nrfx_uarte.o
 .text.nrf_uarte_disable
                0x00002cce       0x12 Output/Debug/Obj/twi_scanner_pca10100/nrfx_uarte.o
 .text.nrf_uarte_txrx_pins_set
                0x00002ce0       0x1e Output/Debug/Obj/twi_scanner_pca10100/nrfx_uarte.o
 .text.nrf_uarte_txrx_pins_disconnect
                0x00002cfe       0x1c Output/Debug/Obj/twi_scanner_pca10100/nrfx_uarte.o
 .text.nrf_uarte_tx_pin_get
                0x00002d1a       0x10 Output/Debug/Obj/twi_scanner_pca10100/nrfx_uarte.o
 .text.nrf_uarte_rx_pin_get
                0x00002d2a       0x10 Output/Debug/Obj/twi_scanner_pca10100/nrfx_uarte.o
 .text.nrf_uarte_rts_pin_get
                0x00002d3a       0x10 Output/Debug/Obj/twi_scanner_pca10100/nrfx_uarte.o
 .text.nrf_uarte_cts_pin_get
                0x00002d4a       0x10 Output/Debug/Obj/twi_scanner_pca10100/nrfx_uarte.o
 .text.nrf_uarte_hwfc_pins_set
                0x00002d5a       0x1e Output/Debug/Obj/twi_scanner_pca10100/nrfx_uarte.o
 .text.nrf_uarte_hwfc_pins_disconnect
                0x00002d78       0x1c Output/Debug/Obj/twi_scanner_pca10100/nrfx_uarte.o
 .text.nrf_uarte_task_trigger
                0x00002d94       0x1c Output/Debug/Obj/twi_scanner_pca10100/nrfx_uarte.o
 .text.nrf_uarte_configure
                0x00002db0       0x2a Output/Debug/Obj/twi_scanner_pca10100/nrfx_uarte.o
 .text.nrf_uarte_baudrate_set
                0x00002dda       0x14 Output/Debug/Obj/twi_scanner_pca10100/nrfx_uarte.o
 .text.nrf_uarte_tx_buffer_set
                0x00002dee       0x1e Output/Debug/Obj/twi_scanner_pca10100/nrfx_uarte.o
 .text.nrf_uarte_tx_amount_get
                0x00002e0c       0x10 Output/Debug/Obj/twi_scanner_pca10100/nrfx_uarte.o
 .text.nrf_uarte_rx_amount_get
                0x00002e1c       0x10 Output/Debug/Obj/twi_scanner_pca10100/nrfx_uarte.o
 .text.nrf_gpio_pin_port_decode
                0x00002e2c       0x4c Output/Debug/Obj/twi_scanner_pca10100/nrfx_uarte.o
 .text.nrf_gpio_cfg
                0x00002e78       0x62 Output/Debug/Obj/twi_scanner_pca10100/nrfx_uarte.o
 .text.nrf_gpio_cfg_output
                0x00002eda       0x22 Output/Debug/Obj/twi_scanner_pca10100/nrfx_uarte.o
 .text.nrf_gpio_cfg_input
                0x00002efc       0x2a Output/Debug/Obj/twi_scanner_pca10100/nrfx_uarte.o
 .text.nrf_gpio_cfg_default
                0x00002f26       0x22 Output/Debug/Obj/twi_scanner_pca10100/nrfx_uarte.o
 .text.nrf_gpio_pin_set
                0x00002f48       0x28 Output/Debug/Obj/twi_scanner_pca10100/nrfx_uarte.o
 .text.nrf_gpio_port_out_set
                0x00002f70       0x14 Output/Debug/Obj/twi_scanner_pca10100/nrfx_uarte.o
 .text.nrf_gpio_pin_present_check
                0x00002f84       0x50 Output/Debug/Obj/twi_scanner_pca10100/nrfx_uarte.o
 .text.apply_config
                0x00002fd4       0xc6 Output/Debug/Obj/twi_scanner_pca10100/nrfx_uarte.o
 *fill*         0x0000309a        0x2 
 .text.interrupts_enable
                0x0000309c       0x98 Output/Debug/Obj/twi_scanner_pca10100/nrfx_uarte.o
 .text.interrupts_disable
                0x00003134       0x30 Output/Debug/Obj/twi_scanner_pca10100/nrfx_uarte.o
 .text.pins_to_default
                0x00003164       0x8a Output/Debug/Obj/twi_scanner_pca10100/nrfx_uarte.o
 *fill*         0x000031ee        0x2 
 .text.nrfx_uarte_init
                0x000031f0       0xcc Output/Debug/Obj/twi_scanner_pca10100/nrfx_uarte.o
                0x000031f0                nrfx_uarte_init
 .text.nrfx_uarte_uninit
                0x000032bc       0xc4 Output/Debug/Obj/twi_scanner_pca10100/nrfx_uarte.o
                0x000032bc                nrfx_uarte_uninit
 .text.nrfx_uarte_tx
                0x00003380      0x180 Output/Debug/Obj/twi_scanner_pca10100/nrfx_uarte.o
                0x00003380                nrfx_uarte_tx
 .text.nrfx_uarte_tx_in_progress
                0x00003500       0x30 Output/Debug/Obj/twi_scanner_pca10100/nrfx_uarte.o
                0x00003500                nrfx_uarte_tx_in_progress
 .text.rx_done_event
                0x00003530       0x2e Output/Debug/Obj/twi_scanner_pca10100/nrfx_uarte.o
 .text.tx_done_event
                0x0000355e       0x34 Output/Debug/Obj/twi_scanner_pca10100/nrfx_uarte.o
 .text.uarte_irq_handler
                0x00003592      0x18c Output/Debug/Obj/twi_scanner_pca10100/nrfx_uarte.o
 *fill*         0x0000371e        0x2 
 .text.nrfx_uarte_0_irq_handler
                0x00003720       0x18 Output/Debug/Obj/twi_scanner_pca10100/nrfx_uarte.o
                0x00003720                nrfx_uarte_0_irq_handler
 .text.app_error_save_and_stop
                0x00003738       0x98 Output/Debug/Obj/twi_scanner_pca10100/app_error.o
                0x00003738                app_error_save_and_stop
 .text.app_error_handler
                0x000037d0       0x1c Output/Debug/Obj/twi_scanner_pca10100/app_error_handler_gcc.o
                0x000037d0                app_error_handler
 .text.app_error_fault_handler
                0x000037ec       0xf0 Output/Debug/Obj/twi_scanner_pca10100/app_error_weak.o
                0x000037ec                app_error_fault_handler
 .text.app_util_disable_irq
                0x000038dc       0x18 Output/Debug/Obj/twi_scanner_pca10100/app_util_platform.o
                0x000038dc                app_util_disable_irq
 .text.app_util_enable_irq
                0x000038f4       0x20 Output/Debug/Obj/twi_scanner_pca10100/app_util_platform.o
                0x000038f4                app_util_enable_irq
 .text.app_util_critical_region_enter
                0x00003914       0x28 Output/Debug/Obj/twi_scanner_pca10100/app_util_platform.o
                0x00003914                app_util_critical_region_enter
 .text.app_util_critical_region_exit
                0x0000393c       0x2c Output/Debug/Obj/twi_scanner_pca10100/app_util_platform.o
                0x0000393c                app_util_critical_region_exit
 .text.privilege_level_get
                0x00003968       0x3a Output/Debug/Obj/twi_scanner_pca10100/app_util_platform.o
                0x00003968                privilege_level_get
 .text.assert_nrf_callback
                0x000039a2       0x2c Output/Debug/Obj/twi_scanner_pca10100/nrf_assert.o
                0x000039a2                assert_nrf_callback
 .text.nrf_atomic_u32_fetch_store
                0x000039ce       0x2e Output/Debug/Obj/twi_scanner_pca10100/nrf_atomic.o
                0x000039ce                nrf_atomic_u32_fetch_store
 .text.nrf_atomic_u32_or
                0x000039fc       0x30 Output/Debug/Obj/twi_scanner_pca10100/nrf_atomic.o
                0x000039fc                nrf_atomic_u32_or
 .text.nrf_atomic_u32_fetch_and
                0x00003a2c       0x30 Output/Debug/Obj/twi_scanner_pca10100/nrf_atomic.o
                0x00003a2c                nrf_atomic_u32_fetch_and
 .text.nrf_atomic_u32_add
                0x00003a5c       0x30 Output/Debug/Obj/twi_scanner_pca10100/nrf_atomic.o
                0x00003a5c                nrf_atomic_u32_add
 .text.nrf_atomic_u32_sub
                0x00003a8c       0x30 Output/Debug/Obj/twi_scanner_pca10100/nrf_atomic.o
                0x00003a8c                nrf_atomic_u32_sub
 .text.nrf_atomic_flag_set
                0x00003abc       0x18 Output/Debug/Obj/twi_scanner_pca10100/nrf_atomic.o
                0x00003abc                nrf_atomic_flag_set
 .text.nrf_atomic_flag_clear_fetch
                0x00003ad4       0x18 Output/Debug/Obj/twi_scanner_pca10100/nrf_atomic.o
                0x00003ad4                nrf_atomic_flag_clear_fetch
 .text.nrf_balloc_idx2block
                0x00003aec       0x38 Output/Debug/Obj/twi_scanner_pca10100/nrf_balloc.o
 .text.nrf_balloc_block2idx
                0x00003b24       0x34 Output/Debug/Obj/twi_scanner_pca10100/nrf_balloc.o
 .text.nrf_balloc_init
                0x00003b58       0xb8 Output/Debug/Obj/twi_scanner_pca10100/nrf_balloc.o
                0x00003b58                nrf_balloc_init
 .text.nrf_balloc_alloc
                0x00003c10       0x84 Output/Debug/Obj/twi_scanner_pca10100/nrf_balloc.o
                0x00003c10                nrf_balloc_alloc
 .text.nrf_balloc_free
                0x00003c94       0x58 Output/Debug/Obj/twi_scanner_pca10100/nrf_balloc.o
                0x00003c94                nrf_balloc_free
 .text.nrf_fprintf_buffer_flush
                0x00003cec       0x44 Output/Debug/Obj/twi_scanner_pca10100/nrf_fprintf.o
                0x00003cec                nrf_fprintf_buffer_flush
 .text.nrf_fprintf
                0x00003d30       0x74 Output/Debug/Obj/twi_scanner_pca10100/nrf_fprintf.o
                0x00003d30                nrf_fprintf
 .text.buffer_add
                0x00003da4       0x4c Output/Debug/Obj/twi_scanner_pca10100/nrf_fprintf_format.o
 .text.string_print
                0x00003df0       0xc2 Output/Debug/Obj/twi_scanner_pca10100/nrf_fprintf_format.o
 *fill*         0x00003eb2        0x2 
 .text.unsigned_print
                0x00003eb4      0x130 Output/Debug/Obj/twi_scanner_pca10100/nrf_fprintf_format.o
 .text.int_print
                0x00003fe4      0x11c Output/Debug/Obj/twi_scanner_pca10100/nrf_fprintf_format.o
 .text.nrf_fprintf_fmt
                0x00004100      0x388 Output/Debug/Obj/twi_scanner_pca10100/nrf_fprintf_format.o
                0x00004100                nrf_fprintf_fmt
 .text.nrf_memobj_pool_init
                0x00004488       0x16 Output/Debug/Obj/twi_scanner_pca10100/nrf_memobj.o
                0x00004488                nrf_memobj_pool_init
 .text.nrf_memobj_alloc
                0x0000449e       0xae Output/Debug/Obj/twi_scanner_pca10100/nrf_memobj.o
                0x0000449e                nrf_memobj_alloc
 .text.nrf_memobj_free
                0x0000454c       0x74 Output/Debug/Obj/twi_scanner_pca10100/nrf_memobj.o
                0x0000454c                nrf_memobj_free
 .text.nrf_memobj_get
                0x000045c0       0x1e Output/Debug/Obj/twi_scanner_pca10100/nrf_memobj.o
                0x000045c0                nrf_memobj_get
 .text.nrf_memobj_put
                0x000045de       0x34 Output/Debug/Obj/twi_scanner_pca10100/nrf_memobj.o
                0x000045de                nrf_memobj_put
 *fill*         0x00004612        0x2 
 .text.memobj_op
                0x00004614      0x124 Output/Debug/Obj/twi_scanner_pca10100/nrf_memobj.o
 .text.nrf_memobj_write
                0x00004738       0x3c Output/Debug/Obj/twi_scanner_pca10100/nrf_memobj.o
                0x00004738                nrf_memobj_write
 .text.nrf_memobj_read
                0x00004774       0x40 Output/Debug/Obj/twi_scanner_pca10100/nrf_memobj.o
                0x00004774                nrf_memobj_read
 .text.nrf_ringbuf_init
                0x000047b4       0x3a Output/Debug/Obj/twi_scanner_pca10100/nrf_ringbuf.o
                0x000047b4                nrf_ringbuf_init
 *fill*         0x000047ee        0x2 
 .text.nrf_strerror_get
                0x000047f0       0x28 Output/Debug/Obj/twi_scanner_pca10100/nrf_strerror.o
                0x000047f0                nrf_strerror_get
 .text.nrf_strerror_find
                0x00004818       0x68 Output/Debug/Obj/twi_scanner_pca10100/nrf_strerror.o
                0x00004818                nrf_strerror_find
 .text.nrf_log_backend_serial_put
                0x00004880      0x124 Output/Debug/Obj/twi_scanner_pca10100/nrf_log_backend_serial.o
                0x00004880                nrf_log_backend_serial_put
 .text.nrf_drv_uart_uninit
                0x000049a4       0x44 Output/Debug/Obj/twi_scanner_pca10100/nrf_log_backend_uart.o
 .text.nrf_drv_uart_tx
                0x000049e8       0x64 Output/Debug/Obj/twi_scanner_pca10100/nrf_log_backend_uart.o
 .text.uart_evt_handler
                0x00004a4c       0x18 Output/Debug/Obj/twi_scanner_pca10100/nrf_log_backend_uart.o
 .text.uart_init
                0x00004a64       0x88 Output/Debug/Obj/twi_scanner_pca10100/nrf_log_backend_uart.o
 .text.nrf_log_backend_uart_init
                0x00004aec       0x1c Output/Debug/Obj/twi_scanner_pca10100/nrf_log_backend_uart.o
                0x00004aec                nrf_log_backend_uart_init
 .text.serial_tx
                0x00004b08       0x6c Output/Debug/Obj/twi_scanner_pca10100/nrf_log_backend_uart.o
 .text.nrf_log_backend_uart_put
                0x00004b74       0x28 Output/Debug/Obj/twi_scanner_pca10100/nrf_log_backend_uart.o
 .text.nrf_log_backend_uart_flush
                0x00004b9c        0xa Output/Debug/Obj/twi_scanner_pca10100/nrf_log_backend_uart.o
 *fill*         0x00004ba6        0x2 
 .text.nrf_log_backend_uart_panic_set
                0x00004ba8       0x20 Output/Debug/Obj/twi_scanner_pca10100/nrf_log_backend_uart.o
 .text.nrf_log_backend_enable
                0x00004bc8       0x12 Output/Debug/Obj/twi_scanner_pca10100/nrf_log_default_backends.o
 *fill*         0x00004bda        0x2 
 .text.nrf_log_default_backends_init
                0x00004bdc       0x3c Output/Debug/Obj/twi_scanner_pca10100/nrf_log_default_backends.o
                0x00004bdc                nrf_log_default_backends_init
 .text.nrf_log_backend_put
                0x00004c18       0x1c Output/Debug/Obj/twi_scanner_pca10100/nrf_log_frontend.o
 .text.nrf_log_backend_panic_set
                0x00004c34       0x18 Output/Debug/Obj/twi_scanner_pca10100/nrf_log_frontend.o
 .text.nrf_log_backend_flush
                0x00004c4c       0x18 Output/Debug/Obj/twi_scanner_pca10100/nrf_log_frontend.o
 .text.nrf_log_backend_id_set
                0x00004c64       0x1a Output/Debug/Obj/twi_scanner_pca10100/nrf_log_frontend.o
 .text.nrf_log_backend_id_get
                0x00004c7e       0x10 Output/Debug/Obj/twi_scanner_pca10100/nrf_log_frontend.o
 .text.nrf_log_backend_enable
                0x00004c8e       0x12 Output/Debug/Obj/twi_scanner_pca10100/nrf_log_frontend.o
 .text.nrf_log_backend_is_enabled
                0x00004ca0       0x10 Output/Debug/Obj/twi_scanner_pca10100/nrf_log_frontend.o
 .text.nrf_log_init
                0x00004cb0       0x50 Output/Debug/Obj/twi_scanner_pca10100/nrf_log_frontend.o
                0x00004cb0                nrf_log_init
 .text.nrf_log_module_cnt_get
                0x00004d00       0x14 Output/Debug/Obj/twi_scanner_pca10100/nrf_log_frontend.o
                0x00004d00                nrf_log_module_cnt_get
 .text.module_idx_get
                0x00004d14       0x64 Output/Debug/Obj/twi_scanner_pca10100/nrf_log_frontend.o
 .text.nrf_log_module_name_get
                0x00004d78       0x40 Output/Debug/Obj/twi_scanner_pca10100/nrf_log_frontend.o
                0x00004d78                nrf_log_module_name_get
 .text.nrf_log_color_id_get
                0x00004db8       0x70 Output/Debug/Obj/twi_scanner_pca10100/nrf_log_frontend.o
                0x00004db8                nrf_log_color_id_get
 .text.invalid_packets_omit
                0x00004e28       0x6e Output/Debug/Obj/twi_scanner_pca10100/nrf_log_frontend.o
 *fill*         0x00004e96        0x2 
 .text.log_skip
                0x00004e98      0x118 Output/Debug/Obj/twi_scanner_pca10100/nrf_log_frontend.o
 .text.dropped_sat16_get
                0x00004fb0       0x28 Output/Debug/Obj/twi_scanner_pca10100/nrf_log_frontend.o
 .text.std_header_set
                0x00004fd8       0xb4 Output/Debug/Obj/twi_scanner_pca10100/nrf_log_frontend.o
 .text.log_pending_hook
                0x0000508c        0x4 Output/Debug/Obj/twi_scanner_pca10100/nrf_log_frontend.o
                0x0000508c                log_pending_hook
 .text.buf_prealloc
                0x00005090      0x128 Output/Debug/Obj/twi_scanner_pca10100/nrf_log_frontend.o
 .text.std_n    0x000051b8       0x94 Output/Debug/Obj/twi_scanner_pca10100/nrf_log_frontend.o
 .text.nrf_log_frontend_std_0
                0x0000524c       0x1c Output/Debug/Obj/twi_scanner_pca10100/nrf_log_frontend.o
                0x0000524c                nrf_log_frontend_std_0
 .text.nrf_log_frontend_std_1
                0x00005268       0x22 Output/Debug/Obj/twi_scanner_pca10100/nrf_log_frontend.o
                0x00005268                nrf_log_frontend_std_1
 .text.nrf_log_frontend_std_2
                0x0000528a       0x28 Output/Debug/Obj/twi_scanner_pca10100/nrf_log_frontend.o
                0x0000528a                nrf_log_frontend_std_2
 .text.nrf_log_frontend_std_5
                0x000052b2       0x34 Output/Debug/Obj/twi_scanner_pca10100/nrf_log_frontend.o
                0x000052b2                nrf_log_frontend_std_5
 *fill*         0x000052e6        0x2 
 .text.buffer_is_empty
                0x000052e8       0x1c Output/Debug/Obj/twi_scanner_pca10100/nrf_log_frontend.o
                0x000052e8                buffer_is_empty
 .text.nrf_log_frontend_dequeue
                0x00005304      0x3a0 Output/Debug/Obj/twi_scanner_pca10100/nrf_log_frontend.o
                0x00005304                nrf_log_frontend_dequeue
 .text.backend_id_assign
                0x000056a4       0x68 Output/Debug/Obj/twi_scanner_pca10100/nrf_log_frontend.o
 .text.nrf_log_backend_add
                0x0000570c       0x70 Output/Debug/Obj/twi_scanner_pca10100/nrf_log_frontend.o
                0x0000570c                nrf_log_backend_add
 .text.nrf_log_panic
                0x0000577c       0x3c Output/Debug/Obj/twi_scanner_pca10100/nrf_log_frontend.o
                0x0000577c                nrf_log_panic
 .text.timestamp_print
                0x000057b8        0xc Output/Debug/Obj/twi_scanner_pca10100/nrf_log_str_formatter.o
 .text.prefix_process
                0x000057c4       0xb0 Output/Debug/Obj/twi_scanner_pca10100/nrf_log_str_formatter.o
 .text.postfix_process
                0x00005874       0x60 Output/Debug/Obj/twi_scanner_pca10100/nrf_log_str_formatter.o
 .text.nrf_log_std_entry_process
                0x000058d4      0x144 Output/Debug/Obj/twi_scanner_pca10100/nrf_log_str_formatter.o
                0x000058d4                nrf_log_std_entry_process
 .text.nrf_log_hexdump_entry_process
                0x00005a18       0xf0 Output/Debug/Obj/twi_scanner_pca10100/nrf_log_str_formatter.o
                0x00005a18                nrf_log_hexdump_entry_process
 .text.libc.__SEGGER_RTL_ascii_mbtowc
                0x00005b08       0x34 C:/Program Files/SEGGER/SEGGER Embedded Studio 8.10d/lib/libc_v7em_fpv4_sp_d16_hard_t_le_eabi_balanced.a(mbops.o)
                0x00005b08                __SEGGER_RTL_ascii_mbtowc
 .text.libc.__SEGGER_RTL_ascii_wctomb
                0x00005b3c        0xe C:/Program Files/SEGGER/SEGGER Embedded Studio 8.10d/lib/libc_v7em_fpv4_sp_d16_hard_t_le_eabi_balanced.a(mbops.o)
                0x00005b3c                __SEGGER_RTL_ascii_wctomb
 .text.libc.__SEGGER_RTL_isctype
                0x00005b4a       0x20 C:/Program Files/SEGGER/SEGGER Embedded Studio 8.10d/lib/libc_v7em_fpv4_sp_d16_hard_t_le_eabi_balanced.a(mbops.o)
 .text.libc.isprint
                0x00005b6a        0x6 C:/Program Files/SEGGER/SEGGER Embedded Studio 8.10d/lib/libc_v7em_fpv4_sp_d16_hard_t_le_eabi_balanced.a(mbops.o)
                0x00005b6a                isprint
 .text.libc.__SEGGER_RTL_ascii_isctype
                0x00005b70       0x20 C:/Program Files/SEGGER/SEGGER Embedded Studio 8.10d/lib/libc_v7em_fpv4_sp_d16_hard_t_le_eabi_balanced.a(mbops.o)
 .text.libc.__SEGGER_RTL_ascii_toupper
                0x00005b90        0xc C:/Program Files/SEGGER/SEGGER Embedded Studio 8.10d/lib/libc_v7em_fpv4_sp_d16_hard_t_le_eabi_balanced.a(mbops.o)
 .text.libc.__SEGGER_RTL_ascii_tolower
                0x00005b9c        0xc C:/Program Files/SEGGER/SEGGER Embedded Studio 8.10d/lib/libc_v7em_fpv4_sp_d16_hard_t_le_eabi_balanced.a(mbops.o)
 .text.libc.__SEGGER_RTL_ascii_iswctype
                0x00005ba8       0x20 C:/Program Files/SEGGER/SEGGER Embedded Studio 8.10d/lib/libc_v7em_fpv4_sp_d16_hard_t_le_eabi_balanced.a(mbops.o)
 .text.libc.__SEGGER_RTL_ascii_towupper
                0x00005bc8        0xc C:/Program Files/SEGGER/SEGGER Embedded Studio 8.10d/lib/libc_v7em_fpv4_sp_d16_hard_t_le_eabi_balanced.a(mbops.o)
 .text.libc.__SEGGER_RTL_ascii_towlower
                0x00005bd4        0xc C:/Program Files/SEGGER/SEGGER Embedded Studio 8.10d/lib/libc_v7em_fpv4_sp_d16_hard_t_le_eabi_balanced.a(mbops.o)
 .text.libc.__SEGGER_RTL_init_heap
                0x00005be0       0x18 C:/Program Files/SEGGER/SEGGER Embedded Studio 8.10d/lib/heapops_basic_v7em_fpv4_sp_d16_hard_t_le_eabi_balanced.a(heapops_basic.o)
                0x00005be0                __SEGGER_RTL_init_heap
 .text.libc.strlen
                0x00005bf8       0x2c C:/Program Files/SEGGER/SEGGER Embedded Studio 8.10d/lib/strops_unaligned_v7em_fpv4_sp_d16_hard_t_le_eabi_balanced.a(strops.o)
                0x00005bf8                strlen
 .text.libc.memcpy
                0x00005c24       0x5c C:/Program Files/SEGGER/SEGGER Embedded Studio 8.10d/lib/strops_unaligned_v7em_fpv4_sp_d16_hard_t_le_eabi_balanced.a(strasmops_arm.o)
                0x00005c24                __aeabi_memcpy
                0x00005c24                memcpy
                0x00005c42                __aeabi_memcpy8
                0x00005c42                __aeabi_memcpy4
                0x00005c80                        __text_end__ = (__text_start__ + SIZEOF (.text))
                0x0000589c                        __text_size__ = SIZEOF (.text)
                0x00005c80                        __text_load_end__ = __text_end__

.vfp11_veneer   0x00000000        0x0
 .vfp11_veneer  0x00000000        0x0 linker stubs

.v4_bx          0x00000000        0x0
 .v4_bx         0x00000000        0x0 linker stubs

.iplt           0x00000000        0x0
 .iplt          0x00000000        0x0 Output/Debug/Obj/twi_scanner_pca10100/main.o
                0x00000001                        . = ASSERT (((__text_start__ == __text_end__) || ((__text_end__ - __FLASH1_segment_start__) <= __FLASH1_segment_size__)), error: .text is too large to fit in FLASH1 memory segment)
                0x00005c80                        __log_const_data_load_start__ = ALIGN (__text_end__, 0x4)

.log_const_data
                0x00005c80       0x30
                0x00005c80                        __log_const_data_start__ = .
                0x00005c80                        __start_log_const_data = __log_const_data_start__
 *(SORT_BY_NAME(.log_const_data*))
 .log_const_data_PRS
                0x00005c80        0x8 Output/Debug/Obj/twi_scanner_pca10100/nrfx_prs.o
                0x00005c80                m_nrf_log_PRS_logs_data_const
 .log_const_data_TWI
                0x00005c88        0x8 Output/Debug/Obj/twi_scanner_pca10100/nrfx_twi.o
                0x00005c88                m_nrf_log_TWI_logs_data_const
 .log_const_data_TWIM
                0x00005c90        0x8 Output/Debug/Obj/twi_scanner_pca10100/nrfx_twim.o
                0x00005c90                m_nrf_log_TWIM_logs_data_const
 .log_const_data_UART
                0x00005c98        0x8 Output/Debug/Obj/twi_scanner_pca10100/nrfx_uart.o
                0x00005c98                m_nrf_log_UART_logs_data_const
 .log_const_data_UARTE
                0x00005ca0        0x8 Output/Debug/Obj/twi_scanner_pca10100/nrfx_uarte.o
                0x00005ca0                m_nrf_log_UARTE_logs_data_const
 .log_const_data_app
                0x00005ca8        0x8 Output/Debug/Obj/twi_scanner_pca10100/nrf_log_frontend.o
                0x00005ca8                m_nrf_log_app_logs_data_const
                0x00005cb0                        __log_const_data_end__ = (__log_const_data_start__ + SIZEOF (.log_const_data))
                0x00000030                        __log_const_data_size__ = SIZEOF (.log_const_data)
                0x00005cb0                        __stop_log_const_data = __log_const_data_end__
                0x00005cb0                        __log_const_data_load_end__ = __log_const_data_end__
                0x00000001                        . = ASSERT (((__log_const_data_start__ == __log_const_data_end__) || ((__log_const_data_end__ - __FLASH1_segment_start__) <= __FLASH1_segment_size__)), error: .log_const_data is too large to fit in FLASH1 memory segment)
                0x00005cb0                        __log_backends_load_start__ = ALIGN (__log_const_data_end__, 0x4)

.log_backends   0x00005cb0       0x10
                0x00005cb0                        __log_backends_start__ = .
                0x00005cb0                        __start_log_backends = __log_backends_start__
 *(SORT_BY_NAME(.log_backends*))
 .log_backends  0x00005cb0       0x10 Output/Debug/Obj/twi_scanner_pca10100/nrf_log_default_backends.o
                0x00005cc0                        __log_backends_end__ = (__log_backends_start__ + SIZEOF (.log_backends))
                0x00000010                        __log_backends_size__ = SIZEOF (.log_backends)
                0x00005cc0                        __stop_log_backends = __log_backends_end__
                0x00005cc0                        __log_backends_load_end__ = __log_backends_end__
                0x00000001                        . = ASSERT (((__log_backends_start__ == __log_backends_end__) || ((__log_backends_end__ - __FLASH1_segment_start__) <= __FLASH1_segment_size__)), error: .log_backends is too large to fit in FLASH1 memory segment)
                0x00005cc0                        __nrf_balloc_load_start__ = ALIGN (__log_backends_end__, 0x4)

.nrf_balloc     0x00005cc0       0x14
                0x00005cc0                        __nrf_balloc_start__ = .
                0x00005cc0                        __start_nrf_balloc = __nrf_balloc_start__
 *(.nrf_balloc*)
 .nrf_balloc    0x00005cc0       0x14 Output/Debug/Obj/twi_scanner_pca10100/nrf_log_frontend.o
                0x00005cc0                log_mempool
                0x00005cd4                        __nrf_balloc_end__ = (__nrf_balloc_start__ + SIZEOF (.nrf_balloc))
                0x00000014                        __nrf_balloc_size__ = SIZEOF (.nrf_balloc)
                0x00005cd4                        __stop_nrf_balloc = __nrf_balloc_end__
                0x00005cd4                        __nrf_balloc_load_end__ = __nrf_balloc_end__
                0x00000001                        . = ASSERT (((__nrf_balloc_start__ == __nrf_balloc_end__) || ((__nrf_balloc_end__ - __FLASH1_segment_start__) <= __FLASH1_segment_size__)), error: .nrf_balloc is too large to fit in FLASH1 memory segment)
                0x00005cd4                        __nrf_sections_load_start__ = ALIGN (__nrf_balloc_end__, 0x4)

.nrf_sections   0x00005cd4        0x0
                0x00005cd4                        __nrf_sections_start__ = .
                0x00005cd4                        __start_nrf_sections = __nrf_sections_start__
 *(.nrf_sections .nrf_sections.*)
                0x00005cd4                        __nrf_sections_end__ = (__nrf_sections_start__ + SIZEOF (.nrf_sections))
                0x00000000                        __nrf_sections_size__ = SIZEOF (.nrf_sections)
                0x00005cd4                        __nrf_sections_load_end__ = __nrf_sections_end__
                0x00000001                        . = ASSERT (((__nrf_sections_start__ == __nrf_sections_end__) || ((__nrf_sections_end__ - __FLASH1_segment_start__) <= __FLASH1_segment_size__)), error: .nrf_sections is too large to fit in FLASH1 memory segment)
                0x00005cd4                        __log_dynamic_data_load_start__ = ALIGN (__nrf_sections_end__, 0x4)

.log_dynamic_data
                0x20000000        0x0 load address 0x00005cd4
                0x20000000                        __log_dynamic_data_start__ = .
 *(SORT_BY_NAME(.log_dynamic_data*))
                0x20000000                        __log_dynamic_data_end__ = (__log_dynamic_data_start__ + SIZEOF (.log_dynamic_data))
                0x00000000                        __log_dynamic_data_size__ = SIZEOF (.log_dynamic_data)
                0x00005cd4                        __log_dynamic_data_load_end__ = (__log_dynamic_data_load_start__ + SIZEOF (.log_dynamic_data))
                0x00000001                        . = ASSERT (((__log_dynamic_data_load_start__ == __log_dynamic_data_load_end__) || ((__log_dynamic_data_load_end__ - __FLASH1_segment_start__) <= __FLASH1_segment_size__)), error: .log_dynamic_data is too large to fit in FLASH1 memory segment)

.log_dynamic_data_run
                0x20000000        0x0
                0x20000000                        __log_dynamic_data_run_start__ = .
                0x20000000                        __start_log_dynamic_data = __log_dynamic_data_run_start__
                0x20000000                        __log_dynamic_data_run_end__ = (__log_dynamic_data_run_start__ + SIZEOF (.log_dynamic_data))
                0x00000000                        __log_dynamic_data_run_size__ = (__log_dynamic_data_run_end__ - __log_dynamic_data_run_start__)
                0x20000000                        __stop_log_dynamic_data = __log_dynamic_data_run_end__
                0x20000000                        __log_dynamic_data_run_load_end__ = __log_dynamic_data_run_end__
                0x00000001                        . = ASSERT (((__log_dynamic_data_run_start__ == __log_dynamic_data_run_end__) || ((__log_dynamic_data_run_end__ - __RAM1_segment_start__) <= __RAM1_segment_size__)), error: .log_dynamic_data_run is too large to fit in RAM1 memory segment)
                0x00005cd4                        __log_filter_data_load_start__ = ALIGN ((__log_dynamic_data_load_start__ + SIZEOF (.log_dynamic_data)), 0x4)

.log_filter_data
                0x20000000        0x0 load address 0x00005cd4
                0x20000000                        __log_filter_data_start__ = .
 *(SORT_BY_NAME(.log_filter_data*))
                0x20000000                        __log_filter_data_end__ = (__log_filter_data_start__ + SIZEOF (.log_filter_data))
                0x00000000                        __log_filter_data_size__ = SIZEOF (.log_filter_data)
                0x00005cd4                        __log_filter_data_load_end__ = (__log_filter_data_load_start__ + SIZEOF (.log_filter_data))
                0x00000001                        . = ASSERT (((__log_filter_data_load_start__ == __log_filter_data_load_end__) || ((__log_filter_data_load_end__ - __FLASH1_segment_start__) <= __FLASH1_segment_size__)), error: .log_filter_data is too large to fit in FLASH1 memory segment)

.log_filter_data_run
                0x20000000        0x0
                0x20000000                        __log_filter_data_run_start__ = .
                0x20000000                        __start_log_filter_data = __log_filter_data_run_start__
                0x20000000                        __log_filter_data_run_end__ = (__log_filter_data_run_start__ + SIZEOF (.log_filter_data))
                0x00000000                        __log_filter_data_run_size__ = (__log_filter_data_run_end__ - __log_filter_data_run_start__)
                0x20000000                        __stop_log_filter_data = __log_filter_data_run_end__
                0x20000000                        __log_filter_data_run_load_end__ = __log_filter_data_run_end__
                0x00000001                        . = ASSERT (((__log_filter_data_run_start__ == __log_filter_data_run_end__) || ((__log_filter_data_run_end__ - __RAM1_segment_start__) <= __RAM1_segment_size__)), error: .log_filter_data_run is too large to fit in RAM1 memory segment)
                0x20000000                        __nrf_sections_run_end_load_start__ = ALIGN (__log_filter_data_run_end__, 0x4)

.nrf_sections_run_end
                0x20000000        0x0
                0x20000000                        __nrf_sections_run_end_start__ = .
                0x20000000                        __end_nrf_sections_run = __nrf_sections_run_end_start__
 *(.nrf_sections_run_end .nrf_sections_run_end.*)
                0x20000000                        __nrf_sections_run_end_end__ = (__nrf_sections_run_end_start__ + SIZEOF (.nrf_sections_run_end))
                0x00000000                        __nrf_sections_run_end_size__ = SIZEOF (.nrf_sections_run_end)
                0x20000000                        __nrf_sections_run_end_load_end__ = __nrf_sections_run_end_end__
                0x00000001                        . = ASSERT (((__nrf_sections_run_end_start__ == __nrf_sections_run_end_end__) || ((__nrf_sections_run_end_end__ - __RAM1_segment_start__) <= __RAM1_segment_size__)), error: .nrf_sections_run_end is too large to fit in RAM1 memory segment)
                0x00005cd4                        __dtors_load_start__ = ALIGN ((__log_filter_data_load_start__ + SIZEOF (.log_filter_data)), 0x4)

.dtors          0x00005cd4        0x0
                0x00005cd4                        __dtors_start__ = .
 *(SORT_BY_NAME(.dtors.*))
 *(.dtors)
 *(.fini_array)
 *(SORT_BY_NAME(.fini_array.*))
                0x00005cd4                        __dtors_end__ = (__dtors_start__ + SIZEOF (.dtors))
                0x00000000                        __dtors_size__ = SIZEOF (.dtors)
                0x00005cd4                        __dtors_load_end__ = __dtors_end__
                0x00000001                        . = ASSERT (((__dtors_start__ == __dtors_end__) || ((__dtors_end__ - __FLASH1_segment_start__) <= __FLASH1_segment_size__)), error: .dtors is too large to fit in FLASH1 memory segment)
                0x00005cd4                        __ctors_load_start__ = ALIGN (__dtors_end__, 0x4)

.ctors          0x00005cd4        0x0
                0x00005cd4                        __ctors_start__ = .
 *(SORT_BY_NAME(.ctors.*))
 *(.ctors)
 *(.init_array)
 *(SORT_BY_NAME(.init_array.*))
                0x00005cd4                        __ctors_end__ = (__ctors_start__ + SIZEOF (.ctors))
                0x00000000                        __ctors_size__ = SIZEOF (.ctors)
                0x00005cd4                        __ctors_load_end__ = __ctors_end__
                0x00000001                        . = ASSERT (((__ctors_start__ == __ctors_end__) || ((__ctors_end__ - __FLASH1_segment_start__) <= __FLASH1_segment_size__)), error: .ctors is too large to fit in FLASH1 memory segment)
                0x00005cd4                        __rodata_load_start__ = ALIGN (__ctors_end__, 0x4)

.rodata         0x00005cd4     0x11f9
                0x00005cd4                        __rodata_start__ = .
 *(.rodata .rodata.* .gnu.linkonce.r.*)
 .rodata.m_twi  0x00005cd4       0x10 Output/Debug/Obj/twi_scanner_pca10100/main.o
 .rodata        0x00005ce4       0xd1 Output/Debug/Obj/twi_scanner_pca10100/main.o
 *fill*         0x00005db5        0x3 
 .rodata        0x00005db8       0x2e Output/Debug/Obj/twi_scanner_pca10100/nrf_drv_twi.o
 *fill*         0x00005de6        0xa 
 .rodata.delay_machine_code.0
                0x00005df0        0x6 Output/Debug/Obj/twi_scanner_pca10100/nrf_drv_twi.o
 *fill*         0x00005df6        0x2 
 .rodata        0x00005df8       0x81 Output/Debug/Obj/twi_scanner_pca10100/nrfx_prs.o
 *fill*         0x00005e79        0x3 
 .rodata        0x00005e7c       0xdd Output/Debug/Obj/twi_scanner_pca10100/nrfx_twi.o
 *fill*         0x00005f59        0x3 
 .rodata        0x00005f5c       0xe2 Output/Debug/Obj/twi_scanner_pca10100/nrfx_twim.o
 *fill*         0x0000603e        0x2 
 .rodata.irq_handlers.0
                0x00006040        0x8 Output/Debug/Obj/twi_scanner_pca10100/nrfx_twim.o
 .rodata        0x00006048       0xe2 Output/Debug/Obj/twi_scanner_pca10100/nrfx_uart.o
 *fill*         0x0000612a        0x2 
 .rodata.irq_handlers.0
                0x0000612c        0x4 Output/Debug/Obj/twi_scanner_pca10100/nrfx_uart.o
 .rodata        0x00006130       0xe3 Output/Debug/Obj/twi_scanner_pca10100/nrfx_uarte.o
 *fill*         0x00006213        0x1 
 .rodata.irq_handlers.0
                0x00006214        0x4 Output/Debug/Obj/twi_scanner_pca10100/nrfx_uarte.o
 .rodata        0x00006218       0x70 Output/Debug/Obj/twi_scanner_pca10100/app_error_weak.o
 .rodata        0x00006288       0x83 Output/Debug/Obj/twi_scanner_pca10100/app_util_platform.o
 *fill*         0x0000630b        0x1 
 .rodata        0x0000630c       0x7e Output/Debug/Obj/twi_scanner_pca10100/nrf_balloc.o
 *fill*         0x0000638a        0x2 
 .rodata        0x0000638c       0x74 Output/Debug/Obj/twi_scanner_pca10100/nrf_fprintf.o
 .rodata        0x00006400       0x7b Output/Debug/Obj/twi_scanner_pca10100/nrf_fprintf_format.o
 *fill*         0x0000647b        0x1 
 .rodata._aV2C.0
                0x0000647c       0x10 Output/Debug/Obj/twi_scanner_pca10100/nrf_fprintf_format.o
 .rodata        0x0000648c       0x7e Output/Debug/Obj/twi_scanner_pca10100/nrf_memobj.o
 *fill*         0x0000650a        0x2 
 .rodata.m_unknown_str
                0x0000650c       0x13 Output/Debug/Obj/twi_scanner_pca10100/nrf_strerror.o
 *fill*         0x0000651f        0x1 
 .rodata        0x00006520      0x3bd Output/Debug/Obj/twi_scanner_pca10100/nrf_strerror.o
 *fill*         0x000068dd        0x3 
 .rodata.nrf_strerror_array
                0x000068e0      0x118 Output/Debug/Obj/twi_scanner_pca10100/nrf_strerror.o
 .rodata        0x000069f8       0xac Output/Debug/Obj/twi_scanner_pca10100/nrf_log_backend_uart.o
 .rodata.nrf_log_backend_uart_api
                0x00006aa4        0xc Output/Debug/Obj/twi_scanner_pca10100/nrf_log_backend_uart.o
                0x00006aa4                nrf_log_backend_uart_api
 .rodata        0x00006ab0       0xa1 Output/Debug/Obj/twi_scanner_pca10100/nrf_log_default_backends.o
 *fill*         0x00006b51        0x3 
 .rodata.m_log_push_ringbuf
                0x00006b54        0xc Output/Debug/Obj/twi_scanner_pca10100/nrf_log_frontend.o
 .rodata        0x00006b60       0x9d Output/Debug/Obj/twi_scanner_pca10100/nrf_log_frontend.o
 *fill*         0x00006bfd        0x3 
 .rodata        0x00006c00       0xaa Output/Debug/Obj/twi_scanner_pca10100/nrf_log_str_formatter.o
 *fill*         0x00006caa        0x2 
 .rodata.libc.__SEGGER_RTL_c_locale
                0x00006cac        0xc C:/Program Files/SEGGER/SEGGER Embedded Studio 8.10d/lib/libc_v7em_fpv4_sp_d16_hard_t_le_eabi_balanced.a(mbops.o)
                0x00006cac                __SEGGER_RTL_c_locale
 .rodata.libc..L.str
                0x00006cb8        0x2 C:/Program Files/SEGGER/SEGGER Embedded Studio 8.10d/lib/libc_v7em_fpv4_sp_d16_hard_t_le_eabi_balanced.a(mbops.o)
 *fill*         0x00006cba        0x2 
 .rodata.libc.__SEGGER_RTL_codeset_ascii
                0x00006cbc       0x20 C:/Program Files/SEGGER/SEGGER Embedded Studio 8.10d/lib/libc_v7em_fpv4_sp_d16_hard_t_le_eabi_balanced.a(mbops.o)
                0x00006cbc                __SEGGER_RTL_codeset_ascii
 .rodata.libc.__SEGGER_RTL_c_locale_abbrev_day_names
                0x00006cdc       0x1d C:/Program Files/SEGGER/SEGGER Embedded Studio 8.10d/lib/libc_v7em_fpv4_sp_d16_hard_t_le_eabi_balanced.a(mbops.o)
                0x00006cdc                __SEGGER_RTL_c_locale_abbrev_day_names
 .rodata.libc.__SEGGER_RTL_c_locale_abbrev_month_names
                0x00006cf9       0x31 C:/Program Files/SEGGER/SEGGER Embedded Studio 8.10d/lib/libc_v7em_fpv4_sp_d16_hard_t_le_eabi_balanced.a(mbops.o)
                0x00006cf9                __SEGGER_RTL_c_locale_abbrev_month_names
 .rodata.libc.__SEGGER_RTL_data_utf8_period
                0x00006d2a        0x2 C:/Program Files/SEGGER/SEGGER Embedded Studio 8.10d/lib/libc_v7em_fpv4_sp_d16_hard_t_le_eabi_balanced.a(mbops.o)
                0x00006d2a                __SEGGER_RTL_data_utf8_period
 .rodata.libc.__SEGGER_RTL_data_empty_string
                0x00006d2c        0x1 C:/Program Files/SEGGER/SEGGER Embedded Studio 8.10d/lib/libc_v7em_fpv4_sp_d16_hard_t_le_eabi_balanced.a(mbops.o)
                0x00006d2c                __SEGGER_RTL_data_empty_string
 .rodata.libc.__SEGGER_RTL_c_locale_day_names
                0x00006d2d       0x3a C:/Program Files/SEGGER/SEGGER Embedded Studio 8.10d/lib/libc_v7em_fpv4_sp_d16_hard_t_le_eabi_balanced.a(mbops.o)
 .rodata.libc.__SEGGER_RTL_c_locale_month_names
                0x00006d67       0x57 C:/Program Files/SEGGER/SEGGER Embedded Studio 8.10d/lib/libc_v7em_fpv4_sp_d16_hard_t_le_eabi_balanced.a(mbops.o)
 .rodata.libc.__SEGGER_RTL_c_locale_am_pm_indicator
                0x00006dbe        0x7 C:/Program Files/SEGGER/SEGGER Embedded Studio 8.10d/lib/libc_v7em_fpv4_sp_d16_hard_t_le_eabi_balanced.a(mbops.o)
 .rodata.libc.__SEGGER_RTL_c_locale_date_format
                0x00006dc5        0x9 C:/Program Files/SEGGER/SEGGER Embedded Studio 8.10d/lib/libc_v7em_fpv4_sp_d16_hard_t_le_eabi_balanced.a(mbops.o)
 .rodata.libc.__SEGGER_RTL_c_locale_time_format
                0x00006dce        0x9 C:/Program Files/SEGGER/SEGGER Embedded Studio 8.10d/lib/libc_v7em_fpv4_sp_d16_hard_t_le_eabi_balanced.a(mbops.o)
 .rodata.libc.__SEGGER_RTL_c_locale_date_time_format
                0x00006dd7        0xf C:/Program Files/SEGGER/SEGGER Embedded Studio 8.10d/lib/libc_v7em_fpv4_sp_d16_hard_t_le_eabi_balanced.a(mbops.o)
 *fill*         0x00006de6        0x2 
 .rodata.libc.__SEGGER_RTL_c_locale_data
                0x00006de8       0x58 C:/Program Files/SEGGER/SEGGER Embedded Studio 8.10d/lib/libc_v7em_fpv4_sp_d16_hard_t_le_eabi_balanced.a(mbops.o)
                0x00006de8                __SEGGER_RTL_c_locale_data
 .rodata.libc.__SEGGER_RTL_ascii_ctype_map
                0x00006e40       0x80 C:/Program Files/SEGGER/SEGGER Embedded Studio 8.10d/lib/libc_v7em_fpv4_sp_d16_hard_t_le_eabi_balanced.a(mbops.o)
 .rodata.libc.__SEGGER_RTL_ascii_ctype_mask
                0x00006ec0        0xd C:/Program Files/SEGGER/SEGGER Embedded Studio 8.10d/lib/libc_v7em_fpv4_sp_d16_hard_t_le_eabi_balanced.a(mbops.o)
                0x00006ecd                        __rodata_end__ = (__rodata_start__ + SIZEOF (.rodata))
                0x000011f9                        __rodata_size__ = SIZEOF (.rodata)
                0x00006ecd                        __rodata_load_end__ = __rodata_end__

.rel.dyn        0x00006ed0        0x0
 .rel.iplt      0x00006ed0        0x0 Output/Debug/Obj/twi_scanner_pca10100/main.o
                0x00000001                        . = ASSERT (((__rodata_start__ == __rodata_end__) || ((__rodata_end__ - __FLASH1_segment_start__) <= __FLASH1_segment_size__)), error: .rodata is too large to fit in FLASH1 memory segment)
                0x00006ed0                        __ARM.exidx_load_start__ = ALIGN (__rodata_end__, 0x4)

.ARM.exidx      0x00006ed0        0x0
                0x00006ed0                        __ARM.exidx_start__ = .
                0x00006ed0                        __exidx_start = __ARM.exidx_start__
 *(.ARM.exidx .ARM.exidx.*)
                0x00006ed0                        __ARM.exidx_end__ = (__ARM.exidx_start__ + SIZEOF (.ARM.exidx))
                0x00000000                        __ARM.exidx_size__ = SIZEOF (.ARM.exidx)
                0x00006ed0                        __exidx_end = __ARM.exidx_end__
                0x00006ed0                        __ARM.exidx_load_end__ = __ARM.exidx_end__
                0x00000001                        . = ASSERT (((__ARM.exidx_start__ == __ARM.exidx_end__) || ((__ARM.exidx_end__ - __FLASH1_segment_start__) <= __FLASH1_segment_size__)), error: .ARM.exidx is too large to fit in FLASH1 memory segment)
                0x00006ed0                        __fast_load_start__ = ALIGN (__ARM.exidx_end__, 0x4)

.fast           0x20000000        0x0 load address 0x00006ed0
                0x20000000                        __fast_start__ = .
 *(.fast .fast.*)
                0x20000000                        __fast_end__ = (__fast_start__ + SIZEOF (.fast))
                0x00000000                        __fast_size__ = SIZEOF (.fast)
                0x00006ed0                        __fast_load_end__ = (__fast_load_start__ + SIZEOF (.fast))
                0x00000001                        . = ASSERT (((__fast_load_start__ == __fast_load_end__) || ((__fast_load_end__ - __FLASH1_segment_start__) <= __FLASH1_segment_size__)), error: .fast is too large to fit in FLASH1 memory segment)

.fast_run       0x20000000        0x0
                0x20000000                        __fast_run_start__ = .
                0x20000000                        __fast_run_end__ = (__fast_run_start__ + SIZEOF (.fast))
                0x00000000                        __fast_run_size__ = (__fast_run_end__ - __fast_run_start__)
                0x20000000                        __fast_run_load_end__ = __fast_run_end__
                0x00000001                        . = ASSERT (((__fast_run_start__ == __fast_run_end__) || ((__fast_run_end__ - __RAM1_segment_start__) <= __RAM1_segment_size__)), error: .fast_run is too large to fit in RAM1 memory segment)
                0x00006ed0                        __data_load_start__ = ALIGN ((__fast_load_start__ + SIZEOF (.fast)), 0x4)

.data           0x20000000       0x70 load address 0x00006ed0
                0x20000000                        __data_start__ = .
 *(.data .data.* .gnu.linkonce.d.*)
 .data.SystemCoreClock
                0x20000000        0x4 Output/Debug/Obj/twi_scanner_pca10100/system_nrf52840.o
                0x20000000                SystemCoreClock
 .data.m_uart   0x20000004       0x14 Output/Debug/Obj/twi_scanner_pca10100/nrf_log_backend_uart.o
                0x20000004                m_uart
 .data.log_backend_cb_uart_log_backend
                0x20000018        0x8 Output/Debug/Obj/twi_scanner_pca10100/nrf_log_default_backends.o
 .data.m_buffer_mask
                0x20000020        0x4 Output/Debug/Obj/twi_scanner_pca10100/nrf_log_frontend.o
 .data.severity_names
                0x20000024       0x14 Output/Debug/Obj/twi_scanner_pca10100/nrf_log_str_formatter.o
 .data.m_colors
                0x20000038       0x24 Output/Debug/Obj/twi_scanner_pca10100/nrf_log_str_formatter.o
 .data.libc.__SEGGER_RTL_global_locale
                0x2000005c       0x14 C:/Program Files/SEGGER/SEGGER Embedded Studio 8.10d/lib/libc_v7em_fpv4_sp_d16_hard_t_le_eabi_balanced.a(mbops.o)
                0x2000005c                __SEGGER_RTL_global_locale
                0x2000005c                __RAL_global_locale
                0x20000070                        __data_end__ = (__data_start__ + SIZEOF (.data))
                0x00000070                        __data_size__ = SIZEOF (.data)
                0x00006f40                        __data_load_end__ = (__data_load_start__ + SIZEOF (.data))

.igot.plt       0x00000000        0x0
 .igot.plt      0x00000000        0x0 Output/Debug/Obj/twi_scanner_pca10100/main.o
                0x00000001                        . = ASSERT (((__data_load_start__ == __data_load_end__) || ((__data_load_end__ - __FLASH1_segment_start__) <= __FLASH1_segment_size__)), error: .data is too large to fit in FLASH1 memory segment)

.data_run       0x20000000        0x0
                0x20000000                        __data_run_start__ = .
                0x20000070                        __data_run_end__ = (__data_run_start__ + SIZEOF (.data))
                0x00000070                        __data_run_size__ = (__data_run_end__ - __data_run_start__)
                0x20000070                        __data_run_load_end__ = __data_run_end__
                0x00000001                        . = ASSERT (((__data_run_start__ == __data_run_end__) || ((__data_run_end__ - __RAM1_segment_start__) <= __RAM1_segment_size__)), error: .data_run is too large to fit in RAM1 memory segment)
                0x00006f40                        __tdata_load_start__ = ALIGN ((__data_load_start__ + SIZEOF (.data)), 0x4)

.tdata          0x20000070        0x0 load address 0x00006f40
                0x20000070                        __tdata_start__ = .
 *(.tdata .tdata.*)
                0x20000070                        __tdata_end__ = (__tdata_start__ + SIZEOF (.tdata))
                0x00000000                        __tdata_size__ = SIZEOF (.tdata)
                0x00006f40                        __tdata_load_end__ = (__tdata_load_start__ + SIZEOF (.tdata))
                0x00006f40                        __FLASH1_segment_used_end__ = (ALIGN ((__data_load_start__ + SIZEOF (.data)), 0x4) + SIZEOF (.tdata))
                0x00006f40                        __FLASH1_segment_used_size__ = (__FLASH1_segment_used_end__ - __FLASH1_segment_start__)
                0x00000001                        . = ASSERT (((__tdata_load_start__ == __tdata_load_end__) || ((__tdata_load_end__ - __FLASH1_segment_start__) <= __FLASH1_segment_size__)), error: .tdata is too large to fit in FLASH1 memory segment)

.tdata_run      0x20000070        0x0
                0x20000070                        __tdata_run_start__ = .
                0x20000070                        __tdata_run_end__ = (__tdata_run_start__ + SIZEOF (.tdata))
                0x00000000                        __tdata_run_size__ = (__tdata_run_end__ - __tdata_run_start__)
                0x20000070                        __tdata_run_load_end__ = __tdata_run_end__
                0x00000001                        . = ASSERT (((__tdata_run_start__ == __tdata_run_end__) || ((__tdata_run_end__ - __RAM1_segment_start__) <= __RAM1_segment_size__)), error: .tdata_run is too large to fit in RAM1 memory segment)
                0x20000070                        __bss_load_start__ = ALIGN (__tdata_run_end__, 0x4)

.bss            0x20000070      0x6dc
                0x20000070                        __bss_start__ = .
 *(.bss .bss.* .gnu.linkonce.b.*)
 .bss.m_handlers
                0x20000070        0x8 Output/Debug/Obj/twi_scanner_pca10100/nrf_drv_twi.o
 .bss.m_contexts
                0x20000078        0x8 Output/Debug/Obj/twi_scanner_pca10100/nrf_drv_twi.o
 .bss.m_handlers
                0x20000080        0x8 Output/Debug/Obj/twi_scanner_pca10100/nrf_drv_uart.o
 .bss.m_contexts
                0x20000088        0x8 Output/Debug/Obj/twi_scanner_pca10100/nrf_drv_uart.o
 .bss.nrf_drv_uart_use_easy_dma
                0x20000090        0x2 Output/Debug/Obj/twi_scanner_pca10100/nrf_drv_uart.o
                0x20000090                nrf_drv_uart_use_easy_dma
 *fill*         0x20000092        0x2 
 .bss.m_prs_box_4
                0x20000094        0x8 Output/Debug/Obj/twi_scanner_pca10100/nrfx_prs.o
 .bss.m_cb      0x2000009c       0x68 Output/Debug/Obj/twi_scanner_pca10100/nrfx_twim.o
 .bss.m_cb      0x20000104       0x2c Output/Debug/Obj/twi_scanner_pca10100/nrfx_uart.o
 .bss.m_cb      0x20000130       0x24 Output/Debug/Obj/twi_scanner_pca10100/nrfx_uarte.o
 .bss.m_error_data.0
                0x20000154       0x20 Output/Debug/Obj/twi_scanner_pca10100/app_error.o
 .bss.m_in_critical_region
                0x20000174        0x4 Output/Debug/Obj/twi_scanner_pca10100/app_util_platform.o
 .bss.m_string_buff
                0x20000178       0x40 Output/Debug/Obj/twi_scanner_pca10100/nrf_log_backend_uart.o
 .bss.m_xfer_done
                0x200001b8        0x1 Output/Debug/Obj/twi_scanner_pca10100/nrf_log_backend_uart.o
 .bss.m_async_mode
                0x200001b9        0x1 Output/Debug/Obj/twi_scanner_pca10100/nrf_log_backend_uart.o
 *fill*         0x200001ba        0x2 
 .bss.log_mempool_nrf_balloc_pool_stack
                0x200001bc        0x8 Output/Debug/Obj/twi_scanner_pca10100/nrf_log_frontend.o
 .bss.log_mempool_nrf_balloc_pool_mem
                0x200001c4       0xc0 Output/Debug/Obj/twi_scanner_pca10100/nrf_log_frontend.o
 .bss.log_mempool_nrf_balloc_cb
                0x20000284        0x8 Output/Debug/Obj/twi_scanner_pca10100/nrf_log_frontend.o
 .bss.m_log_push_ringbuf_buf
                0x2000028c       0x80 Output/Debug/Obj/twi_scanner_pca10100/nrf_log_frontend.o
 .bss.m_log_push_ringbuf_cb
                0x2000030c       0x18 Output/Debug/Obj/twi_scanner_pca10100/nrf_log_frontend.o
 .bss.m_log_data
                0x20000324      0x420 Output/Debug/Obj/twi_scanner_pca10100/nrf_log_frontend.o
 .bss.libc.__SEGGER_RTL_locale_ptr
                0x20000744        0x4 C:/Program Files/SEGGER/SEGGER Embedded Studio 8.10d/lib/libc_v7em_fpv4_sp_d16_hard_t_le_eabi_balanced.a(mbops.o)
                0x20000744                __SEGGER_RTL_locale_ptr
 .bss.libc.__SEGGER_RTL_heap_globals.0
                0x20000748        0x4 C:/Program Files/SEGGER/SEGGER Embedded Studio 8.10d/lib/heapops_basic_v7em_fpv4_sp_d16_hard_t_le_eabi_balanced.a(heapops_basic.o)
 *(COMMON)
                0x2000074c                        __bss_end__ = (__bss_start__ + SIZEOF (.bss))
                0x000006dc                        __bss_size__ = SIZEOF (.bss)
                0x2000074c                        __bss_load_end__ = __bss_end__
                0x00000001                        . = ASSERT (((__bss_start__ == __bss_end__) || ((__bss_end__ - __RAM1_segment_start__) <= __RAM1_segment_size__)), error: .bss is too large to fit in RAM1 memory segment)
                0x2000074c                        __tbss_load_start__ = ALIGN (__bss_end__, 0x4)

.tbss           0x2000074c        0x0
                0x2000074c                        __tbss_start__ = .
 *(.tbss .tbss.*)
                0x2000074c                        __tbss_end__ = (__tbss_start__ + SIZEOF (.tbss))
                0x00000000                        __tbss_size__ = SIZEOF (.tbss)
                0x2000074c                        __tbss_load_end__ = __tbss_end__
                0x00000001                        . = ASSERT (((__tbss_start__ == __tbss_end__) || ((__tbss_end__ - __RAM1_segment_start__) <= __RAM1_segment_size__)), error: .tbss is too large to fit in RAM1 memory segment)
                0x2000074c                        __non_init_load_start__ = ALIGN (__tbss_end__, 0x4)

.non_init       0x2000074c        0x0
                0x2000074c                        __non_init_start__ = .
 *(.non_init .non_init.*)
                0x2000074c                        __non_init_end__ = (__non_init_start__ + SIZEOF (.non_init))
                0x00000000                        __non_init_size__ = SIZEOF (.non_init)
                0x2000074c                        __non_init_load_end__ = __non_init_end__
                0x00000001                        . = ASSERT (((__non_init_start__ == __non_init_end__) || ((__non_init_end__ - __RAM1_segment_start__) <= __RAM1_segment_size__)), error: .non_init is too large to fit in RAM1 memory segment)
                0x2000074c                        __heap_load_start__ = ALIGN (__non_init_end__, 0x4)

.heap           0x2000074c     0x2000
                0x2000074c                        __heap_start__ = .
 *(.heap .heap.*)
                0x2000274c                        . = ALIGN (MAX ((__heap_start__ + __HEAPSIZE__), .), 0x4)
 *fill*         0x2000074c     0x2000 
                0x2000274c                        __heap_end__ = (__heap_start__ + SIZEOF (.heap))
                0x00002000                        __heap_size__ = SIZEOF (.heap)
                0x2000274c                        __heap_load_end__ = __heap_end__
                0x00000001                        . = ASSERT (((__heap_start__ == __heap_end__) || ((__heap_end__ - __RAM1_segment_start__) <= __RAM1_segment_size__)), error: .heap is too large to fit in RAM1 memory segment)
                0x00000001                        . = ASSERT ((__HEAPSIZE__ == ALIGN (__HEAPSIZE__, 0x4)), error: .heap section size does not match alignment)
                0x00000001                        . = ASSERT ((__heap_size__ <= __HEAPSIZE__), error: .heap section is larger than specified size)
                0x2001e000                        __stack_load_start__ = (__RAM1_segment_start__ + (__RAM1_segment_size__ - 0x2000))

.stack          0x2001e000     0x2000
                0x2001e000                        __stack_start__ = .
                0x2001e000                        __StackLimit = __stack_start__
 *(.stack .stack.*)
                0x20020000                        . = ALIGN (MAX ((__stack_start__ + __STACKSIZE__), .), 0x8)
 *fill*         0x2001e000     0x2000 
                0x20020000                        __stack_end__ = (__stack_start__ + SIZEOF (.stack))
                0x00002000                        __stack_size__ = SIZEOF (.stack)
                0x20020000                        __StackTop = __stack_end__
                0x20020000                        __stack_load_end__ = __stack_end__
                0x00000001                        . = ASSERT (((__stack_start__ == __stack_end__) || ((__stack_end__ - __RAM1_segment_start__) <= __RAM1_segment_size__)), error: .stack is too large to fit in RAM1 memory segment)
                0x00000001                        . = ASSERT ((__heap_end__ <= __stack_start__), error: section .heap overlaps absolute placed section .stack)
                0x00000001                        . = ASSERT ((__STACKSIZE__ == ALIGN (__STACKSIZE__, 0x8)), error: .stack section size does not match alignment)
                0x00000001                        . = ASSERT ((__stack_size__ <= __STACKSIZE__), error: .stack section is larger than specified size)
                0x20020000                        __stack_process_load_start__ = ALIGN (__stack_end__, 0x8)

.stack_process  0x20020000        0x0
                0x20020000                        __stack_process_start__ = .
 *(.stack_process .stack_process.*)
                0x20020000                        . = ALIGN (MAX ((__stack_process_start__ + __STACKSIZE_PROCESS__), .), 0x8)
                0x20020000                        __stack_process_end__ = (__stack_process_start__ + SIZEOF (.stack_process))
                0x00000000                        __stack_process_size__ = SIZEOF (.stack_process)
                0x20020000                        __stack_process_load_end__ = __stack_process_end__
                0x20020000                        __RAM1_segment_used_end__ = (ALIGN (__stack_end__, 0x8) + SIZEOF (.stack_process))
                0x00020000                        __RAM1_segment_used_size__ = (__RAM1_segment_used_end__ - __RAM1_segment_start__)
                0x00000001                        . = ASSERT (((__stack_process_start__ == __stack_process_end__) || ((__stack_process_end__ - __RAM1_segment_start__) <= __RAM1_segment_size__)), error: .stack_process is too large to fit in RAM1 memory segment)
                0x00000001                        . = ASSERT ((__STACKSIZE_PROCESS__ == ALIGN (__STACKSIZE_PROCESS__, 0x8)), error: .stack_process section size does not match alignment)
                0x00000001                        . = ASSERT ((__stack_process_size__ <= __STACKSIZE_PROCESS__), error: .stack_process section is larger than specified size)
START GROUP
LOAD Output/Debug/Obj/twi_scanner_pca10100/main.o
LOAD Output/Debug/Obj/twi_scanner_pca10100/boards.o
LOAD Output/Debug/Obj/twi_scanner_pca10100/ses_startup_nrf52840.o
LOAD Output/Debug/Obj/twi_scanner_pca10100/ses_startup_nrf_common.o
LOAD Output/Debug/Obj/twi_scanner_pca10100/system_nrf52840.o
LOAD Output/Debug/Obj/twi_scanner_pca10100/thumb_crt0.o
LOAD Output/Debug/Obj/twi_scanner_pca10100/nrf_drv_twi.o
LOAD Output/Debug/Obj/twi_scanner_pca10100/nrf_drv_uart.o
LOAD Output/Debug/Obj/twi_scanner_pca10100/nrfx_atomic.o
LOAD Output/Debug/Obj/twi_scanner_pca10100/nrfx_prs.o
LOAD Output/Debug/Obj/twi_scanner_pca10100/nrfx_twi.o
LOAD Output/Debug/Obj/twi_scanner_pca10100/nrfx_twim.o
LOAD Output/Debug/Obj/twi_scanner_pca10100/nrfx_uart.o
LOAD Output/Debug/Obj/twi_scanner_pca10100/nrfx_uarte.o
LOAD Output/Debug/Obj/twi_scanner_pca10100/app_error.o
LOAD Output/Debug/Obj/twi_scanner_pca10100/app_error_handler_gcc.o
LOAD Output/Debug/Obj/twi_scanner_pca10100/app_error_weak.o
LOAD Output/Debug/Obj/twi_scanner_pca10100/app_util_platform.o
LOAD Output/Debug/Obj/twi_scanner_pca10100/nrf_assert.o
LOAD Output/Debug/Obj/twi_scanner_pca10100/nrf_atomic.o
LOAD Output/Debug/Obj/twi_scanner_pca10100/nrf_balloc.o
LOAD Output/Debug/Obj/twi_scanner_pca10100/nrf_fprintf.o
LOAD Output/Debug/Obj/twi_scanner_pca10100/nrf_fprintf_format.o
LOAD Output/Debug/Obj/twi_scanner_pca10100/nrf_memobj.o
LOAD Output/Debug/Obj/twi_scanner_pca10100/nrf_ringbuf.o
LOAD Output/Debug/Obj/twi_scanner_pca10100/nrf_strerror.o
LOAD Output/Debug/Obj/twi_scanner_pca10100/nrf_log_backend_rtt.o
LOAD Output/Debug/Obj/twi_scanner_pca10100/nrf_log_backend_serial.o
LOAD Output/Debug/Obj/twi_scanner_pca10100/nrf_log_backend_uart.o
LOAD Output/Debug/Obj/twi_scanner_pca10100/nrf_log_default_backends.o
LOAD Output/Debug/Obj/twi_scanner_pca10100/nrf_log_frontend.o
LOAD Output/Debug/Obj/twi_scanner_pca10100/nrf_log_str_formatter.o
LOAD Output/Debug/Obj/twi_scanner_pca10100/SEGGER_RTT.o
LOAD Output/Debug/Obj/twi_scanner_pca10100/SEGGER_RTT_printf.o
LOAD C:/Program Files/SEGGER/SEGGER Embedded Studio 8.10d/lib/libc_v7em_fpv4_sp_d16_hard_t_le_eabi_balanced.a
LOAD C:/Program Files/SEGGER/SEGGER Embedded Studio 8.10d/lib/prinops_rtt_v7em_fpv4_sp_d16_hard_t_le_eabi_balanced.a
LOAD C:/Program Files/SEGGER/SEGGER Embedded Studio 8.10d/lib/heapops_basic_v7em_fpv4_sp_d16_hard_t_le_eabi_balanced.a
LOAD C:/Program Files/SEGGER/SEGGER Embedded Studio 8.10d/lib/heapops_disable_interrupts_locking_v7em_fpv4_sp_d16_hard_t_le_eabi_balanced.a
LOAD C:/Program Files/SEGGER/SEGGER Embedded Studio 8.10d/lib/strops_unaligned_v7em_fpv4_sp_d16_hard_t_le_eabi_balanced.a
END GROUP
OUTPUT(C:/Users/Ahmed/Downloads/Daspod-sdkl/nRF5_SDK_17.1.0_ddde560/nRF5_SDK_17.1.0_ddde560/examples/peripheral/twi_scanner/pca10100/blank/ses/Output/Debug/Exe/twi_scanner_pca10100.elf elf32-littlearm)
LOAD linker stubs

.debug_info     0x00000000    0x1599f
 .debug_info    0x00000000      0xe7b Output/Debug/Obj/twi_scanner_pca10100/main.o
 .debug_info    0x00000e7b       0x23 Output/Debug/Obj/twi_scanner_pca10100/ses_startup_nrf52840.o
 .debug_info    0x00000e9e       0x23 Output/Debug/Obj/twi_scanner_pca10100/ses_startup_nrf_common.o
 .debug_info    0x00000ec1     0x38e4 Output/Debug/Obj/twi_scanner_pca10100/system_nrf52840.o
 .debug_info    0x000047a5       0x22 Output/Debug/Obj/twi_scanner_pca10100/thumb_crt0.o
 .debug_info    0x000047c7     0x1390 Output/Debug/Obj/twi_scanner_pca10100/nrf_drv_twi.o
 .debug_info    0x00005b57     0x11b8 Output/Debug/Obj/twi_scanner_pca10100/nrf_drv_uart.o
 .debug_info    0x00006d0f      0x78f Output/Debug/Obj/twi_scanner_pca10100/nrfx_prs.o
 .debug_info    0x0000749e     0x1d3d Output/Debug/Obj/twi_scanner_pca10100/nrfx_twi.o
 .debug_info    0x000091db     0x1ee6 Output/Debug/Obj/twi_scanner_pca10100/nrfx_twim.o
 .debug_info    0x0000b0c1     0x1ec5 Output/Debug/Obj/twi_scanner_pca10100/nrfx_uart.o
 .debug_info    0x0000cf86     0x1fe6 Output/Debug/Obj/twi_scanner_pca10100/nrfx_uarte.o
 .debug_info    0x0000ef6c      0x289 Output/Debug/Obj/twi_scanner_pca10100/app_error.o
 .debug_info    0x0000f1f5      0x101 Output/Debug/Obj/twi_scanner_pca10100/app_error_handler_gcc.o
 .debug_info    0x0000f2f6      0x355 Output/Debug/Obj/twi_scanner_pca10100/app_error_weak.o
 .debug_info    0x0000f64b      0x767 Output/Debug/Obj/twi_scanner_pca10100/app_util_platform.o
 .debug_info    0x0000fdb2      0x135 Output/Debug/Obj/twi_scanner_pca10100/nrf_assert.o
 .debug_info    0x0000fee7      0x879 Output/Debug/Obj/twi_scanner_pca10100/nrf_atomic.o
 .debug_info    0x00010760      0x31b Output/Debug/Obj/twi_scanner_pca10100/nrf_balloc.o
 .debug_info    0x00010a7b      0x235 Output/Debug/Obj/twi_scanner_pca10100/nrf_fprintf.o
 .debug_info    0x00010cb0      0x4c3 Output/Debug/Obj/twi_scanner_pca10100/nrf_fprintf_format.o
 .debug_info    0x00011173      0x763 Output/Debug/Obj/twi_scanner_pca10100/nrf_memobj.o
 .debug_info    0x000118d6      0x511 Output/Debug/Obj/twi_scanner_pca10100/nrf_ringbuf.o
 .debug_info    0x00011de7      0x1c9 Output/Debug/Obj/twi_scanner_pca10100/nrf_strerror.o
 .debug_info    0x00011fb0      0x6e6 Output/Debug/Obj/twi_scanner_pca10100/nrf_log_backend_serial.o
 .debug_info    0x00012696     0x10ca Output/Debug/Obj/twi_scanner_pca10100/nrf_log_backend_uart.o
 .debug_info    0x00013760      0x2d6 Output/Debug/Obj/twi_scanner_pca10100/nrf_log_default_backends.o
 .debug_info    0x00013a36     0x1a5d Output/Debug/Obj/twi_scanner_pca10100/nrf_log_frontend.o
 .debug_info    0x00015493      0x50c Output/Debug/Obj/twi_scanner_pca10100/nrf_log_str_formatter.o

.debug_abbrev   0x00000000     0x38cc
 .debug_abbrev  0x00000000      0x2cc Output/Debug/Obj/twi_scanner_pca10100/main.o
 .debug_abbrev  0x000002cc       0x14 Output/Debug/Obj/twi_scanner_pca10100/ses_startup_nrf52840.o
 .debug_abbrev  0x000002e0       0x14 Output/Debug/Obj/twi_scanner_pca10100/ses_startup_nrf_common.o
 .debug_abbrev  0x000002f4      0x252 Output/Debug/Obj/twi_scanner_pca10100/system_nrf52840.o
 .debug_abbrev  0x00000546       0x12 Output/Debug/Obj/twi_scanner_pca10100/thumb_crt0.o
 .debug_abbrev  0x00000558      0x2d6 Output/Debug/Obj/twi_scanner_pca10100/nrf_drv_twi.o
 .debug_abbrev  0x0000082e      0x205 Output/Debug/Obj/twi_scanner_pca10100/nrf_drv_uart.o
 .debug_abbrev  0x00000a33      0x205 Output/Debug/Obj/twi_scanner_pca10100/nrfx_prs.o
 .debug_abbrev  0x00000c38      0x3c1 Output/Debug/Obj/twi_scanner_pca10100/nrfx_twi.o
 .debug_abbrev  0x00000ff9      0x3b6 Output/Debug/Obj/twi_scanner_pca10100/nrfx_twim.o
 .debug_abbrev  0x000013af      0x3ce Output/Debug/Obj/twi_scanner_pca10100/nrfx_uart.o
 .debug_abbrev  0x0000177d      0x396 Output/Debug/Obj/twi_scanner_pca10100/nrfx_uarte.o
 .debug_abbrev  0x00001b13      0x13f Output/Debug/Obj/twi_scanner_pca10100/app_error.o
 .debug_abbrev  0x00001c52       0xa5 Output/Debug/Obj/twi_scanner_pca10100/app_error_handler_gcc.o
 .debug_abbrev  0x00001cf7      0x1ac Output/Debug/Obj/twi_scanner_pca10100/app_error_weak.o
 .debug_abbrev  0x00001ea3      0x275 Output/Debug/Obj/twi_scanner_pca10100/app_util_platform.o
 .debug_abbrev  0x00002118       0xd6 Output/Debug/Obj/twi_scanner_pca10100/nrf_assert.o
 .debug_abbrev  0x000021ee      0x130 Output/Debug/Obj/twi_scanner_pca10100/nrf_atomic.o
 .debug_abbrev  0x0000231e      0x1ae Output/Debug/Obj/twi_scanner_pca10100/nrf_balloc.o
 .debug_abbrev  0x000024cc      0x12a Output/Debug/Obj/twi_scanner_pca10100/nrf_fprintf.o
 .debug_abbrev  0x000025f6      0x1fa Output/Debug/Obj/twi_scanner_pca10100/nrf_fprintf_format.o
 .debug_abbrev  0x000027f0      0x1ee Output/Debug/Obj/twi_scanner_pca10100/nrf_memobj.o
 .debug_abbrev  0x000029de      0x13e Output/Debug/Obj/twi_scanner_pca10100/nrf_ringbuf.o
 .debug_abbrev  0x00002b1c       0xf5 Output/Debug/Obj/twi_scanner_pca10100/nrf_strerror.o
 .debug_abbrev  0x00002c11      0x1d3 Output/Debug/Obj/twi_scanner_pca10100/nrf_log_backend_serial.o
 .debug_abbrev  0x00002de4      0x2d9 Output/Debug/Obj/twi_scanner_pca10100/nrf_log_backend_uart.o
 .debug_abbrev  0x000030bd      0x17b Output/Debug/Obj/twi_scanner_pca10100/nrf_log_default_backends.o
 .debug_abbrev  0x00003238      0x4c8 Output/Debug/Obj/twi_scanner_pca10100/nrf_log_frontend.o
 .debug_abbrev  0x00003700      0x1cc Output/Debug/Obj/twi_scanner_pca10100/nrf_log_str_formatter.o

.debug_pubnames
                0x00000000     0x72a0
 .debug_pubnames
                0x00000000      0x372 Output/Debug/Obj/twi_scanner_pca10100/main.o
 .debug_pubnames
                0x00000372     0x1ed5 Output/Debug/Obj/twi_scanner_pca10100/system_nrf52840.o
 .debug_pubnames
                0x00002247      0x1f3 Output/Debug/Obj/twi_scanner_pca10100/nrf_drv_twi.o
 .debug_pubnames
                0x0000243a       0xf2 Output/Debug/Obj/twi_scanner_pca10100/nrf_drv_uart.o
 .debug_pubnames